Archive member included to satisfy reference by file (symbol)

C:/Users/Wasley/.pico-sdk/toolchain/14_2_Rel1/bin/../lib/gcc/arm-none-eabi/14.2.1/thumb/v6-m/nofp\libgcc.a(_dvmd_tls.o)
                              CMakeFiles/picow_access_point_poll.dir/c107034687c0993b5a865fece4371777/pico_divider/divider_hardware.S.obj (__aeabi_idiv0)
C:/Users/Wasley/.pico-sdk/toolchain/14_2_Rel1/bin/../lib/gcc/arm-none-eabi/14.2.1/thumb/v6-m/nofp\libg.a(libc_a-atoi.o)
                              CMakeFiles/picow_access_point_poll.dir/C_/Users/Wasley/.pico-sdk/sdk/2.1.1/lib/lwip/src/core/netif.c.obj (atoi)
C:/Users/Wasley/.pico-sdk/toolchain/14_2_Rel1/bin/../lib/gcc/arm-none-eabi/14.2.1/thumb/v6-m/nofp\libg.a(libc_a-calloc.o)
                              CMakeFiles/picow_access_point_poll.dir/68facaa553a6734d13687344bae9af44/rp2_common/pico_malloc/malloc.c.obj (calloc)
C:/Users/Wasley/.pico-sdk/toolchain/14_2_Rel1/bin/../lib/gcc/arm-none-eabi/14.2.1/thumb/v6-m/nofp\libg.a(libc_a-callocr.o)
                              C:/Users/Wasley/.pico-sdk/toolchain/14_2_Rel1/bin/../lib/gcc/arm-none-eabi/14.2.1/thumb/v6-m/nofp\libg.a(libc_a-calloc.o) (_calloc_r)
C:/Users/Wasley/.pico-sdk/toolchain/14_2_Rel1/bin/../lib/gcc/arm-none-eabi/14.2.1/thumb/v6-m/nofp\libg.a(libc_a-malloc.o)
                              CMakeFiles/picow_access_point_poll.dir/68facaa553a6734d13687344bae9af44/rp2_common/pico_malloc/malloc.c.obj (malloc)
C:/Users/Wasley/.pico-sdk/toolchain/14_2_Rel1/bin/../lib/gcc/arm-none-eabi/14.2.1/thumb/v6-m/nofp\libg.a(libc_a-mallocr.o)
                              C:/Users/Wasley/.pico-sdk/toolchain/14_2_Rel1/bin/../lib/gcc/arm-none-eabi/14.2.1/thumb/v6-m/nofp\libg.a(libc_a-callocr.o) (_malloc_r)
C:/Users/Wasley/.pico-sdk/toolchain/14_2_Rel1/bin/../lib/gcc/arm-none-eabi/14.2.1/thumb/v6-m/nofp\libg.a(libc_a-mlock.o)
                              C:/Users/Wasley/.pico-sdk/toolchain/14_2_Rel1/bin/../lib/gcc/arm-none-eabi/14.2.1/thumb/v6-m/nofp\libg.a(libc_a-mallocr.o) (__malloc_lock)
C:/Users/Wasley/.pico-sdk/toolchain/14_2_Rel1/bin/../lib/gcc/arm-none-eabi/14.2.1/thumb/v6-m/nofp\libg.a(libc_a-realloc.o)
                              CMakeFiles/picow_access_point_poll.dir/68facaa553a6734d13687344bae9af44/rp2_common/pico_malloc/malloc.c.obj (realloc)
C:/Users/Wasley/.pico-sdk/toolchain/14_2_Rel1/bin/../lib/gcc/arm-none-eabi/14.2.1/thumb/v6-m/nofp\libg.a(libc_a-reallocr.o)
                              C:/Users/Wasley/.pico-sdk/toolchain/14_2_Rel1/bin/../lib/gcc/arm-none-eabi/14.2.1/thumb/v6-m/nofp\libg.a(libc_a-realloc.o) (_realloc_r)
C:/Users/Wasley/.pico-sdk/toolchain/14_2_Rel1/bin/../lib/gcc/arm-none-eabi/14.2.1/thumb/v6-m/nofp\libg.a(libc_a-strtol.o)
                              C:/Users/Wasley/.pico-sdk/toolchain/14_2_Rel1/bin/../lib/gcc/arm-none-eabi/14.2.1/thumb/v6-m/nofp\libg.a(libc_a-atoi.o) (_strtol_r)
C:/Users/Wasley/.pico-sdk/toolchain/14_2_Rel1/bin/../lib/gcc/arm-none-eabi/14.2.1/thumb/v6-m/nofp\libg.a(libc_a-ctype_.o)
                              CMakeFiles/picow_access_point_poll.dir/ssd1306_i2c.c.obj (_ctype_)
C:/Users/Wasley/.pico-sdk/toolchain/14_2_Rel1/bin/../lib/gcc/arm-none-eabi/14.2.1/thumb/v6-m/nofp\libg.a(libc_a-sscanf.o)
                              CMakeFiles/picow_access_point_poll.dir/picow_access_point.c.obj (sscanf)
C:/Users/Wasley/.pico-sdk/toolchain/14_2_Rel1/bin/../lib/gcc/arm-none-eabi/14.2.1/thumb/v6-m/nofp\libg.a(libc_a-stdio.o)
                              C:/Users/Wasley/.pico-sdk/toolchain/14_2_Rel1/bin/../lib/gcc/arm-none-eabi/14.2.1/thumb/v6-m/nofp\libg.a(libc_a-sscanf.o) (__seofread)
C:/Users/Wasley/.pico-sdk/toolchain/14_2_Rel1/bin/../lib/gcc/arm-none-eabi/14.2.1/thumb/v6-m/nofp\libg.a(libc_a-memcmp.o)
                              CMakeFiles/picow_access_point_poll.dir/dhcpserver/dhcpserver.c.obj (memcmp)
C:/Users/Wasley/.pico-sdk/toolchain/14_2_Rel1/bin/../lib/gcc/arm-none-eabi/14.2.1/thumb/v6-m/nofp\libg.a(libc_a-memmove.o)
                              CMakeFiles/picow_access_point_poll.dir/C_/Users/Wasley/.pico-sdk/sdk/2.1.1/lib/lwip/src/core/def.c.obj (memmove)
C:/Users/Wasley/.pico-sdk/toolchain/14_2_Rel1/bin/../lib/gcc/arm-none-eabi/14.2.1/thumb/v6-m/nofp\libg.a(libc_a-strchr.o)
                              CMakeFiles/picow_access_point_poll.dir/picow_access_point.c.obj (strchr)
C:/Users/Wasley/.pico-sdk/toolchain/14_2_Rel1/bin/../lib/gcc/arm-none-eabi/14.2.1/thumb/v6-m/nofp\libg.a(libc_a-strncmp.o)
                              CMakeFiles/picow_access_point_poll.dir/picow_access_point.c.obj (strncmp)
C:/Users/Wasley/.pico-sdk/toolchain/14_2_Rel1/bin/../lib/gcc/arm-none-eabi/14.2.1/thumb/v6-m/nofp\libg.a(libc_a-strtok.o)
                              CMakeFiles/picow_access_point_poll.dir/picow_access_point.c.obj (strtok)
C:/Users/Wasley/.pico-sdk/toolchain/14_2_Rel1/bin/../lib/gcc/arm-none-eabi/14.2.1/thumb/v6-m/nofp\libg.a(libc_a-strtok_r.o)
[...]
Memory Configuration

Name             Origin             Length             Attributes
FLASH            0x10000000         0x00200000         xr
RAM              0x20000000         0x00040000         xrw
SCRATCH_X        0x20040000         0x00001000         xrw
SCRATCH_Y        0x20041000         0x00001000         xrw
*default*        0x00000000         0xffffffff

Linker script and memory map

LOAD C:/Users/Wasley/.pico-sdk/toolchain/14_2_Rel1/bin/../lib/gcc/arm-none-eabi/14.2.1/thumb/v6-m/nofp/crti.o
LOAD C:/Users/Wasley/.pico-sdk/toolchain/14_2_Rel1/bin/../lib/gcc/arm-none-eabi/14.2.1/thumb/v6-m/nofp/crtbegin.o
LOAD C:/Users/Wasley/.pico-sdk/toolchain/14_2_Rel1/bin/../lib/gcc/arm-none-eabi/14.2.1/thumb/v6-m/nofp/crt0.o

.flash_begin    0x10000000        0x0
                0x10000000                        __flash_binary_start = .

.boot2          0x10000000      0x100
                0x10000000                        __boot2_start__ = .
 *(.boot2)
 .boot2         0x10000000      0x100 pico-sdk/src/rp2040/boot_stage2/CMakeFiles/bs2_default_library.dir/./bs2_default_padded_checksummed.S.obj
                0x10000100                        __boot2_end__ = .
                0x00000001                        ASSERT (((__boot2_end__ - __boot2_start__) == 0x100), ERROR: Pico second stage bootloader must be 256 bytes in size)

.text           0x10000100    0x1a48c
                0x10000100                        __logical_binary_start = .
 *(.vectors)
 .vectors       0x10000100       0xd4 CMakeFiles/picow_access_point_poll.dir/f28c238e21a8d7a415328780295072c0/src/rp2_common/pico_crt0/crt0.S.obj
                0x10000100                __VECTOR_TABLE
                0x10000100                __vectors
                0x100001c0                isr_invalid
                0x100001c0                __default_isrs_start
                0x100001c2                isr_nmi
                0x100001c4                isr_hardfault
                0x100001c6                isr_svcall
                0x100001c8                isr_pendsv
                0x100001ca                isr_systick
                0x100001cc                isr_irq23
                0x100001cc                isr_irq18
                0x100001cc                isr_irq11
                0x100001cc                isr_irq28
                0x100001cc                isr_irq19
                0x100001cc                isr_irq0
                0x100001cc                isr_irq6
                0x100001cc                isr_irq5
                0x100001cc                isr_irq12
                0x100001cc                isr_irq22
                0x100001cc                isr_irq31
                0x100001cc                isr_irq17
                0x100001cc                isr_irq27
                0x100001cc                isr_irq30
                0x100001cc                isr_irq2
                0x100001cc                isr_irq10
                0x100001cc                isr_irq8
                0x100001cc                isr_irq24
                0x100001cc                isr_irq1
                0x100001cc                isr_irq7
                0x100001cc                isr_irq21
                0x100001cc                isr_irq20
                0x100001cc                isr_irq15
                0x100001cc                isr_irq25
                0x100001cc                isr_irq13
                0x100001cc                __unhandled_user_irq
                0x100001cc                isr_irq4
                0x100001cc                isr_irq16
                0x100001cc                isr_irq29
                0x100001cc                isr_irq26
                0x100001cc                __default_isrs_end
                0x100001cc                isr_irq3
                0x100001cc                isr_irq14
                0x100001cc                isr_irq9
                0x100001d2                unhandled_user_irq_num_in_r0
 *(.binary_info_header)
 .binary_info_header
                0x100001d4       0x14 CMakeFiles/picow_access_point_poll.dir/f28c238e21a8d7a415328780295072c0/src/rp2_common/pico_crt0/crt0.S.obj
                0x100001e8                        __binary_info_header_end = .
 *(.embedded_block)
                0x100001e8                        __embedded_block_end = .
 *(.reset)
 .reset         0x100001e8       0x9c CMakeFiles/picow_access_point_poll.dir/f28c238e21a8d7a415328780295072c0/src/rp2_common/pico_crt0/crt0.S.obj
                0x100001e8                _entry_point
 *(.init)
 .init          0x10000284        0x4 C:/Users/Wasley/.pico-sdk/toolchain/14_2_Rel1/bin/../lib/gcc/arm-none-eabi/14.2.1/thumb/v6-m/nofp/crti.o
                0x10000284                _init
 *(EXCLUDE_FILE(*libm.a: *libc.a:*lib_a-mem*.o *libgcc.a:) .text*)
 .text.register_tm_clones
                0x10000288       0x28 C:/Users/Wasley/.pico-sdk/toolchain/14_2_Rel1/bin/../lib/gcc/arm-none-eabi/14.2.1/thumb/v6-m/nofp/crtbegin.o
 .text.frame_dummy
                0x100002b0       0x24 C:/Users/Wasley/.pico-sdk/toolchain/14_2_Rel1/bin/../lib/gcc/arm-none-eabi/14.2.1/thumb/v6-m/nofp/crtbegin.o
 .text.tcp_server_accept
                0x100002d4       0x34 CMakeFiles/picow_access_point_poll.dir/picow_access_point.c.obj
 .text.key_pressed_func
                0x10000308       0x24 CMakeFiles/picow_access_point_poll.dir/picow_access_point.c.obj
                0x10000308                key_pressed_func
 .text.alarme_callback
                0x1000032c       0xf0 CMakeFiles/picow_access_point_poll.dir/picow_access_point.c.obj
                0x1000032c                alarme_callback
 .text.atualizar_display
                0x1000041c      0x140 CMakeFiles/picow_access_point_poll.dir/picow_access_point.c.obj
                0x1000041c                atualizar_display
 .text.init_leds
                0x1000055c       0x40 CMakeFiles/picow_access_point_poll.dir/picow_access_point.c.obj
                0x1000055c                init_leds
 .text.parse_params
                0x1000059c      0x1b4 CMakeFiles/picow_access_point_poll.dir/picow_access_point.c.obj
                0x1000059c                parse_params
 .text.tcp_server_recv
                0x10000750      0x134 CMakeFiles/picow_access_point_poll.dir/picow_access_point.c.obj
                0x10000750                tcp_server_recv
 .text.startup.main
                0x10000884      0x124 CMakeFiles/picow_access_point_poll.dir/picow_access_point.c.obj
                0x10000884                main
 .text.dhcp_server_process
                0x100009a8      0x654 CMakeFiles/picow_access_point_poll.dir/dhcpserver/dhcpserver.c.obj
 .text.dhcp_server_init
                0x10000ffc       0x3c CMakeFiles/picow_access_point_poll.dir/dhcpserver/dhcpserver.c.obj
                0x10000ffc                dhcp_server_init
 .text.dns_server_process
                0x10001038      0x144 CMakeFiles/picow_access_point_poll.dir/dnsserver/dnsserver.c.obj
 .text.dns_server_init
                0x1000117c       0x48 CMakeFiles/picow_access_point_poll.dir/dnsserver/dnsserver.c.obj
                0x1000117c                dns_server_init
 .text.calculate_render_area_buffer_length
                0x100011c4       0x18 CMakeFiles/picow_access_point_poll.dir/ssd1306_i2c.c.obj
                0x100011c4                calculate_render_area_buffer_length
 .text.ssd1306_init
                0x100011dc       0x58 CMakeFiles/picow_access_point_poll.dir/ssd1306_i2c.c.obj
                0x100011dc                ssd1306_init
 .text.render_on_display
                0x10001234       0x98 CMakeFiles/picow_access_point_poll.dir/ssd1306_i2c.c.obj
                0x10001234                render_on_display
 .text.ssd1306_draw_char
                0x100012cc       0x70 CMakeFiles/picow_access_point_poll.dir/ssd1306_i2c.c.obj
                0x100012cc                ssd1306_draw_char
 .text.lwip_timeout_reached
                0x1000133c        0x8 CMakeFiles/picow_access_point_poll.dir/68facaa553a6734d13687344bae9af44/rp2_common/pico_lwip/lwip_nosys.c.obj
 .text.update_next_timeout
                0x10001344       0x5c CMakeFiles/picow_access_point_poll.dir/68facaa553a6734d13687344bae9af44/rp2_common/pico_lwip/lwip_nosys.c.obj
 .text.lwip_nosys_init
                0x100013a0       0x30 CMakeFiles/picow_access_point_poll.dir/68facaa553a6734d13687344bae9af44/rp2_common/pico_lwip/lwip_nosys.c.obj
                0x100013a0                lwip_nosys_init
 .text.lwip_nosys_deinit
                0x100013d0       0x20 CMakeFiles/picow_access_point_poll.dir/68facaa553a6734d13687344bae9af44/rp2_common/pico_lwip/lwip_nosys.c.obj
                0x100013d0                lwip_nosys_deinit
 .text.sys_arch_protect
                0x100013f0        0x4 CMakeFiles/picow_access_point_poll.dir/68facaa553a6734d13687344bae9af44/rp2_common/pico_lwip/lwip_nosys.c.obj
                0x100013f0                sys_arch_protect
 .text.sys_arch_unprotect
                0x100013f4        0x4 CMakeFiles/picow_access_point_poll.dir/68facaa553a6734d13687344bae9af44/rp2_common/pico_lwip/lwip_nosys.c.obj
                0x100013f4                sys_arch_unprotect
 .text.sys_now  0x100013f8       0x20 CMakeFiles/picow_access_point_poll.dir/68facaa553a6734d13687344bae9af44/rp2_common/pico_lwip/lwip_nosys.c.obj
                0x100013f8                sys_now
 .text.async_context_base_add_at_time_worker
                0x10001418       0x28 CMakeFiles/picow_access_point_poll.dir/cd1ecb54730339c38b535292f6d159b3/async_context_base.c.obj
                0x10001418                async_context_base_add_at_time_worker
 .text.async_context_base_remove_at_time_worker
                0x10001440       0x24 CMakeFiles/picow_access_point_poll.dir/cd1ecb54730339c38b535292f6d159b3/async_context_base.c.obj
                0x10001440                async_context_base_remove_at_time_worker
 .text.async_context_base_add_when_pending_worker
                0x10001464       0x24 CMakeFiles/picow_access_point_poll.dir/cd1ecb54730339c38b535292f6d159b3/async_context_base.c.obj
                0x10001464                async_context_base_add_when_pending_worker
 .text.async_context_base_remove_when_pending_worker
                0x10001488       0x24 CMakeFiles/picow_access_point_poll.dir/cd1ecb54730339c38b535292f6d159b3/async_context_base.c.obj
                0x10001488                async_context_base_remove_when_pending_worker
 .text.async_context_base_execute_once
                0x100014ac      0x108 CMakeFiles/picow_access_point_poll.dir/cd1ecb54730339c38b535292f6d159b3/async_context_base.c.obj
                0x100014ac                async_context_base_execute_once
 .text.panic    0x100015b4       0x30 CMakeFiles/picow_access_point_poll.dir/c107034687c0993b5a865fece4371777/pico_platform_panic/panic.c.obj
                0x100015b4                panic
 .text.splitmix64
                0x100015e4       0x58 CMakeFiles/picow_access_point_poll.dir/f28c238e21a8d7a415328780295072c0/src/rp2_common/pico_rand/rand.c.obj
 .text.xoroshiro128ss
                0x1000163c       0x90 CMakeFiles/picow_access_point_poll.dir/f28c238e21a8d7a415328780295072c0/src/rp2_common/pico_rand/rand.c.obj
 .text.get_rand_64
                0x100016cc      0x47c CMakeFiles/picow_access_point_poll.dir/f28c238e21a8d7a415328780295072c0/src/rp2_common/pico_rand/rand.c.obj
                0x100016cc                get_rand_64
 .text.get_rand_32
                0x10001b48        0x8 CMakeFiles/picow_access_point_poll.dir/f28c238e21a8d7a415328780295072c0/src/rp2_common/pico_rand/rand.c.obj
                0x10001b48                get_rand_32
 .text.startup._retrieve_unique_id_on_boot
                0x10001b50       0x10 CMakeFiles/picow_access_point_poll.dir/c107034687c0993b5a865fece4371777/pico_unique_id/unique_id.c.obj
 .text.pico_get_unique_board_id
                0x10001b60       0x10 CMakeFiles/picow_access_point_poll.dir/c107034687c0993b5a865fece4371777/pico_unique_id/unique_id.c.obj
                0x10001b60                pico_get_unique_board_id
 .text.flash_get_unique_id
                0x10001b70       0x3c CMakeFiles/picow_access_point_poll.dir/68facaa553a6734d13687344bae9af44/rp2_common/hardware_flash/flash.c.obj
                0x10001b70                flash_get_unique_id
 .text.hw_claim_lock
                0x10001bac       0x18 CMakeFiles/picow_access_point_poll.dir/f28c238e21a8d7a415328780295072c0/src/common/hardware_claim/claim.c.obj
                0x10001bac                hw_claim_lock
 .text.hw_claim_unlock
                0x10001bc4       0x14 CMakeFiles/picow_access_point_poll.dir/f28c238e21a8d7a415328780295072c0/src/common/hardware_claim/claim.c.obj
                0x10001bc4                hw_claim_unlock
 .text.hw_claim_or_assert
                0x10001bd8       0x44 CMakeFiles/picow_access_point_poll.dir/f28c238e21a8d7a415328780295072c0/src/common/hardware_claim/claim.c.obj
                0x10001bd8                hw_claim_or_assert
 .text.hw_claim_unused_from_range
                0x10001c1c       0x88 CMakeFiles/picow_access_point_poll.dir/f28c238e21a8d7a415328780295072c0/src/common/hardware_claim/claim.c.obj
                0x10001c1c                hw_claim_unused_from_range
 .text.hw_claim_clear
                0x10001ca4       0x38 CMakeFiles/picow_access_point_poll.dir/f28c238e21a8d7a415328780295072c0/src/common/hardware_claim/claim.c.obj
                0x10001ca4                hw_claim_clear
 .text.next_striped_spin_lock_num
                0x10001cdc       0x18 CMakeFiles/picow_access_point_poll.dir/68facaa553a6734d13687344bae9af44/rp2_common/hardware_sync/sync.c.obj
                0x10001cdc                next_striped_spin_lock_num
 .text.spin_locks_reset
                0x10001cf4       0x1c CMakeFiles/picow_access_point_poll.dir/a596ae8d4c9b1df600aa95f0ecb43f47/sync_spin_lock.c.obj
                0x10001cf4                spin_locks_reset
 .text.rom_func_lookup
                0x10001d10       0x10 CMakeFiles/picow_access_point_poll.dir/68facaa553a6734d13687344bae9af44/rp2_common/pico_bootrom/bootrom.c.obj
                0x10001d10                rom_func_lookup
 .text.rom_data_lookup
                0x10001d20       0x10 CMakeFiles/picow_access_point_poll.dir/68facaa553a6734d13687344bae9af44/rp2_common/pico_bootrom/bootrom.c.obj
                0x10001d20                rom_data_lookup
 .text.rom_funcs_lookup
                0x10001d30       0x44 CMakeFiles/picow_access_point_poll.dir/68facaa553a6734d13687344bae9af44/rp2_common/pico_bootrom/bootrom.c.obj
                0x10001d30                rom_funcs_lookup
 .text.sleep_until_callback
                0x10001d74       0x30 CMakeFiles/picow_access_point_poll.dir/C_/Users/Wasley/.pico-sdk/sdk/2.1.1/src/common/pico_time/time.c.obj
 .text.alarm_pool_irq_handler
                0x10001da4      0x300 CMakeFiles/picow_access_point_poll.dir/C_/Users/Wasley/.pico-sdk/sdk/2.1.1/src/common/pico_time/time.c.obj
 .text.runtime_init_default_alarm_pool
                0x100020a4       0xdc CMakeFiles/picow_access_point_poll.dir/C_/Users/Wasley/.pico-sdk/sdk/2.1.1/src/common/pico_time/time.c.obj
                0x100020a4                runtime_init_default_alarm_pool
 .text.alarm_pool_get_default
                0x10002180        0x8 CMakeFiles/picow_access_point_poll.dir/C_/Users/Wasley/.pico-sdk/sdk/2.1.1/src/common/pico_time/time.c.obj
                0x10002180                alarm_pool_get_default
 .text.alarm_pool_add_alarm_at_force_in_context
                0x10002188       0xb0 CMakeFiles/picow_access_point_poll.dir/C_/Users/Wasley/.pico-sdk/sdk/2.1.1/src/common/pico_time/time.c.obj
                0x10002188                alarm_pool_add_alarm_at_force_in_context
 .text.alarm_pool_cancel_alarm
                0x10002238       0x74 CMakeFiles/picow_access_point_poll.dir/C_/Users/Wasley/.pico-sdk/sdk/2.1.1/src/common/pico_time/time.c.obj
                0x10002238                alarm_pool_cancel_alarm
 .text.sleep_until
                0x100022ac       0xd0 CMakeFiles/picow_access_point_poll.dir/C_/Users/Wasley/.pico-sdk/sdk/2.1.1/src/common/pico_time/time.c.obj
                0x100022ac                sleep_until
 .text.sleep_ms
                0x1000237c       0xfc CMakeFiles/picow_access_point_poll.dir/C_/Users/Wasley/.pico-sdk/sdk/2.1.1/src/common/pico_time/time.c.obj
                0x1000237c                sleep_ms
 .text.best_effort_wfe_or_timeout
                0x10002478      0x10c CMakeFiles/picow_access_point_poll.dir/C_/Users/Wasley/.pico-sdk/sdk/2.1.1/src/common/pico_time/time.c.obj
                0x10002478                best_effort_wfe_or_timeout
 .text.alarm_pool_add_repeating_timer_us
                0x10002584      0x124 CMakeFiles/picow_access_point_poll.dir/C_/Users/Wasley/.pico-sdk/sdk/2.1.1/src/common/pico_time/time.c.obj
                0x10002584                alarm_pool_add_repeating_timer_us
 .text.timer_hardware_alarm_claim
                0x100026a8       0x14 CMakeFiles/picow_access_point_poll.dir/68facaa553a6734d13687344bae9af44/rp2_common/hardware_timer/timer.c.obj
                0x100026a8                timer_hardware_alarm_claim
 .text.timer_time_us_64
                0x100026bc       0x10 CMakeFiles/picow_access_point_poll.dir/68facaa553a6734d13687344bae9af44/rp2_common/hardware_timer/timer.c.obj
                0x100026bc                timer_time_us_64
 .text.time_us_64
                0x100026cc       0x14 CMakeFiles/picow_access_point_poll.dir/68facaa553a6734d13687344bae9af44/rp2_common/hardware_timer/timer.c.obj
                0x100026cc                time_us_64
 .text.busy_wait_us
                0x100026e0       0x68 CMakeFiles/picow_access_point_poll.dir/68facaa553a6734d13687344bae9af44/rp2_common/hardware_timer/timer.c.obj
                0x100026e0                busy_wait_us
 .text.busy_wait_until
                0x10002748       0x20 CMakeFiles/picow_access_point_poll.dir/68facaa553a6734d13687344bae9af44/rp2_common/hardware_timer/timer.c.obj
                0x10002748                busy_wait_until
 .text.runtime_init_per_core_irq_priorities
                0x10002768       0x24 CMakeFiles/picow_access_point_poll.dir/f28c238e21a8d7a415328780295072c0/src/rp2_common/hardware_irq/irq.c.obj
                0x10002768                runtime_init_per_core_irq_priorities
 .text.irq_set_enabled
                0x1000278c       0x24 CMakeFiles/picow_access_point_poll.dir/f28c238e21a8d7a415328780295072c0/src/rp2_common/hardware_irq/irq.c.obj
                0x1000278c                irq_set_enabled
 .text.irq_set_exclusive_handler
                0x100027b0       0x54 CMakeFiles/picow_access_point_poll.dir/f28c238e21a8d7a415328780295072c0/src/rp2_common/hardware_irq/irq.c.obj
                0x100027b0                irq_set_exclusive_handler
 .text.irq_add_shared_handler
                0x10002804      0x1f4 CMakeFiles/picow_access_point_poll.dir/f28c238e21a8d7a415328780295072c0/src/rp2_common/hardware_irq/irq.c.obj
                0x10002804                irq_add_shared_handler
 .text.irq_remove_handler
                0x100029f8      0x1d4 CMakeFiles/picow_access_point_poll.dir/f28c238e21a8d7a415328780295072c0/src/rp2_common/hardware_irq/irq.c.obj
                0x100029f8                irq_remove_handler
 .text.irq_add_tail_to_free_list
                0x10002bcc       0xb4 CMakeFiles/picow_access_point_poll.dir/f28c238e21a8d7a415328780295072c0/src/rp2_common/hardware_irq/irq.c.obj
                0x10002bcc                irq_add_tail_to_free_list
 .text.sem_init
                0x10002c80       0x20 CMakeFiles/picow_access_point_poll.dir/C_/Users/Wasley/.pico-sdk/sdk/2.1.1/src/common/pico_sync/sem.c.obj
                0x10002c80                sem_init
 .text.lock_init
                0x10002ca0       0x10 CMakeFiles/picow_access_point_poll.dir/f28c238e21a8d7a415328780295072c0/src/common/pico_sync/lock_core.c.obj
                0x10002ca0                lock_init
 .text.runtime_init_mutex
                0x10002cb0       0x50 CMakeFiles/picow_access_point_poll.dir/C_/Users/Wasley/.pico-sdk/sdk/2.1.1/src/common/pico_sync/mutex.c.obj
                0x10002cb0                runtime_init_mutex
 .text.clock_configure_int_divider
                0x10002d00       0xf4 CMakeFiles/picow_access_point_poll.dir/c107034687c0993b5a865fece4371777/hardware_clocks/clocks.c.obj
                0x10002d00                clock_configure_int_divider
 .text.clock_configure_undivided
                0x10002df4       0xe8 CMakeFiles/picow_access_point_poll.dir/c107034687c0993b5a865fece4371777/hardware_clocks/clocks.c.obj
                0x10002df4                clock_configure_undivided
 .text.clock_get_hz
                0x10002edc        0xc CMakeFiles/picow_access_point_poll.dir/c107034687c0993b5a865fece4371777/hardware_clocks/clocks.c.obj
                0x10002edc                clock_get_hz
 .text.gpio_set_function
                0x10002ee8       0x34 CMakeFiles/picow_access_point_poll.dir/68facaa553a6734d13687344bae9af44/rp2_common/hardware_gpio/gpio.c.obj
                0x10002ee8                gpio_set_function
 .text.gpio_set_pulls
                0x10002f1c       0x28 CMakeFiles/picow_access_point_poll.dir/68facaa553a6734d13687344bae9af44/rp2_common/hardware_gpio/gpio.c.obj
                0x10002f1c                gpio_set_pulls
 .text.gpio_set_input_hysteresis_enabled
                0x10002f44       0x28 CMakeFiles/picow_access_point_poll.dir/68facaa553a6734d13687344bae9af44/rp2_common/hardware_gpio/gpio.c.obj
                0x10002f44                gpio_set_input_hysteresis_enabled
 .text.gpio_set_irq_enabled
                0x10002f6c       0x58 CMakeFiles/picow_access_point_poll.dir/68facaa553a6734d13687344bae9af44/rp2_common/hardware_gpio/gpio.c.obj
                0x10002f6c                gpio_set_irq_enabled
 .text.gpio_add_raw_irq_handler_with_order_priority_masked
                0x10002fc4       0x44 CMakeFiles/picow_access_point_poll.dir/68facaa553a6734d13687344bae9af44/rp2_common/hardware_gpio/gpio.c.obj
                0x10002fc4                gpio_add_raw_irq_handler_with_order_priority_masked
 .text.gpio_remove_raw_irq_handler_masked
                0x10003008       0x20 CMakeFiles/picow_access_point_poll.dir/68facaa553a6734d13687344bae9af44/rp2_common/hardware_gpio/gpio.c.obj
                0x10003008                gpio_remove_raw_irq_handler_masked
 .text.gpio_init
                0x10003028       0x40 CMakeFiles/picow_access_point_poll.dir/68facaa553a6734d13687344bae9af44/rp2_common/hardware_gpio/gpio.c.obj
                0x10003028                gpio_init
 .text.pll_init
                0x10003068       0xa4 CMakeFiles/picow_access_point_poll.dir/f28c238e21a8d7a415328780295072c0/src/rp2_common/hardware_pll/pll.c.obj
                0x10003068                pll_init
 .text.tick_start
                0x1000310c       0x10 CMakeFiles/picow_access_point_poll.dir/68facaa553a6734d13687344bae9af44/rp2_common/hardware_ticks/ticks.c.obj
                0x1000310c                tick_start
 .text.xosc_init
                0x1000311c       0x28 CMakeFiles/picow_access_point_poll.dir/68facaa553a6734d13687344bae9af44/rp2_common/hardware_xosc/xosc.c.obj
                0x1000311c                xosc_init
 .text.lwip_init
                0x10003144       0x24 CMakeFiles/picow_access_point_poll.dir/C_/Users/Wasley/.pico-sdk/sdk/2.1.1/lib/lwip/src/core/init.c.obj
                0x10003144                lwip_init
 .text.lwip_htons
                0x10003168        0x8 CMakeFiles/picow_access_point_poll.dir/C_/Users/Wasley/.pico-sdk/sdk/2.1.1/lib/lwip/src/core/def.c.obj
                0x10003168                lwip_htons
 .text.lwip_htonl
                0x10003170        0x4 CMakeFiles/picow_access_point_poll.dir/C_/Users/Wasley/.pico-sdk/sdk/2.1.1/lib/lwip/src/core/def.c.obj
                0x10003170                lwip_htonl
 .text.dns_call_found
                0x10003174      0x184 CMakeFiles/picow_access_point_poll.dir/C_/Users/Wasley/.pico-sdk/sdk/2.1.1/lib/lwip/src/core/dns.c.obj
 .text.dns_send.isra.0
                0x100032f8      0x174 CMakeFiles/picow_access_point_poll.dir/C_/Users/Wasley/.pico-sdk/sdk/2.1.1/lib/lwip/src/core/dns.c.obj
 .text.dns_init
                0x1000346c        0x4 CMakeFiles/picow_access_point_poll.dir/C_/Users/Wasley/.pico-sdk/sdk/2.1.1/lib/lwip/src/core/dns.c.obj
                0x1000346c                dns_init
 .text.dns_setserver
                0x10003470       0x24 CMakeFiles/picow_access_point_poll.dir/C_/Users/Wasley/.pico-sdk/sdk/2.1.1/lib/lwip/src/core/dns.c.obj
                0x10003470                dns_setserver
 .text.dns_tmr  0x10003494      0x130 CMakeFiles/picow_access_point_poll.dir/C_/Users/Wasley/.pico-sdk/sdk/2.1.1/lib/lwip/src/core/dns.c.obj
                0x10003494                dns_tmr
 .text.lwip_standard_chksum
                0x100035c4       0xf4 CMakeFiles/picow_access_point_poll.dir/f28c238e21a8d7a415328780295072c0/lib/lwip/src/core/inet_chksum.c.obj
                0x100035c4                lwip_standard_chksum
 .text.inet_chksum_pseudo
                0x100036b8       0xbc CMakeFiles/picow_access_point_poll.dir/f28c238e21a8d7a415328780295072c0/lib/lwip/src/core/inet_chksum.c.obj
                0x100036b8                inet_chksum_pseudo
 .text.ip_chksum_pseudo
                0x10003774       0x10 CMakeFiles/picow_access_point_poll.dir/f28c238e21a8d7a415328780295072c0/lib/lwip/src/core/inet_chksum.c.obj
                0x10003774                ip_chksum_pseudo
 .text.inet_chksum
                0x10003784        0xc CMakeFiles/picow_access_point_poll.dir/f28c238e21a8d7a415328780295072c0/lib/lwip/src/core/inet_chksum.c.obj
                0x10003784                inet_chksum
 .text.inet_chksum_pbuf
                0x10003790       0x78 CMakeFiles/picow_access_point_poll.dir/f28c238e21a8d7a415328780295072c0/lib/lwip/src/core/inet_chksum.c.obj
                0x10003790                inet_chksum_pbuf
 .text.mem_init
                0x10003808        0x4 CMakeFiles/picow_access_point_poll.dir/C_/Users/Wasley/.pico-sdk/sdk/2.1.1/lib/lwip/src/core/mem.c.obj
                0x10003808                mem_init
 .text.mem_trim
                0x1000380c        0x4 CMakeFiles/picow_access_point_poll.dir/C_/Users/Wasley/.pico-sdk/sdk/2.1.1/lib/lwip/src/core/mem.c.obj
                0x1000380c                mem_trim
 .text.mem_malloc
                0x10003810       0x2c CMakeFiles/picow_access_point_poll.dir/C_/Users/Wasley/.pico-sdk/sdk/2.1.1/lib/lwip/src/core/mem.c.obj
                0x10003810                mem_malloc
 .text.mem_free
                0x1000383c       0x2c CMakeFiles/picow_access_point_poll.dir/C_/Users/Wasley/.pico-sdk/sdk/2.1.1/lib/lwip/src/core/mem.c.obj
                0x1000383c                mem_free
 .text.memp_init
                0x10003868       0x6c CMakeFiles/picow_access_point_poll.dir/C_/Users/Wasley/.pico-sdk/sdk/2.1.1/lib/lwip/src/core/memp.c.obj
                0x10003868                memp_init
 .text.memp_malloc
                0x100038d4       0x40 CMakeFiles/picow_access_point_poll.dir/C_/Users/Wasley/.pico-sdk/sdk/2.1.1/lib/lwip/src/core/memp.c.obj
                0x100038d4                memp_malloc
 .text.memp_free
                0x10003914       0x38 CMakeFiles/picow_access_point_poll.dir/C_/Users/Wasley/.pico-sdk/sdk/2.1.1/lib/lwip/src/core/memp.c.obj
                0x10003914                memp_free
 .text.netif_null_output_ip4
                0x1000394c        0x8 CMakeFiles/picow_access_point_poll.dir/C_/Users/Wasley/.pico-sdk/sdk/2.1.1/lib/lwip/src/core/netif.c.obj
 .text.netif_do_set_ipaddr.isra.0
                0x10003954       0x70 CMakeFiles/picow_access_point_poll.dir/C_/Users/Wasley/.pico-sdk/sdk/2.1.1/lib/lwip/src/core/netif.c.obj
 .text.netif_init
                0x100039c4        0x4 CMakeFiles/picow_access_point_poll.dir/C_/Users/Wasley/.pico-sdk/sdk/2.1.1/lib/lwip/src/core/netif.c.obj
                0x100039c4                netif_init
 .text.netif_add
                0x100039c8      0x174 CMakeFiles/picow_access_point_poll.dir/C_/Users/Wasley/.pico-sdk/sdk/2.1.1/lib/lwip/src/core/netif.c.obj
                0x100039c8                netif_add
 .text.netif_set_addr
                0x10003b3c       0xb8 CMakeFiles/picow_access_point_poll.dir/C_/Users/Wasley/.pico-sdk/sdk/2.1.1/lib/lwip/src/core/netif.c.obj
                0x10003b3c                netif_set_addr
 .text.netif_remove
                0x10003bf4       0x94 CMakeFiles/picow_access_point_poll.dir/C_/Users/Wasley/.pico-sdk/sdk/2.1.1/lib/lwip/src/core/netif.c.obj
                0x10003bf4                netif_remove
 .text.netif_set_default
                0x10003c88        0xc CMakeFiles/picow_access_point_poll.dir/C_/Users/Wasley/.pico-sdk/sdk/2.1.1/lib/lwip/src/core/netif.c.obj
                0x10003c88                netif_set_default
 .text.netif_set_up
                0x10003c94       0x40 CMakeFiles/picow_access_point_poll.dir/C_/Users/Wasley/.pico-sdk/sdk/2.1.1/lib/lwip/src/core/netif.c.obj
                0x10003c94                netif_set_up
 .text.netif_set_link_up
                0x10003cd4       0x44 CMakeFiles/picow_access_point_poll.dir/C_/Users/Wasley/.pico-sdk/sdk/2.1.1/lib/lwip/src/core/netif.c.obj
                0x10003cd4                netif_set_link_up
 .text.netif_set_link_down
                0x10003d18       0x20 CMakeFiles/picow_access_point_poll.dir/C_/Users/Wasley/.pico-sdk/sdk/2.1.1/lib/lwip/src/core/netif.c.obj
                0x10003d18                netif_set_link_down
 .text.netif_get_by_index
                0x10003d38       0x2c CMakeFiles/picow_access_point_poll.dir/C_/Users/Wasley/.pico-sdk/sdk/2.1.1/lib/lwip/src/core/netif.c.obj
                0x10003d38                netif_get_by_index
 .text.pbuf_free.part.0
                0x10003d64       0x7c CMakeFiles/picow_access_point_poll.dir/C_/Users/Wasley/.pico-sdk/sdk/2.1.1/lib/lwip/src/core/pbuf.c.obj
 .text.pbuf_free_ooseq
                0x10003de0       0x34 CMakeFiles/picow_access_point_poll.dir/C_/Users/Wasley/.pico-sdk/sdk/2.1.1/lib/lwip/src/core/pbuf.c.obj
                0x10003de0                pbuf_free_ooseq
 .text.pbuf_alloc
                0x10003e14      0x12c CMakeFiles/picow_access_point_poll.dir/C_/Users/Wasley/.pico-sdk/sdk/2.1.1/lib/lwip/src/core/pbuf.c.obj
                0x10003e14                pbuf_alloc
 .text.pbuf_realloc
                0x10003f40       0x84 CMakeFiles/picow_access_point_poll.dir/C_/Users/Wasley/.pico-sdk/sdk/2.1.1/lib/lwip/src/core/pbuf.c.obj
                0x10003f40                pbuf_realloc
 .text.pbuf_add_header
                0x10003fc4       0x54 CMakeFiles/picow_access_point_poll.dir/C_/Users/Wasley/.pico-sdk/sdk/2.1.1/lib/lwip/src/core/pbuf.c.obj
                0x10003fc4                pbuf_add_header
 .text.pbuf_remove_header
                0x10004018       0x3c CMakeFiles/picow_access_point_poll.dir/C_/Users/Wasley/.pico-sdk/sdk/2.1.1/lib/lwip/src/core/pbuf.c.obj
                0x10004018                pbuf_remove_header
 .text.pbuf_header_force
                0x10004054       0x68 CMakeFiles/picow_access_point_poll.dir/C_/Users/Wasley/.pico-sdk/sdk/2.1.1/lib/lwip/src/core/pbuf.c.obj
                0x10004054                pbuf_header_force
 .text.pbuf_free
                0x100040bc       0x18 CMakeFiles/picow_access_point_poll.dir/C_/Users/Wasley/.pico-sdk/sdk/2.1.1/lib/lwip/src/core/pbuf.c.obj
                0x100040bc                pbuf_free
 .text.pbuf_clen
                0x100040d4       0x14 CMakeFiles/picow_access_point_poll.dir/C_/Users/Wasley/.pico-sdk/sdk/2.1.1/lib/lwip/src/core/pbuf.c.obj
                0x100040d4                pbuf_clen
 .text.pbuf_ref
                0x100040e8       0x28 CMakeFiles/picow_access_point_poll.dir/C_/Users/Wasley/.pico-sdk/sdk/2.1.1/lib/lwip/src/core/pbuf.c.obj
                0x100040e8                pbuf_ref
 .text.pbuf_cat
                0x10004110       0x44 CMakeFiles/picow_access_point_poll.dir/C_/Users/Wasley/.pico-sdk/sdk/2.1.1/lib/lwip/src/core/pbuf.c.obj
                0x10004110                pbuf_cat
 .text.pbuf_chain
                0x10004154       0x64 CMakeFiles/picow_access_point_poll.dir/C_/Users/Wasley/.pico-sdk/sdk/2.1.1/lib/lwip/src/core/pbuf.c.obj
                0x10004154                pbuf_chain
 .text.pbuf_copy_partial_pbuf
                0x100041b8      0x158 CMakeFiles/picow_access_point_poll.dir/C_/Users/Wasley/.pico-sdk/sdk/2.1.1/lib/lwip/src/core/pbuf.c.obj
                0x100041b8                pbuf_copy_partial_pbuf
 .text.pbuf_copy
                0x10004310       0x18 CMakeFiles/picow_access_point_poll.dir/C_/Users/Wasley/.pico-sdk/sdk/2.1.1/lib/lwip/src/core/pbuf.c.obj
                0x10004310                pbuf_copy
 .text.pbuf_copy_partial
                0x10004328       0x70 CMakeFiles/picow_access_point_poll.dir/C_/Users/Wasley/.pico-sdk/sdk/2.1.1/lib/lwip/src/core/pbuf.c.obj
                0x10004328                pbuf_copy_partial
 .text.pbuf_take
                0x10004398       0x78 CMakeFiles/picow_access_point_poll.dir/C_/Users/Wasley/.pico-sdk/sdk/2.1.1/lib/lwip/src/core/pbuf.c.obj
                0x10004398                pbuf_take
 .text.pbuf_take_at
                0x10004410       0xc0 CMakeFiles/picow_access_point_poll.dir/C_/Users/Wasley/.pico-sdk/sdk/2.1.1/lib/lwip/src/core/pbuf.c.obj
                0x10004410                pbuf_take_at
 .text.pbuf_clone
                0x100044d0       0x30 CMakeFiles/picow_access_point_poll.dir/C_/Users/Wasley/.pico-sdk/sdk/2.1.1/lib/lwip/src/core/pbuf.c.obj
                0x100044d0                pbuf_clone
 .text.pbuf_put_at
                0x10004500       0x1c CMakeFiles/picow_access_point_poll.dir/C_/Users/Wasley/.pico-sdk/sdk/2.1.1/lib/lwip/src/core/pbuf.c.obj
                0x10004500                pbuf_put_at
 .text.raw_input
                0x1000451c      0x164 CMakeFiles/picow_access_point_poll.dir/C_/Users/Wasley/.pico-sdk/sdk/2.1.1/lib/lwip/src/core/raw.c.obj
                0x1000451c                raw_input
 .text.raw_netif_ip_addr_changed
                0x10004680       0x40 CMakeFiles/picow_access_point_poll.dir/C_/Users/Wasley/.pico-sdk/sdk/2.1.1/lib/lwip/src/core/raw.c.obj
                0x10004680                raw_netif_ip_addr_changed
 .text.stats_init
                0x100046c0        0x4 CMakeFiles/picow_access_point_poll.dir/C_/Users/Wasley/.pico-sdk/sdk/2.1.1/lib/lwip/src/core/stats.c.obj
                0x100046c0                stats_init
 .text.tcp_close_shutdown_fin
                0x100046c4       0x54 CMakeFiles/picow_access_point_poll.dir/C_/Users/Wasley/.pico-sdk/sdk/2.1.1/lib/lwip/src/core/tcp.c.obj
 .text.tcp_pcb_purge.part.0
                0x10004718       0xc4 CMakeFiles/picow_access_point_poll.dir/C_/Users/Wasley/.pico-sdk/sdk/2.1.1/lib/lwip/src/core/tcp.c.obj
 .text.tcp_init
                0x100047dc       0x20 CMakeFiles/picow_access_point_poll.dir/C_/Users/Wasley/.pico-sdk/sdk/2.1.1/lib/lwip/src/core/tcp.c.obj
                0x100047dc                tcp_init
 .text.tcp_free
                0x100047fc       0x1c CMakeFiles/picow_access_point_poll.dir/C_/Users/Wasley/.pico-sdk/sdk/2.1.1/lib/lwip/src/core/tcp.c.obj
                0x100047fc                tcp_free
 .text.tcp_bind
                0x10004818       0xf4 CMakeFiles/picow_access_point_poll.dir/C_/Users/Wasley/.pico-sdk/sdk/2.1.1/lib/lwip/src/core/tcp.c.obj
                0x10004818                tcp_bind
 .text.tcp_listen_with_backlog
                0x1000490c       0x98 CMakeFiles/picow_access_point_poll.dir/C_/Users/Wasley/.pico-sdk/sdk/2.1.1/lib/lwip/src/core/tcp.c.obj
                0x1000490c                tcp_listen_with_backlog
 .text.tcp_update_rcv_ann_wnd
                0x100049a4       0x58 CMakeFiles/picow_access_point_poll.dir/C_/Users/Wasley/.pico-sdk/sdk/2.1.1/lib/lwip/src/core/tcp.c.obj
                0x100049a4                tcp_update_rcv_ann_wnd
 .text.tcp_recved
                0x100049fc       0x98 CMakeFiles/picow_access_point_poll.dir/C_/Users/Wasley/.pico-sdk/sdk/2.1.1/lib/lwip/src/core/tcp.c.obj
                0x100049fc                tcp_recved
 .text.tcp_slowtmr
                0x10004a94      0x514 CMakeFiles/picow_access_point_poll.dir/C_/Users/Wasley/.pico-sdk/sdk/2.1.1/lib/lwip/src/core/tcp.c.obj
                0x10004a94                tcp_slowtmr
 .text.tcp_segs_free
                0x10004fa8       0x38 CMakeFiles/picow_access_point_poll.dir/C_/Users/Wasley/.pico-sdk/sdk/2.1.1/lib/lwip/src/core/tcp.c.obj
                0x10004fa8                tcp_segs_free
 .text.tcp_seg_free
                0x10004fe0       0x1c CMakeFiles/picow_access_point_poll.dir/C_/Users/Wasley/.pico-sdk/sdk/2.1.1/lib/lwip/src/core/tcp.c.obj
                0x10004fe0                tcp_seg_free
 .text.tcp_seg_copy
                0x10004ffc       0x2c CMakeFiles/picow_access_point_poll.dir/C_/Users/Wasley/.pico-sdk/sdk/2.1.1/lib/lwip/src/core/tcp.c.obj
                0x10004ffc                tcp_seg_copy
 .text.tcp_arg  0x10005028        0x8 CMakeFiles/picow_access_point_poll.dir/C_/Users/Wasley/.pico-sdk/sdk/2.1.1/lib/lwip/src/core/tcp.c.obj
                0x10005028                tcp_arg
 .text.tcp_recv
                0x10005030       0x1c CMakeFiles/picow_access_point_poll.dir/C_/Users/Wasley/.pico-sdk/sdk/2.1.1/lib/lwip/src/core/tcp.c.obj
                0x10005030                tcp_recv
 .text.tcp_accept
                0x1000504c       0x10 CMakeFiles/picow_access_point_poll.dir/C_/Users/Wasley/.pico-sdk/sdk/2.1.1/lib/lwip/src/core/tcp.c.obj
                0x1000504c                tcp_accept
 .text.tcp_pcb_purge
                0x1000505c       0x18 CMakeFiles/picow_access_point_poll.dir/C_/Users/Wasley/.pico-sdk/sdk/2.1.1/lib/lwip/src/core/tcp.c.obj
                0x1000505c                tcp_pcb_purge
 .text.tcp_pcb_remove
                0x10005074       0xc8 CMakeFiles/picow_access_point_poll.dir/C_/Users/Wasley/.pico-sdk/sdk/2.1.1/lib/lwip/src/core/tcp.c.obj
                0x10005074                tcp_pcb_remove
 .text.tcp_abandon
                0x1000513c      0x1a0 CMakeFiles/picow_access_point_poll.dir/C_/Users/Wasley/.pico-sdk/sdk/2.1.1/lib/lwip/src/core/tcp.c.obj
                0x1000513c                tcp_abandon
 .text.tcp_abort
                0x100052dc        0xc CMakeFiles/picow_access_point_poll.dir/C_/Users/Wasley/.pico-sdk/sdk/2.1.1/lib/lwip/src/core/tcp.c.obj
                0x100052dc                tcp_abort
 .text.tcp_accept_null
                0x100052e8       0x20 CMakeFiles/picow_access_point_poll.dir/C_/Users/Wasley/.pico-sdk/sdk/2.1.1/lib/lwip/src/core/tcp.c.obj
 .text.tcp_alloc
                0x10005308      0x1d4 CMakeFiles/picow_access_point_poll.dir/C_/Users/Wasley/.pico-sdk/sdk/2.1.1/lib/lwip/src/core/tcp.c.obj
                0x10005308                tcp_alloc
 .text.tcp_new_ip_type
                0x100054dc        0xc CMakeFiles/picow_access_point_poll.dir/C_/Users/Wasley/.pico-sdk/sdk/2.1.1/lib/lwip/src/core/tcp.c.obj
                0x100054dc                tcp_new_ip_type
 .text.tcp_close_shutdown
                0x100054e8      0x188 CMakeFiles/picow_access_point_poll.dir/C_/Users/Wasley/.pico-sdk/sdk/2.1.1/lib/lwip/src/core/tcp.c.obj
 .text.tcp_recv_null
                0x10005670       0xcc CMakeFiles/picow_access_point_poll.dir/C_/Users/Wasley/.pico-sdk/sdk/2.1.1/lib/lwip/src/core/tcp.c.obj
                0x10005670                tcp_recv_null
 .text.tcp_process_refused_data
                0x1000573c       0x78 CMakeFiles/picow_access_point_poll.dir/C_/Users/Wasley/.pico-sdk/sdk/2.1.1/lib/lwip/src/core/tcp.c.obj
                0x1000573c                tcp_process_refused_data
 .text.tcp_fasttmr
                0x100057b4       0x98 CMakeFiles/picow_access_point_poll.dir/C_/Users/Wasley/.pico-sdk/sdk/2.1.1/lib/lwip/src/core/tcp.c.obj
                0x100057b4                tcp_fasttmr
 .text.tcp_tmr  0x1000584c       0x20 CMakeFiles/picow_access_point_poll.dir/C_/Users/Wasley/.pico-sdk/sdk/2.1.1/lib/lwip/src/core/tcp.c.obj
                0x1000584c                tcp_tmr
 .text.tcp_close
                0x1000586c      0x170 CMakeFiles/picow_access_point_poll.dir/C_/Users/Wasley/.pico-sdk/sdk/2.1.1/lib/lwip/src/core/tcp.c.obj
                0x1000586c                tcp_close
 .text.tcp_next_iss
                0x100059dc       0x28 CMakeFiles/picow_access_point_poll.dir/C_/Users/Wasley/.pico-sdk/sdk/2.1.1/lib/lwip/src/core/tcp.c.obj
                0x100059dc                tcp_next_iss
 .text.tcp_eff_send_mss_netif
                0x10005a04       0x34 CMakeFiles/picow_access_point_poll.dir/C_/Users/Wasley/.pico-sdk/sdk/2.1.1/lib/lwip/src/core/tcp.c.obj
                0x10005a04                tcp_eff_send_mss_netif
 .text.tcp_netif_ip_addr_changed
                0x10005a38       0x94 CMakeFiles/picow_access_point_poll.dir/C_/Users/Wasley/.pico-sdk/sdk/2.1.1/lib/lwip/src/core/tcp.c.obj
                0x10005a38                tcp_netif_ip_addr_changed
 .text.tcp_free_ooseq
                0x10005acc       0x40 CMakeFiles/picow_access_point_poll.dir/C_/Users/Wasley/.pico-sdk/sdk/2.1.1/lib/lwip/src/core/tcp.c.obj
                0x10005acc                tcp_free_ooseq
 .text.tcp_parseopt
                0x10005b0c      0x1b0 CMakeFiles/picow_access_point_poll.dir/C_/Users/Wasley/.pico-sdk/sdk/2.1.1/lib/lwip/src/core/tcp_in.c.obj
 .text.tcp_oos_insert_segment
                0x10005cbc       0xcc CMakeFiles/picow_access_point_poll.dir/C_/Users/Wasley/.pico-sdk/sdk/2.1.1/lib/lwip/src/core/tcp_in.c.obj
 .text.tcp_free_acked_segments.isra.0
                0x10005d88       0xdc CMakeFiles/picow_access_point_poll.dir/C_/Users/Wasley/.pico-sdk/sdk/2.1.1/lib/lwip/src/core/tcp_in.c.obj
 .text.tcp_receive
                0x10005e64      0xa2c CMakeFiles/picow_access_point_poll.dir/C_/Users/Wasley/.pico-sdk/sdk/2.1.1/lib/lwip/src/core/tcp_in.c.obj
 .text.tcp_input
                0x10006890      0xe3c CMakeFiles/picow_access_point_poll.dir/C_/Users/Wasley/.pico-sdk/sdk/2.1.1/lib/lwip/src/core/tcp_in.c.obj
                0x10006890                tcp_input
 .text.tcp_trigger_input_pcb_close
                0x100076cc       0x10 CMakeFiles/picow_access_point_poll.dir/C_/Users/Wasley/.pico-sdk/sdk/2.1.1/lib/lwip/src/core/tcp_in.c.obj
                0x100076cc                tcp_trigger_input_pcb_close
 .text.tcp_create_segment
                0x100076dc       0xe8 CMakeFiles/picow_access_point_poll.dir/C_/Users/Wasley/.pico-sdk/sdk/2.1.1/lib/lwip/src/core/tcp_out.c.obj
 .text.tcp_output_control_segment
                0x100077c4       0xb4 CMakeFiles/picow_access_point_poll.dir/C_/Users/Wasley/.pico-sdk/sdk/2.1.1/lib/lwip/src/core/tcp_out.c.obj
 .text.tcp_write
                0x10007878      0x470 CMakeFiles/picow_access_point_poll.dir/C_/Users/Wasley/.pico-sdk/sdk/2.1.1/lib/lwip/src/core/tcp_out.c.obj
                0x10007878                tcp_write
 .text.tcp_split_unsent_seg
                0x10007ce8      0x1b4 CMakeFiles/picow_access_point_poll.dir/C_/Users/Wasley/.pico-sdk/sdk/2.1.1/lib/lwip/src/core/tcp_out.c.obj
                0x10007ce8                tcp_split_unsent_seg
 .text.tcp_send_fin
                0x10007e9c      0x118 CMakeFiles/picow_access_point_poll.dir/C_/Users/Wasley/.pico-sdk/sdk/2.1.1/lib/lwip/src/core/tcp_out.c.obj
                0x10007e9c                tcp_send_fin
 .text.tcp_enqueue_flags
                0x10007fb4      0x12c CMakeFiles/picow_access_point_poll.dir/C_/Users/Wasley/.pico-sdk/sdk/2.1.1/lib/lwip/src/core/tcp_out.c.obj
                0x10007fb4                tcp_enqueue_flags
 .text.tcp_rexmit_rto_prepare
                0x100080e0       0x9c CMakeFiles/picow_access_point_poll.dir/C_/Users/Wasley/.pico-sdk/sdk/2.1.1/lib/lwip/src/core/tcp_out.c.obj
                0x100080e0                tcp_rexmit_rto_prepare
 .text.tcp_rexmit
                0x1000817c       0x9c CMakeFiles/picow_access_point_poll.dir/C_/Users/Wasley/.pico-sdk/sdk/2.1.1/lib/lwip/src/core/tcp_out.c.obj
                0x1000817c                tcp_rexmit
 .text.tcp_rexmit_fast
                0x10008218       0x64 CMakeFiles/picow_access_point_poll.dir/C_/Users/Wasley/.pico-sdk/sdk/2.1.1/lib/lwip/src/core/tcp_out.c.obj
                0x10008218                tcp_rexmit_fast
 .text.tcp_rst  0x1000827c       0xe8 CMakeFiles/picow_access_point_poll.dir/C_/Users/Wasley/.pico-sdk/sdk/2.1.1/lib/lwip/src/core/tcp_out.c.obj
                0x1000827c                tcp_rst
 .text.tcp_rst_netif
                0x10008364      0x130 CMakeFiles/picow_access_point_poll.dir/C_/Users/Wasley/.pico-sdk/sdk/2.1.1/lib/lwip/src/core/tcp_out.c.obj
                0x10008364                tcp_rst_netif
 .text.tcp_send_empty_ack
                0x10008494       0xf0 CMakeFiles/picow_access_point_poll.dir/C_/Users/Wasley/.pico-sdk/sdk/2.1.1/lib/lwip/src/core/tcp_out.c.obj
                0x10008494                tcp_send_empty_ack
 .text.tcp_output
                0x10008584      0x44c CMakeFiles/picow_access_point_poll.dir/C_/Users/Wasley/.pico-sdk/sdk/2.1.1/lib/lwip/src/core/tcp_out.c.obj
                0x10008584                tcp_output
 .text.tcp_rexmit_rto_commit
                0x100089d0       0x24 CMakeFiles/picow_access_point_poll.dir/C_/Users/Wasley/.pico-sdk/sdk/2.1.1/lib/lwip/src/core/tcp_out.c.obj
                0x100089d0                tcp_rexmit_rto_commit
 .text.tcp_rexmit_rto
                0x100089f4       0xa4 CMakeFiles/picow_access_point_poll.dir/C_/Users/Wasley/.pico-sdk/sdk/2.1.1/lib/lwip/src/core/tcp_out.c.obj
                0x100089f4                tcp_rexmit_rto
 .text.tcp_keepalive
                0x10008a98       0xdc CMakeFiles/picow_access_point_poll.dir/C_/Users/Wasley/.pico-sdk/sdk/2.1.1/lib/lwip/src/core/tcp_out.c.obj
                0x10008a98                tcp_keepalive
 .text.tcp_zero_window_probe
                0x10008b74      0x1a8 CMakeFiles/picow_access_point_poll.dir/C_/Users/Wasley/.pico-sdk/sdk/2.1.1/lib/lwip/src/core/tcp_out.c.obj
                0x10008b74                tcp_zero_window_probe
 .text.tcpip_tcp_timer
                0x10008d1c       0x78 CMakeFiles/picow_access_point_poll.dir/C_/Users/Wasley/.pico-sdk/sdk/2.1.1/lib/lwip/src/core/timeouts.c.obj
 .text.lwip_cyclic_timer
                0x10008d94       0x98 CMakeFiles/picow_access_point_poll.dir/C_/Users/Wasley/.pico-sdk/sdk/2.1.1/lib/lwip/src/core/timeouts.c.obj
 .text.tcp_timer_needed
                0x10008e2c       0x7c CMakeFiles/picow_access_point_poll.dir/C_/Users/Wasley/.pico-sdk/sdk/2.1.1/lib/lwip/src/core/timeouts.c.obj
                0x10008e2c                tcp_timer_needed
 .text.sys_timeouts_init
                0x10008ea8       0x8c CMakeFiles/picow_access_point_poll.dir/C_/Users/Wasley/.pico-sdk/sdk/2.1.1/lib/lwip/src/core/timeouts.c.obj
                0x10008ea8                sys_timeouts_init
 .text.sys_check_timeouts
                0x10008f34       0x68 CMakeFiles/picow_access_point_poll.dir/C_/Users/Wasley/.pico-sdk/sdk/2.1.1/lib/lwip/src/core/timeouts.c.obj
                0x10008f34                sys_check_timeouts
 .text.sys_timeouts_sleeptime
                0x10008f9c       0x28 CMakeFiles/picow_access_point_poll.dir/C_/Users/Wasley/.pico-sdk/sdk/2.1.1/lib/lwip/src/core/timeouts.c.obj
                0x10008f9c                sys_timeouts_sleeptime
 .text.udp_init
                0x10008fc4       0x20 CMakeFiles/picow_access_point_poll.dir/C_/Users/Wasley/.pico-sdk/sdk/2.1.1/lib/lwip/src/core/udp.c.obj
                0x10008fc4                udp_init
 .text.udp_input
                0x10008fe4      0x350 CMakeFiles/picow_access_point_poll.dir/C_/Users/Wasley/.pico-sdk/sdk/2.1.1/lib/lwip/src/core/udp.c.obj
                0x10008fe4                udp_input
 .text.udp_bind
                0x10009334      0x10c CMakeFiles/picow_access_point_poll.dir/C_/Users/Wasley/.pico-sdk/sdk/2.1.1/lib/lwip/src/core/udp.c.obj
                0x10009334                udp_bind
 .text.udp_sendto_if_src
                0x10009440      0x130 CMakeFiles/picow_access_point_poll.dir/C_/Users/Wasley/.pico-sdk/sdk/2.1.1/lib/lwip/src/core/udp.c.obj
                0x10009440                udp_sendto_if_src
 .text.udp_sendto_if
                0x10009570       0x48 CMakeFiles/picow_access_point_poll.dir/C_/Users/Wasley/.pico-sdk/sdk/2.1.1/lib/lwip/src/core/udp.c.obj
                0x10009570                udp_sendto_if
 .text.udp_sendto
                0x100095b8       0x78 CMakeFiles/picow_access_point_poll.dir/C_/Users/Wasley/.pico-sdk/sdk/2.1.1/lib/lwip/src/core/udp.c.obj
                0x100095b8                udp_sendto
 .text.udp_connect
                0x10009630       0x5c CMakeFiles/picow_access_point_poll.dir/C_/Users/Wasley/.pico-sdk/sdk/2.1.1/lib/lwip/src/core/udp.c.obj
                0x10009630                udp_connect
 .text.udp_recv
                0x1000968c        0xc CMakeFiles/picow_access_point_poll.dir/C_/Users/Wasley/.pico-sdk/sdk/2.1.1/lib/lwip/src/core/udp.c.obj
                0x1000968c                udp_recv
 .text.udp_remove
                0x10009698       0x3c CMakeFiles/picow_access_point_poll.dir/C_/Users/Wasley/.pico-sdk/sdk/2.1.1/lib/lwip/src/core/udp.c.obj
                0x10009698                udp_remove
 .text.udp_new  0x100096d4       0x1c CMakeFiles/picow_access_point_poll.dir/C_/Users/Wasley/.pico-sdk/sdk/2.1.1/lib/lwip/src/core/udp.c.obj
                0x100096d4                udp_new
 .text.udp_netif_ip_addr_changed
                0x100096f0       0x40 CMakeFiles/picow_access_point_poll.dir/C_/Users/Wasley/.pico-sdk/sdk/2.1.1/lib/lwip/src/core/udp.c.obj
                0x100096f0                udp_netif_ip_addr_changed
 .text.dhcp_create_msg
                0x10009730      0x160 CMakeFiles/picow_access_point_poll.dir/C_/Users/Wasley/.pico-sdk/sdk/2.1.1/lib/lwip/src/core/ipv4/dhcp.c.obj
 .text.dhcp_inc_pcb_refcount
                0x10009890       0x6c CMakeFiles/picow_access_point_poll.dir/C_/Users/Wasley/.pico-sdk/sdk/2.1.1/lib/lwip/src/core/ipv4/dhcp.c.obj
 .text.dhcp_bind
                0x100098fc      0x144 CMakeFiles/picow_access_point_poll.dir/C_/Users/Wasley/.pico-sdk/sdk/2.1.1/lib/lwip/src/core/ipv4/dhcp.c.obj
 .text.dhcp_option_hostname.isra.0
                0x10009a40       0x74 CMakeFiles/picow_access_point_poll.dir/C_/Users/Wasley/.pico-sdk/sdk/2.1.1/lib/lwip/src/core/ipv4/dhcp.c.obj
 .text.dhcp_handle_ack.isra.0
                0x10009ab4       0xcc CMakeFiles/picow_access_point_poll.dir/C_/Users/Wasley/.pico-sdk/sdk/2.1.1/lib/lwip/src/core/ipv4/dhcp.c.obj
 .text.dhcp_reboot.isra.0
                0x10009b80      0x17c CMakeFiles/picow_access_point_poll.dir/C_/Users/Wasley/.pico-sdk/sdk/2.1.1/lib/lwip/src/core/ipv4/dhcp.c.obj
 .text.dhcp_discover.isra.0
                0x10009cfc      0x138 CMakeFiles/picow_access_point_poll.dir/C_/Users/Wasley/.pico-sdk/sdk/2.1.1/lib/lwip/src/core/ipv4/dhcp.c.obj
 .text.dhcp_select.isra.0
                0x10009e34      0x1e0 CMakeFiles/picow_access_point_poll.dir/C_/Users/Wasley/.pico-sdk/sdk/2.1.1/lib/lwip/src/core/ipv4/dhcp.c.obj
 .text.dhcp_recv
                0x1000a014      0x4a8 CMakeFiles/picow_access_point_poll.dir/C_/Users/Wasley/.pico-sdk/sdk/2.1.1/lib/lwip/src/core/ipv4/dhcp.c.obj
 .text.dhcp_set_struct
                0x1000a4bc       0x44 CMakeFiles/picow_access_point_poll.dir/C_/Users/Wasley/.pico-sdk/sdk/2.1.1/lib/lwip/src/core/ipv4/dhcp.c.obj
                0x1000a4bc                dhcp_set_struct
 .text.dhcp_start
                0x1000a500       0xa8 CMakeFiles/picow_access_point_poll.dir/C_/Users/Wasley/.pico-sdk/sdk/2.1.1/lib/lwip/src/core/ipv4/dhcp.c.obj
                0x1000a500                dhcp_start
 .text.dhcp_network_changed_link_up
                0x1000a5a8       0x40 CMakeFiles/picow_access_point_poll.dir/C_/Users/Wasley/.pico-sdk/sdk/2.1.1/lib/lwip/src/core/ipv4/dhcp.c.obj
                0x1000a5a8                dhcp_network_changed_link_up
 .text.dhcp_renew
                0x1000a5e8      0x13c CMakeFiles/picow_access_point_poll.dir/C_/Users/Wasley/.pico-sdk/sdk/2.1.1/lib/lwip/src/core/ipv4/dhcp.c.obj
                0x1000a5e8                dhcp_renew
 .text.dhcp_release_and_stop
                0x1000a724      0x158 CMakeFiles/picow_access_point_poll.dir/C_/Users/Wasley/.pico-sdk/sdk/2.1.1/lib/lwip/src/core/ipv4/dhcp.c.obj
                0x1000a724                dhcp_release_and_stop
 .text.dhcp_coarse_tmr
                0x1000a87c      0x1e0 CMakeFiles/picow_access_point_poll.dir/C_/Users/Wasley/.pico-sdk/sdk/2.1.1/lib/lwip/src/core/ipv4/dhcp.c.obj
                0x1000a87c                dhcp_coarse_tmr
 .text.dhcp_fine_tmr
                0x1000aa5c       0x78 CMakeFiles/picow_access_point_poll.dir/C_/Users/Wasley/.pico-sdk/sdk/2.1.1/lib/lwip/src/core/ipv4/dhcp.c.obj
                0x1000aa5c                dhcp_fine_tmr
 .text.dhcp_stop
                0x1000aad4      0x158 CMakeFiles/picow_access_point_poll.dir/C_/Users/Wasley/.pico-sdk/sdk/2.1.1/lib/lwip/src/core/ipv4/dhcp.c.obj
                0x1000aad4                dhcp_stop
 .text.etharp_find_entry
                0x1000ac2c      0x3a0 CMakeFiles/picow_access_point_poll.dir/f28c238e21a8d7a415328780295072c0/lib/lwip/src/core/ipv4/etharp.c.obj
 .text.etharp_raw
                0x1000afcc       0xec CMakeFiles/picow_access_point_poll.dir/f28c238e21a8d7a415328780295072c0/lib/lwip/src/core/ipv4/etharp.c.obj
 .text.etharp_output_to_arp_index
                0x1000b0b8       0xd0 CMakeFiles/picow_access_point_poll.dir/f28c238e21a8d7a415328780295072c0/lib/lwip/src/core/ipv4/etharp.c.obj
 .text.etharp_tmr
                0x1000b188       0x94 CMakeFiles/picow_access_point_poll.dir/f28c238e21a8d7a415328780295072c0/lib/lwip/src/core/ipv4/etharp.c.obj
                0x1000b188                etharp_tmr
 .text.etharp_cleanup_netif
                0x1000b21c      0x188 CMakeFiles/picow_access_point_poll.dir/f28c238e21a8d7a415328780295072c0/lib/lwip/src/core/ipv4/etharp.c.obj
                0x1000b21c                etharp_cleanup_netif
 .text.etharp_input
                0x1000b3a4      0x1b8 CMakeFiles/picow_access_point_poll.dir/f28c238e21a8d7a415328780295072c0/lib/lwip/src/core/ipv4/etharp.c.obj
                0x1000b3a4                etharp_input
 .text.etharp_query
                0x1000b55c      0x190 CMakeFiles/picow_access_point_poll.dir/f28c238e21a8d7a415328780295072c0/lib/lwip/src/core/ipv4/etharp.c.obj
                0x1000b55c                etharp_query
 .text.etharp_output
                0x1000b6ec      0x24c CMakeFiles/picow_access_point_poll.dir/f28c238e21a8d7a415328780295072c0/lib/lwip/src/core/ipv4/etharp.c.obj
                0x1000b6ec                etharp_output
 .text.etharp_request
                0x1000b938       0x2c CMakeFiles/picow_access_point_poll.dir/f28c238e21a8d7a415328780295072c0/lib/lwip/src/core/ipv4/etharp.c.obj
                0x1000b938                etharp_request
 .text.icmp_input
                0x1000b964      0x1ec CMakeFiles/picow_access_point_poll.dir/C_/Users/Wasley/.pico-sdk/sdk/2.1.1/lib/lwip/src/core/ipv4/icmp.c.obj
                0x1000b964                icmp_input
 .text.icmp_dest_unreach
                0x1000bb50       0xcc CMakeFiles/picow_access_point_poll.dir/C_/Users/Wasley/.pico-sdk/sdk/2.1.1/lib/lwip/src/core/ipv4/icmp.c.obj
                0x1000bb50                icmp_dest_unreach
 .text.icmp_time_exceeded
                0x1000bc1c       0xcc CMakeFiles/picow_access_point_poll.dir/C_/Users/Wasley/.pico-sdk/sdk/2.1.1/lib/lwip/src/core/ipv4/icmp.c.obj
                0x1000bc1c                icmp_time_exceeded
 .text.ip_reass_free_complete_datagram
                0x1000bce8      0x11c CMakeFiles/picow_access_point_poll.dir/f28c238e21a8d7a415328780295072c0/lib/lwip/src/core/ipv4/ip4_frag.c.obj
 .text.ip_reass_remove_oldest_datagram
                0x1000be04      0x124 CMakeFiles/picow_access_point_poll.dir/f28c238e21a8d7a415328780295072c0/lib/lwip/src/core/ipv4/ip4_frag.c.obj
 .text.ip_reass_tmr
                0x1000bf28       0x30 CMakeFiles/picow_access_point_poll.dir/f28c238e21a8d7a415328780295072c0/lib/lwip/src/core/ipv4/ip4_frag.c.obj
                0x1000bf28                ip_reass_tmr
 .text.ip4_reass
                0x1000bf58      0x544 CMakeFiles/picow_access_point_poll.dir/f28c238e21a8d7a415328780295072c0/lib/lwip/src/core/ipv4/ip4_frag.c.obj
                0x1000bf58                ip4_reass
 .text.ip4_frag
                0x1000c49c      0x254 CMakeFiles/picow_access_point_poll.dir/f28c238e21a8d7a415328780295072c0/lib/lwip/src/core/ipv4/ip4_frag.c.obj
                0x1000c49c                ip4_frag
 .text.ip4_route
                0x1000c6f0       0x7c CMakeFiles/picow_access_point_poll.dir/C_/Users/Wasley/.pico-sdk/sdk/2.1.1/lib/lwip/src/core/ipv4/ip4.c.obj
                0x1000c6f0                ip4_route
 .text.ip4_input
                0x1000c76c      0x300 CMakeFiles/picow_access_point_poll.dir/C_/Users/Wasley/.pico-sdk/sdk/2.1.1/lib/lwip/src/core/ipv4/ip4.c.obj
                0x1000c76c                ip4_input
 .text.ip4_output_if
                0x1000ca6c      0x190 CMakeFiles/picow_access_point_poll.dir/C_/Users/Wasley/.pico-sdk/sdk/2.1.1/lib/lwip/src/core/ipv4/ip4.c.obj
                0x1000ca6c                ip4_output_if
 .text.ip4_output_if_src
                0x1000cbfc      0x184 CMakeFiles/picow_access_point_poll.dir/C_/Users/Wasley/.pico-sdk/sdk/2.1.1/lib/lwip/src/core/ipv4/ip4.c.obj
                0x1000cbfc                ip4_output_if_src
 .text.ip4_addr_isbroadcast_u32
                0x1000cd80       0x3c CMakeFiles/picow_access_point_poll.dir/f28c238e21a8d7a415328780295072c0/lib/lwip/src/core/ipv4/ip4_addr.c.obj
                0x1000cd80                ip4_addr_isbroadcast_u32
 .text.ip4addr_ntoa
                0x1000cdbc       0xec CMakeFiles/picow_access_point_poll.dir/f28c238e21a8d7a415328780295072c0/lib/lwip/src/core/ipv4/ip4_addr.c.obj
                0x1000cdbc                ip4addr_ntoa
 .text.ethernet_input
                0x1000cea8       0xd0 CMakeFiles/picow_access_point_poll.dir/C_/Users/Wasley/.pico-sdk/sdk/2.1.1/lib/lwip/src/netif/ethernet.c.obj
                0x1000cea8                ethernet_input
 .text.ethernet_output
                0x1000cf78       0x6c CMakeFiles/picow_access_point_poll.dir/C_/Users/Wasley/.pico-sdk/sdk/2.1.1/lib/lwip/src/netif/ethernet.c.obj
                0x1000cf78                ethernet_output
 .text.cyw43_arch_set_async_context
                0x1000cfe4        0xc CMakeFiles/picow_access_point_poll.dir/c107034687c0993b5a865fece4371777/pico_cyw43_arch/cyw43_arch.c.obj
                0x1000cfe4                cyw43_arch_set_async_context
 .text.cyw43_arch_enable_ap_mode
                0x1000cff0       0x7c CMakeFiles/picow_access_point_poll.dir/c107034687c0993b5a865fece4371777/pico_cyw43_arch/cyw43_arch.c.obj
                0x1000cff0                cyw43_arch_enable_ap_mode
 .text.cyw43_arch_disable_ap_mode
                0x1000d06c       0x28 CMakeFiles/picow_access_point_poll.dir/c107034687c0993b5a865fece4371777/pico_cyw43_arch/cyw43_arch.c.obj
                0x1000d06c                cyw43_arch_disable_ap_mode
 .text.cyw43_arch_async_context
                0x1000d094        0xc CMakeFiles/picow_access_point_poll.dir/c107034687c0993b5a865fece4371777/pico_cyw43_arch/cyw43_arch.c.obj
                0x1000d094                cyw43_arch_async_context
 .text.cyw43_arch_init
                0x1000d0a0       0x68 CMakeFiles/picow_access_point_poll.dir/c107034687c0993b5a865fece4371777/pico_cyw43_arch/cyw43_arch_poll.c.obj
                0x1000d0a0                cyw43_arch_init
 .text.cyw43_arch_deinit
                0x1000d108       0x30 CMakeFiles/picow_access_point_poll.dir/c107034687c0993b5a865fece4371777/pico_cyw43_arch/cyw43_arch_poll.c.obj
                0x1000d108                cyw43_arch_deinit
 .text.ns_delay.constprop.0
                0x1000d138       0x20 CMakeFiles/picow_access_point_poll.dir/23c541754eddb0fcaefa38bde3d2750a/cyw43_bus_pio_spi.c.obj
 .text.cyw43_spi_deinit
                0x1000d158       0x6c CMakeFiles/picow_access_point_poll.dir/23c541754eddb0fcaefa38bde3d2750a/cyw43_bus_pio_spi.c.obj
                0x1000d158                cyw43_spi_deinit
 .text.cyw43_spi_init
                0x1000d1c4      0x128 CMakeFiles/picow_access_point_poll.dir/23c541754eddb0fcaefa38bde3d2750a/cyw43_bus_pio_spi.c.obj
                0x1000d1c4                cyw43_spi_init
 .text.cyw43_spi_transfer
                0x1000d2ec      0x448 CMakeFiles/picow_access_point_poll.dir/23c541754eddb0fcaefa38bde3d2750a/cyw43_bus_pio_spi.c.obj
                0x1000d2ec                cyw43_spi_transfer
 .text.cyw43_spi_gpio_setup
                0x1000d734       0x3c CMakeFiles/picow_access_point_poll.dir/23c541754eddb0fcaefa38bde3d2750a/cyw43_bus_pio_spi.c.obj
                0x1000d734                cyw43_spi_gpio_setup
 .text.cyw43_spi_reset
                0x1000d770       0x28 CMakeFiles/picow_access_point_poll.dir/23c541754eddb0fcaefa38bde3d2750a/cyw43_bus_pio_spi.c.obj
                0x1000d770                cyw43_spi_reset
 .text.read_reg_u32_swap
                0x1000d798       0x44 CMakeFiles/picow_access_point_poll.dir/23c541754eddb0fcaefa38bde3d2750a/cyw43_bus_pio_spi.c.obj
                0x1000d798                read_reg_u32_swap
 .text.cyw43_read_reg_u32
                0x1000d7dc       0x58 CMakeFiles/picow_access_point_poll.dir/23c541754eddb0fcaefa38bde3d2750a/cyw43_bus_pio_spi.c.obj
                0x1000d7dc                cyw43_read_reg_u32
 .text.cyw43_read_reg_u16
                0x1000d834       0x58 CMakeFiles/picow_access_point_poll.dir/23c541754eddb0fcaefa38bde3d2750a/cyw43_bus_pio_spi.c.obj
                0x1000d834                cyw43_read_reg_u16
 .text.cyw43_read_reg_u8
                0x1000d88c       0x58 CMakeFiles/picow_access_point_poll.dir/23c541754eddb0fcaefa38bde3d2750a/cyw43_bus_pio_spi.c.obj
                0x1000d88c                cyw43_read_reg_u8
 .text.write_reg_u32_swap
                0x1000d8e4      0x214 CMakeFiles/picow_access_point_poll.dir/23c541754eddb0fcaefa38bde3d2750a/cyw43_bus_pio_spi.c.obj
                0x1000d8e4                write_reg_u32_swap
 .text.cyw43_write_reg_u32
                0x1000daf8      0x234 CMakeFiles/picow_access_point_poll.dir/23c541754eddb0fcaefa38bde3d2750a/cyw43_bus_pio_spi.c.obj
                0x1000daf8                cyw43_write_reg_u32
 .text.cyw43_write_reg_u16
                0x1000dd2c      0x234 CMakeFiles/picow_access_point_poll.dir/23c541754eddb0fcaefa38bde3d2750a/cyw43_bus_pio_spi.c.obj
                0x1000dd2c                cyw43_write_reg_u16
 .text.cyw43_write_reg_u8
                0x1000df60      0x234 CMakeFiles/picow_access_point_poll.dir/23c541754eddb0fcaefa38bde3d2750a/cyw43_bus_pio_spi.c.obj
                0x1000df60                cyw43_write_reg_u8
 .text.cyw43_read_bytes
                0x1000e194       0x78 CMakeFiles/picow_access_point_poll.dir/23c541754eddb0fcaefa38bde3d2750a/cyw43_bus_pio_spi.c.obj
                0x1000e194                cyw43_read_bytes
 .text.cyw43_write_bytes
                0x1000e20c       0xd4 CMakeFiles/picow_access_point_poll.dir/23c541754eddb0fcaefa38bde3d2750a/cyw43_bus_pio_spi.c.obj
                0x1000e20c                cyw43_write_bytes
 .text.cyw43_set_backplane_window
                0x1000e2e0       0x68 CMakeFiles/picow_access_point_poll.dir/f28c238e21a8d7a415328780295072c0/lib/cyw43-driver/src/cyw43_ll.c.obj
 .text.cyw43_ll_parse_async_event
                0x1000e348      0x138 CMakeFiles/picow_access_point_poll.dir/f28c238e21a8d7a415328780295072c0/lib/cyw43-driver/src/cyw43_ll.c.obj
 .text.cyw43_kso_set
                0x1000e480       0x80 CMakeFiles/picow_access_point_poll.dir/f28c238e21a8d7a415328780295072c0/lib/cyw43-driver/src/cyw43_ll.c.obj
 .text.cyw43_ll_sdpcm_poll_device
                0x1000e500      0x238 CMakeFiles/picow_access_point_poll.dir/f28c238e21a8d7a415328780295072c0/lib/cyw43-driver/src/cyw43_ll.c.obj
 .text.cyw43_sdpcm_send_common
                0x1000e738       0xfc CMakeFiles/picow_access_point_poll.dir/f28c238e21a8d7a415328780295072c0/lib/cyw43-driver/src/cyw43_ll.c.obj
 .text.cyw43_do_ioctl.part.0
                0x1000e834       0xc4 CMakeFiles/picow_access_point_poll.dir/f28c238e21a8d7a415328780295072c0/lib/cyw43-driver/src/cyw43_ll.c.obj
 .text.cyw43_write_iovar_u32.constprop.0
                0x1000e8f8       0x98 CMakeFiles/picow_access_point_poll.dir/f28c238e21a8d7a415328780295072c0/lib/cyw43-driver/src/cyw43_ll.c.obj
 .text.cyw43_write_iovar_n
                0x1000e990       0x8c CMakeFiles/picow_access_point_poll.dir/f28c238e21a8d7a415328780295072c0/lib/cyw43-driver/src/cyw43_ll.c.obj
 .text.cyw43_write_iovar_u32_u32.constprop.0
                0x1000ea1c       0xac CMakeFiles/picow_access_point_poll.dir/f28c238e21a8d7a415328780295072c0/lib/cyw43-driver/src/cyw43_ll.c.obj
 .text.cyw43_read_backplane.constprop.0
                0x1000eac8       0xe4 CMakeFiles/picow_access_point_poll.dir/f28c238e21a8d7a415328780295072c0/lib/cyw43-driver/src/cyw43_ll.c.obj
 .text.cyw43_write_backplane
                0x1000ebac      0x10c CMakeFiles/picow_access_point_poll.dir/f28c238e21a8d7a415328780295072c0/lib/cyw43-driver/src/cyw43_ll.c.obj
 .text.reset_device_core.constprop.0
                0x1000ecb8      0x410 CMakeFiles/picow_access_point_poll.dir/f28c238e21a8d7a415328780295072c0/lib/cyw43-driver/src/cyw43_ll.c.obj
 .text.cyw43_ll_init
                0x1000f0c8       0x1c CMakeFiles/picow_access_point_poll.dir/f28c238e21a8d7a415328780295072c0/lib/cyw43-driver/src/cyw43_ll.c.obj
                0x1000f0c8                cyw43_ll_init
 .text.cyw43_ll_deinit
                0x1000f0e4        0x8 CMakeFiles/picow_access_point_poll.dir/f28c238e21a8d7a415328780295072c0/lib/cyw43-driver/src/cyw43_ll.c.obj
                0x1000f0e4                cyw43_ll_deinit
 .text.cyw43_ll_send_ethernet
                0x1000f0ec       0x60 CMakeFiles/picow_access_point_poll.dir/f28c238e21a8d7a415328780295072c0/lib/cyw43-driver/src/cyw43_ll.c.obj
                0x1000f0ec                cyw43_ll_send_ethernet
 .text.cyw43_ll_process_packets
                0x1000f14c       0x54 CMakeFiles/picow_access_point_poll.dir/f28c238e21a8d7a415328780295072c0/lib/cyw43-driver/src/cyw43_ll.c.obj
                0x1000f14c                cyw43_ll_process_packets
 .text.cyw43_ll_ioctl
                0x1000f1a0       0x80 CMakeFiles/picow_access_point_poll.dir/f28c238e21a8d7a415328780295072c0/lib/cyw43-driver/src/cyw43_ll.c.obj
                0x1000f1a0                cyw43_ll_ioctl
 .text.cyw43_ll_bus_sleep
                0x1000f220       0x34 CMakeFiles/picow_access_point_poll.dir/f28c238e21a8d7a415328780295072c0/lib/cyw43-driver/src/cyw43_ll.c.obj
                0x1000f220                cyw43_ll_bus_sleep
 .text.cyw43_ll_wifi_on
                0x1000f254      0x1f8 CMakeFiles/picow_access_point_poll.dir/f28c238e21a8d7a415328780295072c0/lib/cyw43-driver/src/cyw43_ll.c.obj
                0x1000f254                cyw43_ll_wifi_on
 .text.cyw43_ll_wifi_get_mac
                0x1000f44c       0x78 CMakeFiles/picow_access_point_poll.dir/f28c238e21a8d7a415328780295072c0/lib/cyw43-driver/src/cyw43_ll.c.obj
                0x1000f44c                cyw43_ll_wifi_get_mac
 .text.cyw43_ll_bus_init
                0x1000f4c4      0x8d8 CMakeFiles/picow_access_point_poll.dir/f28c238e21a8d7a415328780295072c0/lib/cyw43-driver/src/cyw43_ll.c.obj
                0x1000f4c4                cyw43_ll_bus_init
 .text.cyw43_ll_wifi_pm
                0x1000fd9c      0x11c CMakeFiles/picow_access_point_poll.dir/f28c238e21a8d7a415328780295072c0/lib/cyw43-driver/src/cyw43_ll.c.obj
                0x1000fd9c                cyw43_ll_wifi_pm
 .text.cyw43_ll_wifi_set_wpa_auth
                0x1000feb8       0x4c CMakeFiles/picow_access_point_poll.dir/f28c238e21a8d7a415328780295072c0/lib/cyw43-driver/src/cyw43_ll.c.obj
                0x1000feb8                cyw43_ll_wifi_set_wpa_auth
 .text.cyw43_ll_wifi_rejoin
                0x1000ff04       0x58 CMakeFiles/picow_access_point_poll.dir/f28c238e21a8d7a415328780295072c0/lib/cyw43-driver/src/cyw43_ll.c.obj
                0x1000ff04                cyw43_ll_wifi_rejoin
 .text.cyw43_ll_wifi_ap_init
                0x1000ff5c      0x4dc CMakeFiles/picow_access_point_poll.dir/f28c238e21a8d7a415328780295072c0/lib/cyw43-driver/src/cyw43_ll.c.obj
                0x1000ff5c                cyw43_ll_wifi_ap_init
 .text.cyw43_ll_wifi_ap_set_up
                0x10010438       0x74 CMakeFiles/picow_access_point_poll.dir/f28c238e21a8d7a415328780295072c0/lib/cyw43-driver/src/cyw43_ll.c.obj
                0x10010438                cyw43_ll_wifi_ap_set_up
 .text.cyw43_ll_has_work
                0x100104ac       0x14 CMakeFiles/picow_access_point_poll.dir/f28c238e21a8d7a415328780295072c0/lib/cyw43-driver/src/cyw43_ll.c.obj
                0x100104ac                cyw43_ll_has_work
 .text.cyw43_netif_init
                0x100104c0       0x3c CMakeFiles/picow_access_point_poll.dir/f28c238e21a8d7a415328780295072c0/lib/cyw43-driver/src/cyw43_lwip.c.obj
 .text.cyw43_netif_output
                0x100104fc       0x34 CMakeFiles/picow_access_point_poll.dir/f28c238e21a8d7a415328780295072c0/lib/cyw43-driver/src/cyw43_lwip.c.obj
 .text.cyw43_cb_tcpip_init
                0x10010530       0xf0 CMakeFiles/picow_access_point_poll.dir/f28c238e21a8d7a415328780295072c0/lib/cyw43-driver/src/cyw43_lwip.c.obj
                0x10010530                cyw43_cb_tcpip_init
 .text.cyw43_cb_tcpip_deinit
                0x10010620       0x4c CMakeFiles/picow_access_point_poll.dir/f28c238e21a8d7a415328780295072c0/lib/cyw43-driver/src/cyw43_lwip.c.obj
                0x10010620                cyw43_cb_tcpip_deinit
 .text.cyw43_cb_process_ethernet
                0x1001066c       0x6c CMakeFiles/picow_access_point_poll.dir/f28c238e21a8d7a415328780295072c0/lib/cyw43-driver/src/cyw43_lwip.c.obj
                0x1001066c                cyw43_cb_process_ethernet
 .text.cyw43_cb_tcpip_set_link_up
                0x100106d8       0x18 CMakeFiles/picow_access_point_poll.dir/f28c238e21a8d7a415328780295072c0/lib/cyw43-driver/src/cyw43_lwip.c.obj
                0x100106d8                cyw43_cb_tcpip_set_link_up
 .text.cyw43_cb_tcpip_set_link_down
                0x100106f0       0x18 CMakeFiles/picow_access_point_poll.dir/f28c238e21a8d7a415328780295072c0/lib/cyw43-driver/src/cyw43_lwip.c.obj
                0x100106f0                cyw43_cb_tcpip_set_link_down
 .text.cyw43_poll_func
                0x10010708       0xc0 CMakeFiles/picow_access_point_poll.dir/f28c238e21a8d7a415328780295072c0/lib/cyw43-driver/src/cyw43_ctrl.c.obj
 .text.cyw43_init
                0x100107c8       0x6c CMakeFiles/picow_access_point_poll.dir/f28c238e21a8d7a415328780295072c0/lib/cyw43-driver/src/cyw43_ctrl.c.obj
                0x100107c8                cyw43_init
 .text.cyw43_deinit
                0x10010834       0x90 CMakeFiles/picow_access_point_poll.dir/f28c238e21a8d7a415328780295072c0/lib/cyw43-driver/src/cyw43_ctrl.c.obj
                0x10010834                cyw43_deinit
 .text.cyw43_cb_read_host_interrupt_pin
                0x100108c4        0xc CMakeFiles/picow_access_point_poll.dir/f28c238e21a8d7a415328780295072c0/lib/cyw43-driver/src/cyw43_ctrl.c.obj
                0x100108c4                cyw43_cb_read_host_interrupt_pin
 .text.cyw43_cb_ensure_awake
                0x100108d0        0xc CMakeFiles/picow_access_point_poll.dir/f28c238e21a8d7a415328780295072c0/lib/cyw43-driver/src/cyw43_ctrl.c.obj
                0x100108d0                cyw43_cb_ensure_awake
 .text.cyw43_cb_process_async_event
                0x100108dc      0x210 CMakeFiles/picow_access_point_poll.dir/f28c238e21a8d7a415328780295072c0/lib/cyw43-driver/src/cyw43_ctrl.c.obj
                0x100108dc                cyw43_cb_process_async_event
 .text.cyw43_send_ethernet
                0x10010aec       0xc0 CMakeFiles/picow_access_point_poll.dir/f28c238e21a8d7a415328780295072c0/lib/cyw43-driver/src/cyw43_ctrl.c.obj
                0x10010aec                cyw43_send_ethernet
 .text.cyw43_wifi_get_mac
                0x10010bac       0x10 CMakeFiles/picow_access_point_poll.dir/f28c238e21a8d7a415328780295072c0/lib/cyw43-driver/src/cyw43_ctrl.c.obj
                0x10010bac                cyw43_wifi_get_mac
 .text.cyw43_wifi_set_up
                0x10010bbc      0x348 CMakeFiles/picow_access_point_poll.dir/f28c238e21a8d7a415328780295072c0/lib/cyw43-driver/src/cyw43_ctrl.c.obj
                0x10010bbc                cyw43_wifi_set_up
 .text.pio_sm_set_pindirs_with_mask64
                0x10010f04       0xac CMakeFiles/picow_access_point_poll.dir/f28c238e21a8d7a415328780295072c0/src/rp2_common/hardware_pio/pio.c.obj
                0x10010f04                pio_sm_set_pindirs_with_mask64
 .text.pio_sm_set_consecutive_pindirs
                0x10010fb0       0xb4 CMakeFiles/picow_access_point_poll.dir/f28c238e21a8d7a415328780295072c0/src/rp2_common/hardware_pio/pio.c.obj
                0x10010fb0                pio_sm_set_consecutive_pindirs
 .text.pio_claim_free_sm_and_add_program_for_gpio_range
                0x10011064      0x184 CMakeFiles/picow_access_point_poll.dir/f28c238e21a8d7a415328780295072c0/src/rp2_common/hardware_pio/pio.c.obj
                0x10011064                pio_claim_free_sm_and_add_program_for_gpio_range
 .text.pio_remove_program_and_unclaim_sm
                0x100111e8       0x40 CMakeFiles/picow_access_point_poll.dir/f28c238e21a8d7a415328780295072c0/src/rp2_common/hardware_pio/pio.c.obj
                0x100111e8                pio_remove_program_and_unclaim_sm
 .text.dma_channel_unclaim
                0x10011228       0x14 CMakeFiles/picow_access_point_poll.dir/f28c238e21a8d7a415328780295072c0/src/rp2_common/hardware_dma/dma.c.obj
                0x10011228                dma_channel_unclaim
 .text.dma_claim_unused_channel
                0x1001123c       0x24 CMakeFiles/picow_access_point_poll.dir/f28c238e21a8d7a415328780295072c0/src/rp2_common/hardware_dma/dma.c.obj
                0x1001123c                dma_claim_unused_channel
 .text.dma_channel_cleanup
                0x10011260       0x64 CMakeFiles/picow_access_point_poll.dir/f28c238e21a8d7a415328780295072c0/src/rp2_common/hardware_dma/dma.c.obj
                0x10011260                dma_channel_cleanup
 .text.cyw43_sleep_timeout_reached
                0x100112c4       0x10 CMakeFiles/picow_access_point_poll.dir/c107034687c0993b5a865fece4371777/pico_cyw43_driver/cyw43_driver.c.obj
 .text.cyw43_irq_init
                0x100112d4       0x28 CMakeFiles/picow_access_point_poll.dir/c107034687c0993b5a865fece4371777/pico_cyw43_driver/cyw43_driver.c.obj
                0x100112d4                cyw43_irq_init
 .text.cyw43_irq_deinit
                0x100112fc       0x20 CMakeFiles/picow_access_point_poll.dir/c107034687c0993b5a865fece4371777/pico_cyw43_driver/cyw43_driver.c.obj
                0x100112fc                cyw43_irq_deinit
 .text.cyw43_gpio_irq_handler
                0x1001131c       0x44 CMakeFiles/picow_access_point_poll.dir/c107034687c0993b5a865fece4371777/pico_cyw43_driver/cyw43_driver.c.obj
 .text.cyw43_do_poll
                0x10011360       0x6c CMakeFiles/picow_access_point_poll.dir/c107034687c0993b5a865fece4371777/pico_cyw43_driver/cyw43_driver.c.obj
 .text.cyw43_post_poll_hook
                0x100113cc       0x10 CMakeFiles/picow_access_point_poll.dir/c107034687c0993b5a865fece4371777/pico_cyw43_driver/cyw43_driver.c.obj
                0x100113cc                cyw43_post_poll_hook
 .text.cyw43_schedule_internal_poll_dispatch
                0x100113dc       0x18 CMakeFiles/picow_access_point_poll.dir/c107034687c0993b5a865fece4371777/pico_cyw43_driver/cyw43_driver.c.obj
                0x100113dc                cyw43_schedule_internal_poll_dispatch
 .text.cyw43_driver_init
                0x100113f4       0x38 CMakeFiles/picow_access_point_poll.dir/c107034687c0993b5a865fece4371777/pico_cyw43_driver/cyw43_driver.c.obj
                0x100113f4                cyw43_driver_init
 .text.cyw43_driver_deinit
                0x1001142c       0x44 CMakeFiles/picow_access_point_poll.dir/c107034687c0993b5a865fece4371777/pico_cyw43_driver/cyw43_driver.c.obj
                0x1001142c                cyw43_driver_deinit
 .text.cyw43_hal_generate_laa_mac
                0x10011470       0x28 CMakeFiles/picow_access_point_poll.dir/c107034687c0993b5a865fece4371777/pico_cyw43_driver/cyw43_driver.c.obj
                0x10011470                cyw43_hal_generate_laa_mac
 .text.cyw43_hal_get_mac
                0x10011498       0x14 CMakeFiles/picow_access_point_poll.dir/c107034687c0993b5a865fece4371777/pico_cyw43_driver/cyw43_driver.c.obj
                0x10011498                cyw43_hal_get_mac
 .text.cyw43_thread_enter
                0x100114ac       0x14 CMakeFiles/picow_access_point_poll.dir/c107034687c0993b5a865fece4371777/pico_cyw43_driver/cyw43_driver.c.obj
                0x100114ac                cyw43_thread_enter
 .text.cyw43_thread_exit
                0x100114c0       0x14 CMakeFiles/picow_access_point_poll.dir/c107034687c0993b5a865fece4371777/pico_cyw43_driver/cyw43_driver.c.obj
                0x100114c0                cyw43_thread_exit
 .text.cyw43_await_background_or_timeout_us
                0x100114d4       0x5c CMakeFiles/picow_access_point_poll.dir/c107034687c0993b5a865fece4371777/pico_cyw43_driver/cyw43_driver.c.obj
                0x100114d4                cyw43_await_background_or_timeout_us
 .text.cyw43_delay_ms
                0x10011530       0x44 CMakeFiles/picow_access_point_poll.dir/c107034687c0993b5a865fece4371777/pico_cyw43_driver/cyw43_driver.c.obj
                0x10011530                cyw43_delay_ms
 .text.cyw43_delay_us
                0x10011574       0x30 CMakeFiles/picow_access_point_poll.dir/c107034687c0993b5a865fece4371777/pico_cyw43_driver/cyw43_driver.c.obj
                0x10011574                cyw43_delay_us
 .text.noop     0x100115a4        0x4 CMakeFiles/picow_access_point_poll.dir/c107034687c0993b5a865fece4371777/pico_async_context/async_context_poll.c.obj
 .text.async_context_poll_execute_sync
                0x100115a8        0x8 CMakeFiles/picow_access_point_poll.dir/c107034687c0993b5a865fece4371777/pico_async_context/async_context_poll.c.obj
                0x100115a8                async_context_poll_execute_sync
 .text.async_context_poll_wait_for_work_until
                0x100115b0       0x24 CMakeFiles/picow_access_point_poll.dir/c107034687c0993b5a865fece4371777/pico_async_context/async_context_poll.c.obj
 .text.async_context_poll_wait_until
                0x100115d4        0xc CMakeFiles/picow_access_point_poll.dir/c107034687c0993b5a865fece4371777/pico_async_context/async_context_poll.c.obj
 .text.async_context_poll_poll
                0x100115e0        0x8 CMakeFiles/picow_access_point_poll.dir/c107034687c0993b5a865fece4371777/pico_async_context/async_context_poll.c.obj
 .text.async_context_poll_requires_update
                0x100115e8       0x10 CMakeFiles/picow_access_point_poll.dir/c107034687c0993b5a865fece4371777/pico_async_context/async_context_poll.c.obj
 .text.async_context_poll_lock_check
                0x100115f8       0x24 CMakeFiles/picow_access_point_poll.dir/c107034687c0993b5a865fece4371777/pico_async_context/async_context_poll.c.obj
 .text.async_context_poll_init_with_defaults
                0x1001161c       0x30 CMakeFiles/picow_access_point_poll.dir/c107034687c0993b5a865fece4371777/pico_async_context/async_context_poll.c.obj
                0x1001161c                async_context_poll_init_with_defaults
 .text.uart_init
                0x1001164c      0x120 CMakeFiles/picow_access_point_poll.dir/68facaa553a6734d13687344bae9af44/rp2_common/hardware_uart/uart.c.obj
                0x1001164c                uart_init
 .text.first_per_core_initializer
                0x1001176c        0x4 CMakeFiles/picow_access_point_poll.dir/68facaa553a6734d13687344bae9af44/rp2_common/pico_runtime/runtime.c.obj
 .text.hard_assertion_failure
                0x10011770        0xc CMakeFiles/picow_access_point_poll.dir/68facaa553a6734d13687344bae9af44/rp2_common/pico_runtime/runtime.c.obj
                0x10011770                hard_assertion_failure
 .text.runtime_run_initializers
                0x1001177c       0x28 CMakeFiles/picow_access_point_poll.dir/68facaa553a6734d13687344bae9af44/rp2_common/pico_runtime/runtime.c.obj
                0x1001177c                runtime_run_initializers
 .text.runtime_init_early_resets
                0x100117a4       0x2c CMakeFiles/picow_access_point_poll.dir/c107034687c0993b5a865fece4371777/pico_runtime_init/runtime_init.c.obj
                0x100117a4                runtime_init_early_resets
 .text.runtime_init_usb_power_down
                0x100117d0       0x1c CMakeFiles/picow_access_point_poll.dir/c107034687c0993b5a865fece4371777/pico_runtime_init/runtime_init.c.obj
                0x100117d0                runtime_init_usb_power_down
 .text.runtime_init_post_clock_resets
                0x100117ec       0x20 CMakeFiles/picow_access_point_poll.dir/c107034687c0993b5a865fece4371777/pico_runtime_init/runtime_init.c.obj
                0x100117ec                runtime_init_post_clock_resets
 .text.runtime_init_rp2040_gpio_ie_disable
                0x1001180c       0x14 CMakeFiles/picow_access_point_poll.dir/c107034687c0993b5a865fece4371777/pico_runtime_init/runtime_init.c.obj
                0x1001180c                runtime_init_rp2040_gpio_ie_disable
 .text.runtime_init_spin_locks_reset
                0x10011820        0x8 CMakeFiles/picow_access_point_poll.dir/c107034687c0993b5a865fece4371777/pico_runtime_init/runtime_init.c.obj
                0x10011820                runtime_init_spin_locks_reset
 .text.runtime_init_install_ram_vector_table
                0x10011828       0x1c CMakeFiles/picow_access_point_poll.dir/c107034687c0993b5a865fece4371777/pico_runtime_init/runtime_init.c.obj
                0x10011828                runtime_init_install_ram_vector_table
 .text.runtime_init_clocks
                0x10011844       0xd8 CMakeFiles/picow_access_point_poll.dir/e252db77ab38118290f2437bfecf6f74/runtime_init_clocks.c.obj
                0x10011844                runtime_init_clocks
 .text          0x1001191c       0x10 CMakeFiles/picow_access_point_poll.dir/c107034687c0993b5a865fece4371777/pico_bit_ops/bit_ops_aeabi.S.obj
 .text.ctzsi    0x1001192c        0xc CMakeFiles/picow_access_point_poll.dir/c107034687c0993b5a865fece4371777/pico_bit_ops/bit_ops_aeabi.S.obj
                0x1001192c                __wrap___ctzsi2
 .text.__wrap___aeabi_idiv
                0x10011938       0x50 CMakeFiles/picow_access_point_poll.dir/c107034687c0993b5a865fece4371777/pico_divider/divider_hardware.S.obj
                0x10011938                __wrap___aeabi_idivmod
                0x10011938                divmod_s32s32
                0x10011938                div_s32s32
                0x10011938                __wrap___aeabi_idiv
                0x10011940                divmod_s32s32_unsafe
                0x1001196c                divmod_s32s32_savestate
 .text.__wrap___aeabi_uidiv
                0x10011988       0x4c CMakeFiles/picow_access_point_poll.dir/c107034687c0993b5a865fece4371777/pico_divider/divider_hardware.S.obj
                0x10011988                __wrap___aeabi_uidiv
                0x10011988                __wrap___aeabi_uidivmod
                0x10011988                div_u32u32
                0x10011988                divmod_u32u32
                0x10011990                divmod_u32u32_unsafe
                0x100119b8                divmod_u32u32_savestate
 .text.__wrap___aeabi_ldiv
                0x100119d4      0x424 CMakeFiles/picow_access_point_poll.dir/c107034687c0993b5a865fece4371777/pico_divider/divider_hardware.S.obj
                0x100119d4                div_s64s64
                0x100119d4                divmod_s64s64
                0x100119d4                __wrap___aeabi_ldivmod
                0x10011a04                divmod_u64u64
                0x10011a04                div_u64u64
                0x10011a04                __wrap___aeabi_uldivmod
                0x10011a14                divmod_u64u64_savestate
                0x10011a34                divmod_s64s64_unsafe
                0x10011abc                divmod_u64u64_unsafe
 .text.__wrap___aeabi_darithmetic
                0x10011df8       0x60 CMakeFiles/picow_access_point_poll.dir/c107034687c0993b5a865fece4371777/pico_double/double_aeabi_rp2040.S.obj
                0x10011df8                __wrap___aeabi_drsub
                0x10011dfe                __wrap___aeabi_dsub
                0x10011e08                __wrap___aeabi_dadd
                0x10011e12                __wrap___aeabi_ddiv
                0x10011e46                __wrap___aeabi_dmul
 .text.__wrap___aeabi_cdcmple
                0x10011e58       0x6c CMakeFiles/picow_access_point_poll.dir/c107034687c0993b5a865fece4371777/pico_double/double_aeabi_rp2040.S.obj
                0x10011e58                __wrap___aeabi_cdrcmple
                0x10011e68                __wrap___aeabi_cdcmpeq
                0x10011e68                __wrap___aeabi_cdcmple
 .text.__wrap___aeabi_dcmpeq
                0x10011ec4       0x10 CMakeFiles/picow_access_point_poll.dir/c107034687c0993b5a865fece4371777/pico_double/double_aeabi_rp2040.S.obj
                0x10011ec4                __wrap___aeabi_dcmpeq
 .text.__wrap___aeabi_dcmplt
                0x10011ed4        0xc CMakeFiles/picow_access_point_poll.dir/c107034687c0993b5a865fece4371777/pico_double/double_aeabi_rp2040.S.obj
                0x10011ed4                __wrap___aeabi_dcmplt
 .text.__wrap___aeabi_dcmple
                0x10011ee0       0x10 CMakeFiles/picow_access_point_poll.dir/c107034687c0993b5a865fece4371777/pico_double/double_aeabi_rp2040.S.obj
                0x10011ee0                __wrap___aeabi_dcmple
 .text.__wrap___aeabi_dcmpge
                0x10011ef0       0x10 CMakeFiles/picow_access_point_poll.dir/c107034687c0993b5a865fece4371777/pico_double/double_aeabi_rp2040.S.obj
                0x10011ef0                __wrap___aeabi_dcmpge
 .text.__wrap___aeabi_dcmpgt
                0x10011f00        0xa CMakeFiles/picow_access_point_poll.dir/c107034687c0993b5a865fece4371777/pico_double/double_aeabi_rp2040.S.obj
                0x10011f00                __wrap___aeabi_dcmpgt
 .text.__wrap___aeabi_dcmpun
                0x10011f0a       0x18 CMakeFiles/picow_access_point_poll.dir/c107034687c0993b5a865fece4371777/pico_double/double_aeabi_rp2040.S.obj
                0x10011f0a                __wrap___aeabi_dcmpun
 *fill*         0x10011f22        0x2 
 .text.__wrap___aeabi_i2d
                0x10011f24       0x38 CMakeFiles/picow_access_point_poll.dir/c107034687c0993b5a865fece4371777/pico_double/double_aeabi_rp2040.S.obj
                0x10011f24                uint2double
                0x10011f24                __wrap___aeabi_ui2d
                0x10011f2c                int2double
                0x10011f2c                __wrap___aeabi_i2d
 .text.__wrap___aeabi_d2iz
                0x10011f5c       0x48 CMakeFiles/picow_access_point_poll.dir/c107034687c0993b5a865fece4371777/pico_double/double_aeabi_rp2040.S.obj
                0x10011f5c                double2int_z
                0x10011f5c                __wrap___aeabi_d2iz
 .text.__wrap___aeabi_d2uiz
                0x10011fa4       0x10 CMakeFiles/picow_access_point_poll.dir/c107034687c0993b5a865fece4371777/pico_double/double_aeabi_rp2040.S.obj
                0x10011fa4                double2uint
                0x10011fa4                __wrap___aeabi_d2uiz
                0x10011fa4                double2uint_z
 .text.__wrap___aeabi_l2d
                0x10011fb4       0x10 CMakeFiles/picow_access_point_poll.dir/c107034687c0993b5a865fece4371777/pico_double/double_aeabi_rp2040.S.obj
                0x10011fb4                int642double
                0x10011fb4                __wrap___aeabi_l2d
 .text.__wrap___aeabi_d2lz
                0x10011fc4       0x26 CMakeFiles/picow_access_point_poll.dir/c107034687c0993b5a865fece4371777/pico_double/double_aeabi_rp2040.S.obj
                0x10011fc4                double2int64_z
                0x10011fc4                __wrap___aeabi_d2lz
 *fill*         0x10011fea        0x2 
 .text.double2int64
                0x10011fec       0x10 CMakeFiles/picow_access_point_poll.dir/c107034687c0993b5a865fece4371777/pico_double/double_aeabi_rp2040.S.obj
                0x10011fec                double2int64
 .text.double2ufix64
                0x10011ffc       0x10 CMakeFiles/picow_access_point_poll.dir/c107034687c0993b5a865fece4371777/pico_double/double_aeabi_rp2040.S.obj
                0x10011ffc                double2ufix64_z
                0x10011ffc                double2ufix64
 .text.__wrap___aeabi_d2f
                0x1001200c       0x10 CMakeFiles/picow_access_point_poll.dir/c107034687c0993b5a865fece4371777/pico_double/double_aeabi_rp2040.S.obj
                0x1001200c                __wrap___aeabi_d2f
 .text.missing_double_func_shim
                0x1001201c        0xc CMakeFiles/picow_access_point_poll.dir/fdfd8b12d158018f9ed7de8c6f0e037f/double_init_rom_rp2040.c.obj
 .text.__aeabi_double_init
                0x10012028       0xa0 CMakeFiles/picow_access_point_poll.dir/fdfd8b12d158018f9ed7de8c6f0e037f/double_init_rom_rp2040.c.obj
                0x10012028                __aeabi_double_init
 .text.double_table_shim_on_use_helper
                0x100120c8       0x2c CMakeFiles/picow_access_point_poll.dir/fdfd8b12d158018f9ed7de8c6f0e037f/double_v1_rom_shim_rp2040.S.obj
                0x100120c8                double_table_shim_on_use_helper
 .text.__aeabi_lmul
                0x100120f4       0x32 CMakeFiles/picow_access_point_poll.dir/7fa503a6fb483deea2e42a0e15a7838f/pico_int64_ops_aeabi.S.obj
                0x100120f4                __wrap___aeabi_lmul
 *fill*         0x10012126        0x2 
 .text.missing_float_func_shim
                0x10012128        0xc CMakeFiles/picow_access_point_poll.dir/be899572fcf3ac9c0977d7a1cee7e57c/float_init_rom_rp2040.c.obj
 .text.__aeabi_float_init
                0x10012134       0x5c CMakeFiles/picow_access_point_poll.dir/be899572fcf3ac9c0977d7a1cee7e57c/float_init_rom_rp2040.c.obj
                0x10012134                __aeabi_float_init
 .text.__wrap_malloc
                0x10012190       0x24 CMakeFiles/picow_access_point_poll.dir/68facaa553a6734d13687344bae9af44/rp2_common/pico_malloc/malloc.c.obj
                0x10012190                __wrap_malloc
 .text.__wrap_calloc
                0x100121b4       0x28 CMakeFiles/picow_access_point_poll.dir/68facaa553a6734d13687344bae9af44/rp2_common/pico_malloc/malloc.c.obj
                0x100121b4                __wrap_calloc
 .text.__wrap_realloc
                0x100121dc       0x24 CMakeFiles/picow_access_point_poll.dir/68facaa553a6734d13687344bae9af44/rp2_common/pico_malloc/malloc.c.obj
                0x100121dc                __wrap_realloc
 .text.__wrap_free
                0x10012200        0x8 CMakeFiles/picow_access_point_poll.dir/68facaa553a6734d13687344bae9af44/rp2_common/pico_malloc/malloc.c.obj
                0x10012200                __wrap_free
 .text          0x10012208       0x10 CMakeFiles/picow_access_point_poll.dir/c107034687c0993b5a865fece4371777/pico_mem_ops/mem_ops_aeabi.S.obj
                0x10012208                __aeabi_mem_init
 .text.memset   0x10012218        0xc CMakeFiles/picow_access_point_poll.dir/c107034687c0993b5a865fece4371777/pico_mem_ops/mem_ops_aeabi.S.obj
                0x10012218                __wrap_memset
 .text.memcpy   0x10012224        0xc CMakeFiles/picow_access_point_poll.dir/c107034687c0993b5a865fece4371777/pico_mem_ops/mem_ops_aeabi.S.obj
                0x10012224                __wrap_memcpy
                0x10012224                __wrap___aeabi_memcpy
 .text._out_buffer
                0x10012230        0x8 CMakeFiles/picow_access_point_poll.dir/68facaa553a6734d13687344bae9af44/rp2_common/pico_printf/printf.c.obj
 .text._out_null
                0x10012238        0x4 CMakeFiles/picow_access_point_poll.dir/68facaa553a6734d13687344bae9af44/rp2_common/pico_printf/printf.c.obj
 .text._out_rev
                0x1001223c       0xac CMakeFiles/picow_access_point_poll.dir/68facaa553a6734d13687344bae9af44/rp2_common/pico_printf/printf.c.obj
 .text._ntoa_format
                0x100122e8      0x1cc CMakeFiles/picow_access_point_poll.dir/68facaa553a6734d13687344bae9af44/rp2_common/pico_printf/printf.c.obj
 .text._out_char
                0x100124b4       0x10 CMakeFiles/picow_access_point_poll.dir/68facaa553a6734d13687344bae9af44/rp2_common/pico_printf/printf.c.obj
 .text._out_fct
                0x100124c4       0x10 CMakeFiles/picow_access_point_poll.dir/68facaa553a6734d13687344bae9af44/rp2_common/pico_printf/printf.c.obj
 .text._ftoa    0x100124d4      0x4a8 CMakeFiles/picow_access_point_poll.dir/68facaa553a6734d13687344bae9af44/rp2_common/pico_printf/printf.c.obj
 .text._etoa    0x1001297c      0x57c CMakeFiles/picow_access_point_poll.dir/68facaa553a6734d13687344bae9af44/rp2_common/pico_printf/printf.c.obj
 .text._vsnprintf
                0x10012ef8      0xbe0 CMakeFiles/picow_access_point_poll.dir/68facaa553a6734d13687344bae9af44/rp2_common/pico_printf/printf.c.obj
 .text.__wrap_sprintf
                0x10013ad8       0x2c CMakeFiles/picow_access_point_poll.dir/68facaa553a6734d13687344bae9af44/rp2_common/pico_printf/printf.c.obj
                0x10013ad8                __wrap_sprintf
 .text.__wrap_snprintf
                0x10013b04       0x28 CMakeFiles/picow_access_point_poll.dir/68facaa553a6734d13687344bae9af44/rp2_common/pico_printf/printf.c.obj
                0x10013b04                __wrap_snprintf
 .text.vfctprintf
                0x10013b2c       0x24 CMakeFiles/picow_access_point_poll.dir/68facaa553a6734d13687344bae9af44/rp2_common/pico_printf/printf.c.obj
                0x10013b2c                vfctprintf
 .text.weak_raw_printf
                0x10013b50       0x40 CMakeFiles/picow_access_point_poll.dir/68facaa553a6734d13687344bae9af44/rp2_common/pico_printf/printf.c.obj
                0x10013b50                weak_raw_printf
 .text.weak_raw_vprintf
                0x10013b90       0x30 CMakeFiles/picow_access_point_poll.dir/68facaa553a6734d13687344bae9af44/rp2_common/pico_printf/printf.c.obj
                0x10013b90                weak_raw_vprintf