Archive member included to satisfy reference by file (symbol)

C:/Users/Wasley/.pico-sdk/toolchain/14_2_Rel1/bin/../lib/gcc/arm-none-eabi/14.2.1/thumb/v6-m/nofp\libgcc.a(_dvmd_tls.o)
                              CMakeFiles/picow_access_point_background.dir/c107034687c0993b5a865fece4371777/pico_divider/divider_hardware.S.obj (__aeabi_idiv0)
C:/Users/Wasley/.pico-sdk/toolchain/14_2_Rel1/bin/../lib/gcc/arm-none-eabi/14.2.1/thumb/v6-m/nofp\libg.a(libc_a-atoi.o)
                              CMakeFiles/picow_access_point_background.dir/C_/Users/Wasley/.pico-sdk/sdk/2.1.1/lib/lwip/src/core/netif.c.obj (atoi)
C:/Users/Wasley/.pico-sdk/toolchain/14_2_Rel1/bin/../lib/gcc/arm-none-eabi/14.2.1/thumb/v6-m/nofp\libg.a(libc_a-calloc.o)
                              CMakeFiles/picow_access_point_background.dir/f28c238e21a8d7a415328780295072c0/src/rp2_common/pico_malloc/malloc.c.obj (calloc)
C:/Users/Wasley/.pico-sdk/toolchain/14_2_Rel1/bin/../lib/gcc/arm-none-eabi/14.2.1/thumb/v6-m/nofp\libg.a(libc_a-callocr.o)
                              C:/Users/Wasley/.pico-sdk/toolchain/14_2_Rel1/bin/../lib/gcc/arm-none-eabi/14.2.1/thumb/v6-m/nofp\libg.a(libc_a-calloc.o) (_calloc_r)
C:/Users/Wasley/.pico-sdk/toolchain/14_2_Rel1/bin/../lib/gcc/arm-none-eabi/14.2.1/thumb/v6-m/nofp\libg.a(libc_a-malloc.o)
                              CMakeFiles/picow_access_point_background.dir/f28c238e21a8d7a415328780295072c0/src/rp2_common/pico_malloc/malloc.c.obj (malloc)
C:/Users/Wasley/.pico-sdk/toolchain/14_2_Rel1/bin/../lib/gcc/arm-none-eabi/14.2.1/thumb/v6-m/nofp\libg.a(libc_a-mallocr.o)
                              C:/Users/Wasley/.pico-sdk/toolchain/14_2_Rel1/bin/../lib/gcc/arm-none-eabi/14.2.1/thumb/v6-m/nofp\libg.a(libc_a-callocr.o) (_malloc_r)
C:/Users/Wasley/.pico-sdk/toolchain/14_2_Rel1/bin/../lib/gcc/arm-none-eabi/14.2.1/thumb/v6-m/nofp\libg.a(libc_a-mlock.o)
                              C:/Users/Wasley/.pico-sdk/toolchain/14_2_Rel1/bin/../lib/gcc/arm-none-eabi/14.2.1/thumb/v6-m/nofp\libg.a(libc_a-mallocr.o) (__malloc_lock)
C:/Users/Wasley/.pico-sdk/toolchain/14_2_Rel1/bin/../lib/gcc/arm-none-eabi/14.2.1/thumb/v6-m/nofp\libg.a(libc_a-realloc.o)
                              CMakeFiles/picow_access_point_background.dir/f28c238e21a8d7a415328780295072c0/src/rp2_common/pico_malloc/malloc.c.obj (realloc)
C:/Users/Wasley/.pico-sdk/toolchain/14_2_Rel1/bin/../lib/gcc/arm-none-eabi/14.2.1/thumb/v6-m/nofp\libg.a(libc_a-reallocr.o)
                              C:/Users/Wasley/.pico-sdk/toolchain/14_2_Rel1/bin/../lib/gcc/arm-none-eabi/14.2.1/thumb/v6-m/nofp\libg.a(libc_a-realloc.o) (_realloc_r)
C:/Users/Wasley/.pico-sdk/toolchain/14_2_Rel1/bin/../lib/gcc/arm-none-eabi/14.2.1/thumb/v6-m/nofp\libg.a(libc_a-strtol.o)
                              C:/Users/Wasley/.pico-sdk/toolchain/14_2_Rel1/bin/../lib/gcc/arm-none-eabi/14.2.1/thumb/v6-m/nofp\libg.a(libc_a-atoi.o) (_strtol_r)
C:/Users/Wasley/.pico-sdk/toolchain/14_2_Rel1/bin/../lib/gcc/arm-none-eabi/14.2.1/thumb/v6-m/nofp\libg.a(libc_a-ctype_.o)
                              CMakeFiles/picow_access_point_background.dir/ssd1306_i2c.c.obj (_ctype_)
C:/Users/Wasley/.pico-sdk/toolchain/14_2_Rel1/bin/../lib/gcc/arm-none-eabi/14.2.1/thumb/v6-m/nofp\libg.a(libc_a-sscanf.o)
                              CMakeFiles/picow_access_point_background.dir/picow_access_point.c.obj (sscanf)
C:/Users/Wasley/.pico-sdk/toolchain/14_2_Rel1/bin/../lib/gcc/arm-none-eabi/14.2.1/thumb/v6-m/nofp\libg.a(libc_a-stdio.o)
                              C:/Users/Wasley/.pico-sdk/toolchain/14_2_Rel1/bin/../lib/gcc/arm-none-eabi/14.2.1/thumb/v6-m/nofp\libg.a(libc_a-sscanf.o) (__seofread)
C:/Users/Wasley/.pico-sdk/toolchain/14_2_Rel1/bin/../lib/gcc/arm-none-eabi/14.2.1/thumb/v6-m/nofp\libg.a(libc_a-memcmp.o)
                              CMakeFiles/picow_access_point_background.dir/dhcpserver/dhcpserver.c.obj (memcmp)
C:/Users/Wasley/.pico-sdk/toolchain/14_2_Rel1/bin/../lib/gcc/arm-none-eabi/14.2.1/thumb/v6-m/nofp\libg.a(libc_a-memmove.o)
                              CMakeFiles/picow_access_point_background.dir/C_/Users/Wasley/.pico-sdk/sdk/2.1.1/lib/lwip/src/core/def.c.obj (memmove)
C:/Users/Wasley/.pico-sdk/toolchain/14_2_Rel1/bin/../lib/gcc/arm-none-eabi/14.2.1/thumb/v6-m/nofp\libg.a(libc_a-strchr.o)
                              CMakeFiles/picow_access_point_background.dir/picow_access_point.c.obj (strchr)
C:/Users/Wasley/.pico-sdk/toolchain/14_2_Rel1/bin/../lib/gcc/arm-none-eabi/14.2.1/thumb/v6-m/nofp\libg.a(libc_a-strncmp.o)
                              CMakeFiles/picow_access_point_background.dir/picow_access_point.c.obj (strncmp)
C:/Users/Wasley/.pico-sdk/toolchain/14_2_Rel1/bin/../lib/gcc/arm-none-eabi/14.2.1/thumb/v6-m/nofp\libg.a(libc_a-strtok.o)
                              CMakeFiles/picow_access_point_background.dir/picow_access_point.c.obj (strtok)
C:/Users/Wasley/.pico-sdk/toolchain/14_2_Rel1/bin/../lib/gcc/arm-none-eabi/14.2.1/thumb/v6-m/nofp\libg.a(libc_a-strtok_r.o)
[...]
Memory Configuration

Name             Origin             Length             Attributes
FLASH            0x10000000         0x00200000         xr
RAM              0x20000000         0x00040000         xrw
SCRATCH_X        0x20040000         0x00001000         xrw
SCRATCH_Y        0x20041000         0x00001000         xrw
*default*        0x00000000         0xffffffff

Linker script and memory map

LOAD C:/Users/Wasley/.pico-sdk/toolchain/14_2_Rel1/bin/../lib/gcc/arm-none-eabi/14.2.1/thumb/v6-m/nofp/crti.o
LOAD C:/Users/Wasley/.pico-sdk/toolchain/14_2_Rel1/bin/../lib/gcc/arm-none-eabi/14.2.1/thumb/v6-m/nofp/crtbegin.o
LOAD C:/Users/Wasley/.pico-sdk/toolchain/14_2_Rel1/bin/../lib/gcc/arm-none-eabi/14.2.1/thumb/v6-m/nofp/crt0.o

.flash_begin    0x10000000        0x0
                0x10000000                        __flash_binary_start = .

.boot2          0x10000000      0x100
                0x10000000                        __boot2_start__ = .
 *(.boot2)
 .boot2         0x10000000      0x100 pico-sdk/src/rp2040/boot_stage2/CMakeFiles/bs2_default_library.dir/./bs2_default_padded_checksummed.S.obj
                0x10000100                        __boot2_end__ = .
                0x00000001                        ASSERT (((__boot2_end__ - __boot2_start__) == 0x100), ERROR: Pico second stage bootloader must be 256 bytes in size)

.text           0x10000100    0x1ac74
                0x10000100                        __logical_binary_start = .
 *(.vectors)
 .vectors       0x10000100       0xd4 CMakeFiles/picow_access_point_background.dir/C_/Users/Wasley/.pico-sdk/sdk/2.1.1/src/rp2_common/pico_crt0/crt0.S.obj
                0x10000100                __VECTOR_TABLE
                0x10000100                __vectors
                0x100001c0                isr_invalid
                0x100001c0                __default_isrs_start
                0x100001c2                isr_nmi
                0x100001c4                isr_hardfault
                0x100001c6                isr_svcall
                0x100001c8                isr_pendsv
                0x100001ca                isr_systick
                0x100001cc                isr_irq23
                0x100001cc                isr_irq18
                0x100001cc                isr_irq11
                0x100001cc                isr_irq28
                0x100001cc                isr_irq19
                0x100001cc                isr_irq0
                0x100001cc                isr_irq6
                0x100001cc                isr_irq5
                0x100001cc                isr_irq12
                0x100001cc                isr_irq22
                0x100001cc                isr_irq31
                0x100001cc                isr_irq17
                0x100001cc                isr_irq27
                0x100001cc                isr_irq30
                0x100001cc                isr_irq2
                0x100001cc                isr_irq10
                0x100001cc                isr_irq8
                0x100001cc                isr_irq24
                0x100001cc                isr_irq1
                0x100001cc                isr_irq7
                0x100001cc                isr_irq21
                0x100001cc                isr_irq20
                0x100001cc                isr_irq15
                0x100001cc                isr_irq25
                0x100001cc                isr_irq13
                0x100001cc                __unhandled_user_irq
                0x100001cc                isr_irq4
                0x100001cc                isr_irq16
                0x100001cc                isr_irq29
                0x100001cc                isr_irq26
                0x100001cc                __default_isrs_end
                0x100001cc                isr_irq3
                0x100001cc                isr_irq14
                0x100001cc                isr_irq9
                0x100001d2                unhandled_user_irq_num_in_r0
 *(.binary_info_header)
 .binary_info_header
                0x100001d4       0x14 CMakeFiles/picow_access_point_background.dir/C_/Users/Wasley/.pico-sdk/sdk/2.1.1/src/rp2_common/pico_crt0/crt0.S.obj
                0x100001e8                        __binary_info_header_end = .
 *(.embedded_block)
                0x100001e8                        __embedded_block_end = .
 *(.reset)
 .reset         0x100001e8       0x9c CMakeFiles/picow_access_point_background.dir/C_/Users/Wasley/.pico-sdk/sdk/2.1.1/src/rp2_common/pico_crt0/crt0.S.obj
                0x100001e8                _entry_point
 *(.init)
 .init          0x10000284        0x4 C:/Users/Wasley/.pico-sdk/toolchain/14_2_Rel1/bin/../lib/gcc/arm-none-eabi/14.2.1/thumb/v6-m/nofp/crti.o
                0x10000284                _init
 *(EXCLUDE_FILE(*libm.a: *libc.a:*lib_a-mem*.o *libgcc.a:) .text*)
 .text.register_tm_clones
                0x10000288       0x28 C:/Users/Wasley/.pico-sdk/toolchain/14_2_Rel1/bin/../lib/gcc/arm-none-eabi/14.2.1/thumb/v6-m/nofp/crtbegin.o
 .text.frame_dummy
                0x100002b0       0x24 C:/Users/Wasley/.pico-sdk/toolchain/14_2_Rel1/bin/../lib/gcc/arm-none-eabi/14.2.1/thumb/v6-m/nofp/crtbegin.o
 .text.tcp_server_accept
                0x100002d4       0x34 CMakeFiles/picow_access_point_background.dir/picow_access_point.c.obj
 .text.key_pressed_func
                0x10000308       0x24 CMakeFiles/picow_access_point_background.dir/picow_access_point.c.obj
                0x10000308                key_pressed_func
 .text.alarme_callback
                0x1000032c       0xf0 CMakeFiles/picow_access_point_background.dir/picow_access_point.c.obj
                0x1000032c                alarme_callback
 .text.atualizar_display
                0x1000041c      0x140 CMakeFiles/picow_access_point_background.dir/picow_access_point.c.obj
                0x1000041c                atualizar_display
 .text.init_leds
                0x1000055c       0x40 CMakeFiles/picow_access_point_background.dir/picow_access_point.c.obj
                0x1000055c                init_leds
 .text.parse_params
                0x1000059c      0x1b4 CMakeFiles/picow_access_point_background.dir/picow_access_point.c.obj
                0x1000059c                parse_params
 .text.tcp_server_recv
                0x10000750      0x12c CMakeFiles/picow_access_point_background.dir/picow_access_point.c.obj
                0x10000750                tcp_server_recv
 .text.startup.main
                0x1000087c      0x124 CMakeFiles/picow_access_point_background.dir/picow_access_point.c.obj
                0x1000087c                main
 .text.dhcp_server_process
                0x100009a0      0x654 CMakeFiles/picow_access_point_background.dir/dhcpserver/dhcpserver.c.obj
 .text.dhcp_server_init
                0x10000ff4       0x3c CMakeFiles/picow_access_point_background.dir/dhcpserver/dhcpserver.c.obj
                0x10000ff4                dhcp_server_init
 .text.dns_server_process
                0x10001030      0x144 CMakeFiles/picow_access_point_background.dir/dnsserver/dnsserver.c.obj
 .text.dns_server_init
                0x10001174       0x48 CMakeFiles/picow_access_point_background.dir/dnsserver/dnsserver.c.obj
                0x10001174                dns_server_init
 .text.calculate_render_area_buffer_length
                0x100011bc       0x18 CMakeFiles/picow_access_point_background.dir/ssd1306_i2c.c.obj
                0x100011bc                calculate_render_area_buffer_length
 .text.ssd1306_init
                0x100011d4       0x58 CMakeFiles/picow_access_point_background.dir/ssd1306_i2c.c.obj
                0x100011d4                ssd1306_init
 .text.render_on_display
                0x1000122c       0x98 CMakeFiles/picow_access_point_background.dir/ssd1306_i2c.c.obj
                0x1000122c                render_on_display
 .text.ssd1306_draw_char
                0x100012c4       0x70 CMakeFiles/picow_access_point_background.dir/ssd1306_i2c.c.obj
                0x100012c4                ssd1306_draw_char
 .text.lwip_timeout_reached
                0x10001334        0x8 CMakeFiles/picow_access_point_background.dir/68facaa553a6734d13687344bae9af44/rp2_common/pico_lwip/lwip_nosys.c.obj
 .text.update_next_timeout
                0x1000133c       0x5c CMakeFiles/picow_access_point_background.dir/68facaa553a6734d13687344bae9af44/rp2_common/pico_lwip/lwip_nosys.c.obj
 .text.lwip_nosys_init
                0x10001398       0x30 CMakeFiles/picow_access_point_background.dir/68facaa553a6734d13687344bae9af44/rp2_common/pico_lwip/lwip_nosys.c.obj
                0x10001398                lwip_nosys_init
 .text.lwip_nosys_deinit
                0x100013c8       0x20 CMakeFiles/picow_access_point_background.dir/68facaa553a6734d13687344bae9af44/rp2_common/pico_lwip/lwip_nosys.c.obj
                0x100013c8                lwip_nosys_deinit
 .text.sys_arch_protect
                0x100013e8        0x4 CMakeFiles/picow_access_point_background.dir/68facaa553a6734d13687344bae9af44/rp2_common/pico_lwip/lwip_nosys.c.obj
                0x100013e8                sys_arch_protect
 .text.sys_arch_unprotect
                0x100013ec        0x4 CMakeFiles/picow_access_point_background.dir/68facaa553a6734d13687344bae9af44/rp2_common/pico_lwip/lwip_nosys.c.obj
                0x100013ec                sys_arch_unprotect
 .text.sys_now  0x100013f0       0x20 CMakeFiles/picow_access_point_background.dir/68facaa553a6734d13687344bae9af44/rp2_common/pico_lwip/lwip_nosys.c.obj
                0x100013f0                sys_now
 .text.async_context_base_add_at_time_worker
                0x10001410       0x28 CMakeFiles/picow_access_point_background.dir/cd1ecb54730339c38b535292f6d159b3/async_context_base.c.obj
                0x10001410                async_context_base_add_at_time_worker
 .text.async_context_base_remove_at_time_worker
                0x10001438       0x24 CMakeFiles/picow_access_point_background.dir/cd1ecb54730339c38b535292f6d159b3/async_context_base.c.obj
                0x10001438                async_context_base_remove_at_time_worker
 .text.async_context_base_add_when_pending_worker
                0x1000145c       0x24 CMakeFiles/picow_access_point_background.dir/cd1ecb54730339c38b535292f6d159b3/async_context_base.c.obj
                0x1000145c                async_context_base_add_when_pending_worker
 .text.async_context_base_remove_when_pending_worker
                0x10001480       0x24 CMakeFiles/picow_access_point_background.dir/cd1ecb54730339c38b535292f6d159b3/async_context_base.c.obj
                0x10001480                async_context_base_remove_when_pending_worker
 .text.async_context_base_execute_once
                0x100014a4      0x108 CMakeFiles/picow_access_point_background.dir/cd1ecb54730339c38b535292f6d159b3/async_context_base.c.obj
                0x100014a4                async_context_base_execute_once
 .text.panic    0x100015ac       0x30 CMakeFiles/picow_access_point_background.dir/c107034687c0993b5a865fece4371777/pico_platform_panic/panic.c.obj
                0x100015ac                panic
 .text.splitmix64
                0x100015dc       0x58 CMakeFiles/picow_access_point_background.dir/C_/Users/Wasley/.pico-sdk/sdk/2.1.1/src/rp2_common/pico_rand/rand.c.obj
 .text.xoroshiro128ss
                0x10001634       0x90 CMakeFiles/picow_access_point_background.dir/C_/Users/Wasley/.pico-sdk/sdk/2.1.1/src/rp2_common/pico_rand/rand.c.obj
 .text.get_rand_64
                0x100016c4      0x47c CMakeFiles/picow_access_point_background.dir/C_/Users/Wasley/.pico-sdk/sdk/2.1.1/src/rp2_common/pico_rand/rand.c.obj
                0x100016c4                get_rand_64
 .text.get_rand_32
                0x10001b40        0x8 CMakeFiles/picow_access_point_background.dir/C_/Users/Wasley/.pico-sdk/sdk/2.1.1/src/rp2_common/pico_rand/rand.c.obj
                0x10001b40                get_rand_32
 .text.startup._retrieve_unique_id_on_boot
                0x10001b48       0x10 CMakeFiles/picow_access_point_background.dir/c107034687c0993b5a865fece4371777/pico_unique_id/unique_id.c.obj
 .text.pico_get_unique_board_id
                0x10001b58       0x10 CMakeFiles/picow_access_point_background.dir/c107034687c0993b5a865fece4371777/pico_unique_id/unique_id.c.obj
                0x10001b58                pico_get_unique_board_id
 .text.flash_get_unique_id
                0x10001b68       0x3c CMakeFiles/picow_access_point_background.dir/68facaa553a6734d13687344bae9af44/rp2_common/hardware_flash/flash.c.obj
                0x10001b68                flash_get_unique_id
 .text.hw_claim_lock
                0x10001ba4       0x18 CMakeFiles/picow_access_point_background.dir/f28c238e21a8d7a415328780295072c0/src/common/hardware_claim/claim.c.obj
                0x10001ba4                hw_claim_lock
 .text.hw_claim_unlock
                0x10001bbc       0x14 CMakeFiles/picow_access_point_background.dir/f28c238e21a8d7a415328780295072c0/src/common/hardware_claim/claim.c.obj
                0x10001bbc                hw_claim_unlock
 .text.hw_claim_or_assert
                0x10001bd0       0x44 CMakeFiles/picow_access_point_background.dir/f28c238e21a8d7a415328780295072c0/src/common/hardware_claim/claim.c.obj
                0x10001bd0                hw_claim_or_assert
 .text.hw_claim_unused_from_range
                0x10001c14       0x88 CMakeFiles/picow_access_point_background.dir/f28c238e21a8d7a415328780295072c0/src/common/hardware_claim/claim.c.obj
                0x10001c14                hw_claim_unused_from_range
 .text.hw_claim_clear
                0x10001c9c       0x38 CMakeFiles/picow_access_point_background.dir/f28c238e21a8d7a415328780295072c0/src/common/hardware_claim/claim.c.obj
                0x10001c9c                hw_claim_clear
 .text.next_striped_spin_lock_num
                0x10001cd4       0x18 CMakeFiles/picow_access_point_background.dir/f28c238e21a8d7a415328780295072c0/src/rp2_common/hardware_sync/sync.c.obj
                0x10001cd4                next_striped_spin_lock_num
 .text.spin_locks_reset
                0x10001cec       0x1c CMakeFiles/picow_access_point_background.dir/a596ae8d4c9b1df600aa95f0ecb43f47/sync_spin_lock.c.obj
                0x10001cec                spin_locks_reset
 .text.rom_func_lookup
                0x10001d08       0x10 CMakeFiles/picow_access_point_background.dir/68facaa553a6734d13687344bae9af44/rp2_common/pico_bootrom/bootrom.c.obj
                0x10001d08                rom_func_lookup
 .text.rom_data_lookup
                0x10001d18       0x10 CMakeFiles/picow_access_point_background.dir/68facaa553a6734d13687344bae9af44/rp2_common/pico_bootrom/bootrom.c.obj
                0x10001d18                rom_data_lookup
 .text.rom_funcs_lookup
                0x10001d28       0x44 CMakeFiles/picow_access_point_background.dir/68facaa553a6734d13687344bae9af44/rp2_common/pico_bootrom/bootrom.c.obj
                0x10001d28                rom_funcs_lookup
 .text.sleep_until_callback
                0x10001d6c       0x30 CMakeFiles/picow_access_point_background.dir/C_/Users/Wasley/.pico-sdk/sdk/2.1.1/src/common/pico_time/time.c.obj
 .text.alarm_pool_irq_handler
                0x10001d9c      0x300 CMakeFiles/picow_access_point_background.dir/C_/Users/Wasley/.pico-sdk/sdk/2.1.1/src/common/pico_time/time.c.obj
 .text.runtime_init_default_alarm_pool
                0x1000209c       0xdc CMakeFiles/picow_access_point_background.dir/C_/Users/Wasley/.pico-sdk/sdk/2.1.1/src/common/pico_time/time.c.obj
                0x1000209c                runtime_init_default_alarm_pool
 .text.alarm_pool_get_default
                0x10002178        0x8 CMakeFiles/picow_access_point_background.dir/C_/Users/Wasley/.pico-sdk/sdk/2.1.1/src/common/pico_time/time.c.obj
                0x10002178                alarm_pool_get_default
 .text.alarm_pool_add_alarm_at
                0x10002180       0xd0 CMakeFiles/picow_access_point_background.dir/C_/Users/Wasley/.pico-sdk/sdk/2.1.1/src/common/pico_time/time.c.obj
                0x10002180                alarm_pool_add_alarm_at
 .text.alarm_pool_add_alarm_at_force_in_context
                0x10002250       0xb0 CMakeFiles/picow_access_point_background.dir/C_/Users/Wasley/.pico-sdk/sdk/2.1.1/src/common/pico_time/time.c.obj
                0x10002250                alarm_pool_add_alarm_at_force_in_context
 .text.alarm_pool_cancel_alarm
                0x10002300       0x74 CMakeFiles/picow_access_point_background.dir/C_/Users/Wasley/.pico-sdk/sdk/2.1.1/src/common/pico_time/time.c.obj
                0x10002300                alarm_pool_cancel_alarm
 .text.sleep_until
                0x10002374       0xd0 CMakeFiles/picow_access_point_background.dir/C_/Users/Wasley/.pico-sdk/sdk/2.1.1/src/common/pico_time/time.c.obj
                0x10002374                sleep_until
 .text.sleep_ms
                0x10002444       0xfc CMakeFiles/picow_access_point_background.dir/C_/Users/Wasley/.pico-sdk/sdk/2.1.1/src/common/pico_time/time.c.obj
                0x10002444                sleep_ms
 .text.best_effort_wfe_or_timeout
                0x10002540      0x10c CMakeFiles/picow_access_point_background.dir/C_/Users/Wasley/.pico-sdk/sdk/2.1.1/src/common/pico_time/time.c.obj
                0x10002540                best_effort_wfe_or_timeout
 .text.alarm_pool_add_repeating_timer_us
                0x1000264c      0x124 CMakeFiles/picow_access_point_background.dir/C_/Users/Wasley/.pico-sdk/sdk/2.1.1/src/common/pico_time/time.c.obj
                0x1000264c                alarm_pool_add_repeating_timer_us
 .text.timer_hardware_alarm_claim
                0x10002770       0x14 CMakeFiles/picow_access_point_background.dir/68facaa553a6734d13687344bae9af44/rp2_common/hardware_timer/timer.c.obj
                0x10002770                timer_hardware_alarm_claim
 .text.timer_time_us_64
                0x10002784       0x10 CMakeFiles/picow_access_point_background.dir/68facaa553a6734d13687344bae9af44/rp2_common/hardware_timer/timer.c.obj
                0x10002784                timer_time_us_64
 .text.time_us_64
                0x10002794       0x14 CMakeFiles/picow_access_point_background.dir/68facaa553a6734d13687344bae9af44/rp2_common/hardware_timer/timer.c.obj
                0x10002794                time_us_64
 .text.busy_wait_us
                0x100027a8       0x68 CMakeFiles/picow_access_point_background.dir/68facaa553a6734d13687344bae9af44/rp2_common/hardware_timer/timer.c.obj
                0x100027a8                busy_wait_us
 .text.busy_wait_until
                0x10002810       0x20 CMakeFiles/picow_access_point_background.dir/68facaa553a6734d13687344bae9af44/rp2_common/hardware_timer/timer.c.obj
                0x10002810                busy_wait_until
 .text.runtime_init_per_core_irq_priorities
                0x10002830       0x24 CMakeFiles/picow_access_point_background.dir/f28c238e21a8d7a415328780295072c0/src/rp2_common/hardware_irq/irq.c.obj
                0x10002830                runtime_init_per_core_irq_priorities
 .text.irq_set_enabled
                0x10002854       0x24 CMakeFiles/picow_access_point_background.dir/f28c238e21a8d7a415328780295072c0/src/rp2_common/hardware_irq/irq.c.obj
                0x10002854                irq_set_enabled
 .text.irq_set_pending
                0x10002878       0x10 CMakeFiles/picow_access_point_background.dir/f28c238e21a8d7a415328780295072c0/src/rp2_common/hardware_irq/irq.c.obj
                0x10002878                irq_set_pending
 .text.irq_set_exclusive_handler
                0x10002888       0x54 CMakeFiles/picow_access_point_background.dir/f28c238e21a8d7a415328780295072c0/src/rp2_common/hardware_irq/irq.c.obj
                0x10002888                irq_set_exclusive_handler
 .text.irq_add_shared_handler
                0x100028dc      0x1f4 CMakeFiles/picow_access_point_background.dir/f28c238e21a8d7a415328780295072c0/src/rp2_common/hardware_irq/irq.c.obj
                0x100028dc                irq_add_shared_handler
 .text.irq_remove_handler
                0x10002ad0      0x1d4 CMakeFiles/picow_access_point_background.dir/f28c238e21a8d7a415328780295072c0/src/rp2_common/hardware_irq/irq.c.obj
                0x10002ad0                irq_remove_handler
 .text.irq_set_priority
                0x10002ca4       0x28 CMakeFiles/picow_access_point_background.dir/f28c238e21a8d7a415328780295072c0/src/rp2_common/hardware_irq/irq.c.obj
                0x10002ca4                irq_set_priority
 .text.irq_add_tail_to_free_list
                0x10002ccc       0xb4 CMakeFiles/picow_access_point_background.dir/f28c238e21a8d7a415328780295072c0/src/rp2_common/hardware_irq/irq.c.obj
                0x10002ccc                irq_add_tail_to_free_list
 .text.user_irq_unclaim
                0x10002d80       0x14 CMakeFiles/picow_access_point_background.dir/f28c238e21a8d7a415328780295072c0/src/rp2_common/hardware_irq/irq.c.obj
                0x10002d80                user_irq_unclaim
 .text.user_irq_claim_unused
                0x10002d94       0x2c CMakeFiles/picow_access_point_background.dir/f28c238e21a8d7a415328780295072c0/src/rp2_common/hardware_irq/irq.c.obj
                0x10002d94                user_irq_claim_unused
 .text.sem_init
                0x10002dc0       0x20 CMakeFiles/picow_access_point_background.dir/C_/Users/Wasley/.pico-sdk/sdk/2.1.1/src/common/pico_sync/sem.c.obj
                0x10002dc0                sem_init
 .text.lock_init
                0x10002de0       0x10 CMakeFiles/picow_access_point_background.dir/C_/Users/Wasley/.pico-sdk/sdk/2.1.1/src/common/pico_sync/lock_core.c.obj
                0x10002de0                lock_init
 .text.runtime_init_mutex
                0x10002df0       0x50 CMakeFiles/picow_access_point_background.dir/C_/Users/Wasley/.pico-sdk/sdk/2.1.1/src/common/pico_sync/mutex.c.obj
                0x10002df0                runtime_init_mutex
 .text.recursive_mutex_init
                0x10002e40       0x1c CMakeFiles/picow_access_point_background.dir/C_/Users/Wasley/.pico-sdk/sdk/2.1.1/src/common/pico_sync/mutex.c.obj
                0x10002e40                recursive_mutex_init
 .text.clock_configure_int_divider
                0x10002e5c       0xf4 CMakeFiles/picow_access_point_background.dir/68facaa553a6734d13687344bae9af44/rp2_common/hardware_clocks/clocks.c.obj
                0x10002e5c                clock_configure_int_divider
 .text.clock_configure_undivided
                0x10002f50       0xe8 CMakeFiles/picow_access_point_background.dir/68facaa553a6734d13687344bae9af44/rp2_common/hardware_clocks/clocks.c.obj
                0x10002f50                clock_configure_undivided
 .text.clock_get_hz
                0x10003038        0xc CMakeFiles/picow_access_point_background.dir/68facaa553a6734d13687344bae9af44/rp2_common/hardware_clocks/clocks.c.obj
                0x10003038                clock_get_hz
 .text.gpio_set_function
                0x10003044       0x34 CMakeFiles/picow_access_point_background.dir/f28c238e21a8d7a415328780295072c0/src/rp2_common/hardware_gpio/gpio.c.obj
                0x10003044                gpio_set_function
 .text.gpio_set_pulls
                0x10003078       0x28 CMakeFiles/picow_access_point_background.dir/f28c238e21a8d7a415328780295072c0/src/rp2_common/hardware_gpio/gpio.c.obj
                0x10003078                gpio_set_pulls
 .text.gpio_set_input_hysteresis_enabled
                0x100030a0       0x28 CMakeFiles/picow_access_point_background.dir/f28c238e21a8d7a415328780295072c0/src/rp2_common/hardware_gpio/gpio.c.obj
                0x100030a0                gpio_set_input_hysteresis_enabled
 .text.gpio_set_irq_enabled
                0x100030c8       0x58 CMakeFiles/picow_access_point_background.dir/f28c238e21a8d7a415328780295072c0/src/rp2_common/hardware_gpio/gpio.c.obj
                0x100030c8                gpio_set_irq_enabled
 .text.gpio_add_raw_irq_handler_with_order_priority_masked
                0x10003120       0x44 CMakeFiles/picow_access_point_background.dir/f28c238e21a8d7a415328780295072c0/src/rp2_common/hardware_gpio/gpio.c.obj
                0x10003120                gpio_add_raw_irq_handler_with_order_priority_masked
 .text.gpio_remove_raw_irq_handler_masked
                0x10003164       0x20 CMakeFiles/picow_access_point_background.dir/f28c238e21a8d7a415328780295072c0/src/rp2_common/hardware_gpio/gpio.c.obj
                0x10003164                gpio_remove_raw_irq_handler_masked
 .text.gpio_init
                0x10003184       0x40 CMakeFiles/picow_access_point_background.dir/f28c238e21a8d7a415328780295072c0/src/rp2_common/hardware_gpio/gpio.c.obj
                0x10003184                gpio_init
 .text.pll_init
                0x100031c4       0xa4 CMakeFiles/picow_access_point_background.dir/f28c238e21a8d7a415328780295072c0/src/rp2_common/hardware_pll/pll.c.obj
                0x100031c4                pll_init
 .text.tick_start
                0x10003268       0x10 CMakeFiles/picow_access_point_background.dir/68facaa553a6734d13687344bae9af44/rp2_common/hardware_ticks/ticks.c.obj
                0x10003268                tick_start
 .text.xosc_init
                0x10003278       0x28 CMakeFiles/picow_access_point_background.dir/f28c238e21a8d7a415328780295072c0/src/rp2_common/hardware_xosc/xosc.c.obj
                0x10003278                xosc_init
 .text.lwip_init
                0x100032a0       0x24 CMakeFiles/picow_access_point_background.dir/C_/Users/Wasley/.pico-sdk/sdk/2.1.1/lib/lwip/src/core/init.c.obj
                0x100032a0                lwip_init
 .text.lwip_htons
                0x100032c4        0x8 CMakeFiles/picow_access_point_background.dir/C_/Users/Wasley/.pico-sdk/sdk/2.1.1/lib/lwip/src/core/def.c.obj
                0x100032c4                lwip_htons
 .text.lwip_htonl
                0x100032cc        0x4 CMakeFiles/picow_access_point_background.dir/C_/Users/Wasley/.pico-sdk/sdk/2.1.1/lib/lwip/src/core/def.c.obj
                0x100032cc                lwip_htonl
 .text.dns_call_found
                0x100032d0      0x184 CMakeFiles/picow_access_point_background.dir/C_/Users/Wasley/.pico-sdk/sdk/2.1.1/lib/lwip/src/core/dns.c.obj
 .text.dns_send.isra.0
                0x10003454      0x174 CMakeFiles/picow_access_point_background.dir/C_/Users/Wasley/.pico-sdk/sdk/2.1.1/lib/lwip/src/core/dns.c.obj
 .text.dns_init
                0x100035c8        0x4 CMakeFiles/picow_access_point_background.dir/C_/Users/Wasley/.pico-sdk/sdk/2.1.1/lib/lwip/src/core/dns.c.obj
                0x100035c8                dns_init
 .text.dns_setserver
                0x100035cc       0x24 CMakeFiles/picow_access_point_background.dir/C_/Users/Wasley/.pico-sdk/sdk/2.1.1/lib/lwip/src/core/dns.c.obj
                0x100035cc                dns_setserver
 .text.dns_tmr  0x100035f0      0x130 CMakeFiles/picow_access_point_background.dir/C_/Users/Wasley/.pico-sdk/sdk/2.1.1/lib/lwip/src/core/dns.c.obj
                0x100035f0                dns_tmr
 .text.lwip_standard_chksum
                0x10003720       0xf4 CMakeFiles/picow_access_point_background.dir/C_/Users/Wasley/.pico-sdk/sdk/2.1.1/lib/lwip/src/core/inet_chksum.c.obj
                0x10003720                lwip_standard_chksum
 .text.inet_chksum_pseudo
                0x10003814       0xbc CMakeFiles/picow_access_point_background.dir/C_/Users/Wasley/.pico-sdk/sdk/2.1.1/lib/lwip/src/core/inet_chksum.c.obj
                0x10003814                inet_chksum_pseudo
 .text.ip_chksum_pseudo
                0x100038d0       0x10 CMakeFiles/picow_access_point_background.dir/C_/Users/Wasley/.pico-sdk/sdk/2.1.1/lib/lwip/src/core/inet_chksum.c.obj
                0x100038d0                ip_chksum_pseudo
 .text.inet_chksum
                0x100038e0        0xc CMakeFiles/picow_access_point_background.dir/C_/Users/Wasley/.pico-sdk/sdk/2.1.1/lib/lwip/src/core/inet_chksum.c.obj
                0x100038e0                inet_chksum
 .text.inet_chksum_pbuf
                0x100038ec       0x78 CMakeFiles/picow_access_point_background.dir/C_/Users/Wasley/.pico-sdk/sdk/2.1.1/lib/lwip/src/core/inet_chksum.c.obj
                0x100038ec                inet_chksum_pbuf
 .text.mem_init
                0x10003964       0x3c CMakeFiles/picow_access_point_background.dir/C_/Users/Wasley/.pico-sdk/sdk/2.1.1/lib/lwip/src/core/mem.c.obj
                0x10003964                mem_init
 .text.mem_free
                0x100039a0      0x13c CMakeFiles/picow_access_point_background.dir/C_/Users/Wasley/.pico-sdk/sdk/2.1.1/lib/lwip/src/core/mem.c.obj
                0x100039a0                mem_free
 .text.mem_trim
                0x10003adc      0x104 CMakeFiles/picow_access_point_background.dir/C_/Users/Wasley/.pico-sdk/sdk/2.1.1/lib/lwip/src/core/mem.c.obj
                0x10003adc                mem_trim
 .text.mem_malloc
                0x10003be0      0x130 CMakeFiles/picow_access_point_background.dir/C_/Users/Wasley/.pico-sdk/sdk/2.1.1/lib/lwip/src/core/mem.c.obj
                0x10003be0                mem_malloc
 .text.memp_init
                0x10003d10       0x6c CMakeFiles/picow_access_point_background.dir/C_/Users/Wasley/.pico-sdk/sdk/2.1.1/lib/lwip/src/core/memp.c.obj
                0x10003d10                memp_init
 .text.memp_malloc
                0x10003d7c       0x40 CMakeFiles/picow_access_point_background.dir/C_/Users/Wasley/.pico-sdk/sdk/2.1.1/lib/lwip/src/core/memp.c.obj
                0x10003d7c                memp_malloc
 .text.memp_free
                0x10003dbc       0x38 CMakeFiles/picow_access_point_background.dir/C_/Users/Wasley/.pico-sdk/sdk/2.1.1/lib/lwip/src/core/memp.c.obj
                0x10003dbc                memp_free
 .text.netif_null_output_ip4
                0x10003df4        0x8 CMakeFiles/picow_access_point_background.dir/C_/Users/Wasley/.pico-sdk/sdk/2.1.1/lib/lwip/src/core/netif.c.obj
 .text.netif_do_set_ipaddr.isra.0
                0x10003dfc       0x70 CMakeFiles/picow_access_point_background.dir/C_/Users/Wasley/.pico-sdk/sdk/2.1.1/lib/lwip/src/core/netif.c.obj
 .text.netif_init
                0x10003e6c        0x4 CMakeFiles/picow_access_point_background.dir/C_/Users/Wasley/.pico-sdk/sdk/2.1.1/lib/lwip/src/core/netif.c.obj
                0x10003e6c                netif_init
 .text.netif_add
                0x10003e70      0x174 CMakeFiles/picow_access_point_background.dir/C_/Users/Wasley/.pico-sdk/sdk/2.1.1/lib/lwip/src/core/netif.c.obj
                0x10003e70                netif_add
 .text.netif_set_addr
                0x10003fe4       0xb8 CMakeFiles/picow_access_point_background.dir/C_/Users/Wasley/.pico-sdk/sdk/2.1.1/lib/lwip/src/core/netif.c.obj
                0x10003fe4                netif_set_addr
 .text.netif_remove
                0x1000409c       0x94 CMakeFiles/picow_access_point_background.dir/C_/Users/Wasley/.pico-sdk/sdk/2.1.1/lib/lwip/src/core/netif.c.obj
                0x1000409c                netif_remove
 .text.netif_set_default
                0x10004130        0xc CMakeFiles/picow_access_point_background.dir/C_/Users/Wasley/.pico-sdk/sdk/2.1.1/lib/lwip/src/core/netif.c.obj
                0x10004130                netif_set_default
 .text.netif_set_up
                0x1000413c       0x40 CMakeFiles/picow_access_point_background.dir/C_/Users/Wasley/.pico-sdk/sdk/2.1.1/lib/lwip/src/core/netif.c.obj
                0x1000413c                netif_set_up
 .text.netif_set_link_up
                0x1000417c       0x44 CMakeFiles/picow_access_point_background.dir/C_/Users/Wasley/.pico-sdk/sdk/2.1.1/lib/lwip/src/core/netif.c.obj
                0x1000417c                netif_set_link_up
 .text.netif_set_link_down
                0x100041c0       0x20 CMakeFiles/picow_access_point_background.dir/C_/Users/Wasley/.pico-sdk/sdk/2.1.1/lib/lwip/src/core/netif.c.obj
                0x100041c0                netif_set_link_down
 .text.netif_get_by_index
                0x100041e0       0x2c CMakeFiles/picow_access_point_background.dir/C_/Users/Wasley/.pico-sdk/sdk/2.1.1/lib/lwip/src/core/netif.c.obj
                0x100041e0                netif_get_by_index
 .text.pbuf_free.part.0
                0x1000420c       0x7c CMakeFiles/picow_access_point_background.dir/C_/Users/Wasley/.pico-sdk/sdk/2.1.1/lib/lwip/src/core/pbuf.c.obj
 .text.pbuf_free_ooseq
                0x10004288       0x34 CMakeFiles/picow_access_point_background.dir/C_/Users/Wasley/.pico-sdk/sdk/2.1.1/lib/lwip/src/core/pbuf.c.obj
                0x10004288                pbuf_free_ooseq
 .text.pbuf_alloc
                0x100042bc      0x134 CMakeFiles/picow_access_point_background.dir/C_/Users/Wasley/.pico-sdk/sdk/2.1.1/lib/lwip/src/core/pbuf.c.obj
                0x100042bc                pbuf_alloc
 .text.pbuf_realloc
                0x100043f0       0x84 CMakeFiles/picow_access_point_background.dir/C_/Users/Wasley/.pico-sdk/sdk/2.1.1/lib/lwip/src/core/pbuf.c.obj
                0x100043f0                pbuf_realloc
 .text.pbuf_add_header
                0x10004474       0x54 CMakeFiles/picow_access_point_background.dir/C_/Users/Wasley/.pico-sdk/sdk/2.1.1/lib/lwip/src/core/pbuf.c.obj
                0x10004474                pbuf_add_header
 .text.pbuf_remove_header
                0x100044c8       0x3c CMakeFiles/picow_access_point_background.dir/C_/Users/Wasley/.pico-sdk/sdk/2.1.1/lib/lwip/src/core/pbuf.c.obj
                0x100044c8                pbuf_remove_header
 .text.pbuf_header_force
                0x10004504       0x68 CMakeFiles/picow_access_point_background.dir/C_/Users/Wasley/.pico-sdk/sdk/2.1.1/lib/lwip/src/core/pbuf.c.obj
                0x10004504                pbuf_header_force
 .text.pbuf_free
                0x1000456c       0x18 CMakeFiles/picow_access_point_background.dir/C_/Users/Wasley/.pico-sdk/sdk/2.1.1/lib/lwip/src/core/pbuf.c.obj
                0x1000456c                pbuf_free
 .text.pbuf_clen
                0x10004584       0x14 CMakeFiles/picow_access_point_background.dir/C_/Users/Wasley/.pico-sdk/sdk/2.1.1/lib/lwip/src/core/pbuf.c.obj
                0x10004584                pbuf_clen
 .text.pbuf_ref
                0x10004598       0x28 CMakeFiles/picow_access_point_background.dir/C_/Users/Wasley/.pico-sdk/sdk/2.1.1/lib/lwip/src/core/pbuf.c.obj
                0x10004598                pbuf_ref
 .text.pbuf_cat
                0x100045c0       0x44 CMakeFiles/picow_access_point_background.dir/C_/Users/Wasley/.pico-sdk/sdk/2.1.1/lib/lwip/src/core/pbuf.c.obj
                0x100045c0                pbuf_cat
 .text.pbuf_chain
                0x10004604       0x64 CMakeFiles/picow_access_point_background.dir/C_/Users/Wasley/.pico-sdk/sdk/2.1.1/lib/lwip/src/core/pbuf.c.obj
                0x10004604                pbuf_chain
 .text.pbuf_copy_partial_pbuf
                0x10004668      0x158 CMakeFiles/picow_access_point_background.dir/C_/Users/Wasley/.pico-sdk/sdk/2.1.1/lib/lwip/src/core/pbuf.c.obj
                0x10004668                pbuf_copy_partial_pbuf
 .text.pbuf_copy
                0x100047c0       0x18 CMakeFiles/picow_access_point_background.dir/C_/Users/Wasley/.pico-sdk/sdk/2.1.1/lib/lwip/src/core/pbuf.c.obj
                0x100047c0                pbuf_copy
 .text.pbuf_copy_partial
                0x100047d8       0x70 CMakeFiles/picow_access_point_background.dir/C_/Users/Wasley/.pico-sdk/sdk/2.1.1/lib/lwip/src/core/pbuf.c.obj
                0x100047d8                pbuf_copy_partial
 .text.pbuf_take
                0x10004848       0x78 CMakeFiles/picow_access_point_background.dir/C_/Users/Wasley/.pico-sdk/sdk/2.1.1/lib/lwip/src/core/pbuf.c.obj
                0x10004848                pbuf_take
 .text.pbuf_take_at
                0x100048c0       0xc0 CMakeFiles/picow_access_point_background.dir/C_/Users/Wasley/.pico-sdk/sdk/2.1.1/lib/lwip/src/core/pbuf.c.obj
                0x100048c0                pbuf_take_at
 .text.pbuf_clone
                0x10004980       0x30 CMakeFiles/picow_access_point_background.dir/C_/Users/Wasley/.pico-sdk/sdk/2.1.1/lib/lwip/src/core/pbuf.c.obj
                0x10004980                pbuf_clone
 .text.pbuf_put_at
                0x100049b0       0x1c CMakeFiles/picow_access_point_background.dir/C_/Users/Wasley/.pico-sdk/sdk/2.1.1/lib/lwip/src/core/pbuf.c.obj
                0x100049b0                pbuf_put_at
 .text.raw_input
                0x100049cc      0x164 CMakeFiles/picow_access_point_background.dir/C_/Users/Wasley/.pico-sdk/sdk/2.1.1/lib/lwip/src/core/raw.c.obj
                0x100049cc                raw_input
 .text.raw_netif_ip_addr_changed
                0x10004b30       0x40 CMakeFiles/picow_access_point_background.dir/C_/Users/Wasley/.pico-sdk/sdk/2.1.1/lib/lwip/src/core/raw.c.obj
                0x10004b30                raw_netif_ip_addr_changed
 .text.stats_init
                0x10004b70        0x4 CMakeFiles/picow_access_point_background.dir/C_/Users/Wasley/.pico-sdk/sdk/2.1.1/lib/lwip/src/core/stats.c.obj
                0x10004b70                stats_init
 .text.tcp_close_shutdown_fin
                0x10004b74       0x54 CMakeFiles/picow_access_point_background.dir/C_/Users/Wasley/.pico-sdk/sdk/2.1.1/lib/lwip/src/core/tcp.c.obj
 .text.tcp_pcb_purge.part.0
                0x10004bc8       0xc4 CMakeFiles/picow_access_point_background.dir/C_/Users/Wasley/.pico-sdk/sdk/2.1.1/lib/lwip/src/core/tcp.c.obj
 .text.tcp_init
                0x10004c8c       0x20 CMakeFiles/picow_access_point_background.dir/C_/Users/Wasley/.pico-sdk/sdk/2.1.1/lib/lwip/src/core/tcp.c.obj
                0x10004c8c                tcp_init
 .text.tcp_free
                0x10004cac       0x1c CMakeFiles/picow_access_point_background.dir/C_/Users/Wasley/.pico-sdk/sdk/2.1.1/lib/lwip/src/core/tcp.c.obj
                0x10004cac                tcp_free
 .text.tcp_bind
                0x10004cc8       0xf4 CMakeFiles/picow_access_point_background.dir/C_/Users/Wasley/.pico-sdk/sdk/2.1.1/lib/lwip/src/core/tcp.c.obj
                0x10004cc8                tcp_bind
 .text.tcp_listen_with_backlog
                0x10004dbc       0x98 CMakeFiles/picow_access_point_background.dir/C_/Users/Wasley/.pico-sdk/sdk/2.1.1/lib/lwip/src/core/tcp.c.obj
                0x10004dbc                tcp_listen_with_backlog
 .text.tcp_update_rcv_ann_wnd
                0x10004e54       0x58 CMakeFiles/picow_access_point_background.dir/C_/Users/Wasley/.pico-sdk/sdk/2.1.1/lib/lwip/src/core/tcp.c.obj
                0x10004e54                tcp_update_rcv_ann_wnd
 .text.tcp_recved
                0x10004eac       0x98 CMakeFiles/picow_access_point_background.dir/C_/Users/Wasley/.pico-sdk/sdk/2.1.1/lib/lwip/src/core/tcp.c.obj
                0x10004eac                tcp_recved
 .text.tcp_slowtmr
                0x10004f44      0x514 CMakeFiles/picow_access_point_background.dir/C_/Users/Wasley/.pico-sdk/sdk/2.1.1/lib/lwip/src/core/tcp.c.obj
                0x10004f44                tcp_slowtmr
 .text.tcp_segs_free
                0x10005458       0x38 CMakeFiles/picow_access_point_background.dir/C_/Users/Wasley/.pico-sdk/sdk/2.1.1/lib/lwip/src/core/tcp.c.obj
                0x10005458                tcp_segs_free
 .text.tcp_seg_free
                0x10005490       0x1c CMakeFiles/picow_access_point_background.dir/C_/Users/Wasley/.pico-sdk/sdk/2.1.1/lib/lwip/src/core/tcp.c.obj
                0x10005490                tcp_seg_free
 .text.tcp_seg_copy
                0x100054ac       0x2c CMakeFiles/picow_access_point_background.dir/C_/Users/Wasley/.pico-sdk/sdk/2.1.1/lib/lwip/src/core/tcp.c.obj
                0x100054ac                tcp_seg_copy
 .text.tcp_arg  0x100054d8        0x8 CMakeFiles/picow_access_point_background.dir/C_/Users/Wasley/.pico-sdk/sdk/2.1.1/lib/lwip/src/core/tcp.c.obj
                0x100054d8                tcp_arg
 .text.tcp_recv
                0x100054e0       0x1c CMakeFiles/picow_access_point_background.dir/C_/Users/Wasley/.pico-sdk/sdk/2.1.1/lib/lwip/src/core/tcp.c.obj
                0x100054e0                tcp_recv
 .text.tcp_accept
                0x100054fc       0x10 CMakeFiles/picow_access_point_background.dir/C_/Users/Wasley/.pico-sdk/sdk/2.1.1/lib/lwip/src/core/tcp.c.obj
                0x100054fc                tcp_accept
 .text.tcp_pcb_purge
                0x1000550c       0x18 CMakeFiles/picow_access_point_background.dir/C_/Users/Wasley/.pico-sdk/sdk/2.1.1/lib/lwip/src/core/tcp.c.obj
                0x1000550c                tcp_pcb_purge
 .text.tcp_pcb_remove
                0x10005524       0xc8 CMakeFiles/picow_access_point_background.dir/C_/Users/Wasley/.pico-sdk/sdk/2.1.1/lib/lwip/src/core/tcp.c.obj
                0x10005524                tcp_pcb_remove
 .text.tcp_abandon
                0x100055ec      0x1a0 CMakeFiles/picow_access_point_background.dir/C_/Users/Wasley/.pico-sdk/sdk/2.1.1/lib/lwip/src/core/tcp.c.obj
                0x100055ec                tcp_abandon
 .text.tcp_abort
                0x1000578c        0xc CMakeFiles/picow_access_point_background.dir/C_/Users/Wasley/.pico-sdk/sdk/2.1.1/lib/lwip/src/core/tcp.c.obj
                0x1000578c                tcp_abort
 .text.tcp_accept_null
                0x10005798       0x20 CMakeFiles/picow_access_point_background.dir/C_/Users/Wasley/.pico-sdk/sdk/2.1.1/lib/lwip/src/core/tcp.c.obj
 .text.tcp_alloc
                0x100057b8      0x1d4 CMakeFiles/picow_access_point_background.dir/C_/Users/Wasley/.pico-sdk/sdk/2.1.1/lib/lwip/src/core/tcp.c.obj
                0x100057b8                tcp_alloc
 .text.tcp_new_ip_type
                0x1000598c        0xc CMakeFiles/picow_access_point_background.dir/C_/Users/Wasley/.pico-sdk/sdk/2.1.1/lib/lwip/src/core/tcp.c.obj
                0x1000598c                tcp_new_ip_type
 .text.tcp_close_shutdown
                0x10005998      0x188 CMakeFiles/picow_access_point_background.dir/C_/Users/Wasley/.pico-sdk/sdk/2.1.1/lib/lwip/src/core/tcp.c.obj
 .text.tcp_recv_null
                0x10005b20       0xcc CMakeFiles/picow_access_point_background.dir/C_/Users/Wasley/.pico-sdk/sdk/2.1.1/lib/lwip/src/core/tcp.c.obj
                0x10005b20                tcp_recv_null
 .text.tcp_process_refused_data
                0x10005bec       0x78 CMakeFiles/picow_access_point_background.dir/C_/Users/Wasley/.pico-sdk/sdk/2.1.1/lib/lwip/src/core/tcp.c.obj
                0x10005bec                tcp_process_refused_data
 .text.tcp_fasttmr
                0x10005c64       0x98 CMakeFiles/picow_access_point_background.dir/C_/Users/Wasley/.pico-sdk/sdk/2.1.1/lib/lwip/src/core/tcp.c.obj
                0x10005c64                tcp_fasttmr
 .text.tcp_tmr  0x10005cfc       0x20 CMakeFiles/picow_access_point_background.dir/C_/Users/Wasley/.pico-sdk/sdk/2.1.1/lib/lwip/src/core/tcp.c.obj
                0x10005cfc                tcp_tmr
 .text.tcp_close
                0x10005d1c      0x170 CMakeFiles/picow_access_point_background.dir/C_/Users/Wasley/.pico-sdk/sdk/2.1.1/lib/lwip/src/core/tcp.c.obj
                0x10005d1c                tcp_close
 .text.tcp_next_iss
                0x10005e8c       0x28 CMakeFiles/picow_access_point_background.dir/C_/Users/Wasley/.pico-sdk/sdk/2.1.1/lib/lwip/src/core/tcp.c.obj
                0x10005e8c                tcp_next_iss
 .text.tcp_eff_send_mss_netif
                0x10005eb4       0x34 CMakeFiles/picow_access_point_background.dir/C_/Users/Wasley/.pico-sdk/sdk/2.1.1/lib/lwip/src/core/tcp.c.obj
                0x10005eb4                tcp_eff_send_mss_netif
 .text.tcp_netif_ip_addr_changed
                0x10005ee8       0x94 CMakeFiles/picow_access_point_background.dir/C_/Users/Wasley/.pico-sdk/sdk/2.1.1/lib/lwip/src/core/tcp.c.obj
                0x10005ee8                tcp_netif_ip_addr_changed
 .text.tcp_free_ooseq
                0x10005f7c       0x40 CMakeFiles/picow_access_point_background.dir/C_/Users/Wasley/.pico-sdk/sdk/2.1.1/lib/lwip/src/core/tcp.c.obj
                0x10005f7c                tcp_free_ooseq
 .text.tcp_parseopt
                0x10005fbc      0x1b0 CMakeFiles/picow_access_point_background.dir/C_/Users/Wasley/.pico-sdk/sdk/2.1.1/lib/lwip/src/core/tcp_in.c.obj
 .text.tcp_oos_insert_segment
                0x1000616c       0xcc CMakeFiles/picow_access_point_background.dir/C_/Users/Wasley/.pico-sdk/sdk/2.1.1/lib/lwip/src/core/tcp_in.c.obj
 .text.tcp_free_acked_segments.isra.0
                0x10006238       0xdc CMakeFiles/picow_access_point_background.dir/C_/Users/Wasley/.pico-sdk/sdk/2.1.1/lib/lwip/src/core/tcp_in.c.obj
 .text.tcp_receive
                0x10006314      0xa2c CMakeFiles/picow_access_point_background.dir/C_/Users/Wasley/.pico-sdk/sdk/2.1.1/lib/lwip/src/core/tcp_in.c.obj
 .text.tcp_input
                0x10006d40      0xe3c CMakeFiles/picow_access_point_background.dir/C_/Users/Wasley/.pico-sdk/sdk/2.1.1/lib/lwip/src/core/tcp_in.c.obj
                0x10006d40                tcp_input
 .text.tcp_trigger_input_pcb_close
                0x10007b7c       0x10 CMakeFiles/picow_access_point_background.dir/C_/Users/Wasley/.pico-sdk/sdk/2.1.1/lib/lwip/src/core/tcp_in.c.obj
                0x10007b7c                tcp_trigger_input_pcb_close
 .text.tcp_create_segment
                0x10007b8c       0xe8 CMakeFiles/picow_access_point_background.dir/C_/Users/Wasley/.pico-sdk/sdk/2.1.1/lib/lwip/src/core/tcp_out.c.obj
 .text.tcp_output_control_segment
                0x10007c74       0xb4 CMakeFiles/picow_access_point_background.dir/C_/Users/Wasley/.pico-sdk/sdk/2.1.1/lib/lwip/src/core/tcp_out.c.obj
 .text.tcp_write
                0x10007d28      0x470 CMakeFiles/picow_access_point_background.dir/C_/Users/Wasley/.pico-sdk/sdk/2.1.1/lib/lwip/src/core/tcp_out.c.obj
                0x10007d28                tcp_write
 .text.tcp_split_unsent_seg
                0x10008198      0x1b4 CMakeFiles/picow_access_point_background.dir/C_/Users/Wasley/.pico-sdk/sdk/2.1.1/lib/lwip/src/core/tcp_out.c.obj
                0x10008198                tcp_split_unsent_seg
 .text.tcp_send_fin
                0x1000834c      0x118 CMakeFiles/picow_access_point_background.dir/C_/Users/Wasley/.pico-sdk/sdk/2.1.1/lib/lwip/src/core/tcp_out.c.obj
                0x1000834c                tcp_send_fin
 .text.tcp_enqueue_flags
                0x10008464      0x12c CMakeFiles/picow_access_point_background.dir/C_/Users/Wasley/.pico-sdk/sdk/2.1.1/lib/lwip/src/core/tcp_out.c.obj
                0x10008464                tcp_enqueue_flags
 .text.tcp_rexmit_rto_prepare
                0x10008590       0x9c CMakeFiles/picow_access_point_background.dir/C_/Users/Wasley/.pico-sdk/sdk/2.1.1/lib/lwip/src/core/tcp_out.c.obj
                0x10008590                tcp_rexmit_rto_prepare
 .text.tcp_rexmit
                0x1000862c       0x9c CMakeFiles/picow_access_point_background.dir/C_/Users/Wasley/.pico-sdk/sdk/2.1.1/lib/lwip/src/core/tcp_out.c.obj
                0x1000862c                tcp_rexmit
 .text.tcp_rexmit_fast
                0x100086c8       0x64 CMakeFiles/picow_access_point_background.dir/C_/Users/Wasley/.pico-sdk/sdk/2.1.1/lib/lwip/src/core/tcp_out.c.obj
                0x100086c8                tcp_rexmit_fast
 .text.tcp_rst  0x1000872c       0xe8 CMakeFiles/picow_access_point_background.dir/C_/Users/Wasley/.pico-sdk/sdk/2.1.1/lib/lwip/src/core/tcp_out.c.obj
                0x1000872c                tcp_rst
 .text.tcp_rst_netif
                0x10008814      0x130 CMakeFiles/picow_access_point_background.dir/C_/Users/Wasley/.pico-sdk/sdk/2.1.1/lib/lwip/src/core/tcp_out.c.obj
                0x10008814                tcp_rst_netif
 .text.tcp_send_empty_ack
                0x10008944       0xf0 CMakeFiles/picow_access_point_background.dir/C_/Users/Wasley/.pico-sdk/sdk/2.1.1/lib/lwip/src/core/tcp_out.c.obj
                0x10008944                tcp_send_empty_ack
 .text.tcp_output
                0x10008a34      0x44c CMakeFiles/picow_access_point_background.dir/C_/Users/Wasley/.pico-sdk/sdk/2.1.1/lib/lwip/src/core/tcp_out.c.obj
                0x10008a34                tcp_output
 .text.tcp_rexmit_rto_commit
                0x10008e80       0x24 CMakeFiles/picow_access_point_background.dir/C_/Users/Wasley/.pico-sdk/sdk/2.1.1/lib/lwip/src/core/tcp_out.c.obj
                0x10008e80                tcp_rexmit_rto_commit
 .text.tcp_rexmit_rto
                0x10008ea4       0xa4 CMakeFiles/picow_access_point_background.dir/C_/Users/Wasley/.pico-sdk/sdk/2.1.1/lib/lwip/src/core/tcp_out.c.obj
                0x10008ea4                tcp_rexmit_rto
 .text.tcp_keepalive
                0x10008f48       0xdc CMakeFiles/picow_access_point_background.dir/C_/Users/Wasley/.pico-sdk/sdk/2.1.1/lib/lwip/src/core/tcp_out.c.obj
                0x10008f48                tcp_keepalive
 .text.tcp_zero_window_probe
                0x10009024      0x1a8 CMakeFiles/picow_access_point_background.dir/C_/Users/Wasley/.pico-sdk/sdk/2.1.1/lib/lwip/src/core/tcp_out.c.obj
                0x10009024                tcp_zero_window_probe
 .text.tcpip_tcp_timer
                0x100091cc       0x78 CMakeFiles/picow_access_point_background.dir/C_/Users/Wasley/.pico-sdk/sdk/2.1.1/lib/lwip/src/core/timeouts.c.obj
 .text.lwip_cyclic_timer
                0x10009244       0x98 CMakeFiles/picow_access_point_background.dir/C_/Users/Wasley/.pico-sdk/sdk/2.1.1/lib/lwip/src/core/timeouts.c.obj
 .text.tcp_timer_needed
                0x100092dc       0x7c CMakeFiles/picow_access_point_background.dir/C_/Users/Wasley/.pico-sdk/sdk/2.1.1/lib/lwip/src/core/timeouts.c.obj
                0x100092dc                tcp_timer_needed
 .text.sys_timeouts_init
                0x10009358       0x8c CMakeFiles/picow_access_point_background.dir/C_/Users/Wasley/.pico-sdk/sdk/2.1.1/lib/lwip/src/core/timeouts.c.obj
                0x10009358                sys_timeouts_init
 .text.sys_check_timeouts
                0x100093e4       0x68 CMakeFiles/picow_access_point_background.dir/C_/Users/Wasley/.pico-sdk/sdk/2.1.1/lib/lwip/src/core/timeouts.c.obj
                0x100093e4                sys_check_timeouts
 .text.sys_timeouts_sleeptime
                0x1000944c       0x28 CMakeFiles/picow_access_point_background.dir/C_/Users/Wasley/.pico-sdk/sdk/2.1.1/lib/lwip/src/core/timeouts.c.obj
                0x1000944c                sys_timeouts_sleeptime
 .text.udp_init
                0x10009474       0x20 CMakeFiles/picow_access_point_background.dir/C_/Users/Wasley/.pico-sdk/sdk/2.1.1/lib/lwip/src/core/udp.c.obj
                0x10009474                udp_init
 .text.udp_input
                0x10009494      0x350 CMakeFiles/picow_access_point_background.dir/C_/Users/Wasley/.pico-sdk/sdk/2.1.1/lib/lwip/src/core/udp.c.obj
                0x10009494                udp_input
 .text.udp_bind
                0x100097e4      0x10c CMakeFiles/picow_access_point_background.dir/C_/Users/Wasley/.pico-sdk/sdk/2.1.1/lib/lwip/src/core/udp.c.obj
                0x100097e4                udp_bind
 .text.udp_sendto_if_src
                0x100098f0      0x130 CMakeFiles/picow_access_point_background.dir/C_/Users/Wasley/.pico-sdk/sdk/2.1.1/lib/lwip/src/core/udp.c.obj
                0x100098f0                udp_sendto_if_src
 .text.udp_sendto_if
                0x10009a20       0x48 CMakeFiles/picow_access_point_background.dir/C_/Users/Wasley/.pico-sdk/sdk/2.1.1/lib/lwip/src/core/udp.c.obj
                0x10009a20                udp_sendto_if
 .text.udp_sendto
                0x10009a68       0x78 CMakeFiles/picow_access_point_background.dir/C_/Users/Wasley/.pico-sdk/sdk/2.1.1/lib/lwip/src/core/udp.c.obj
                0x10009a68                udp_sendto
 .text.udp_connect
                0x10009ae0       0x5c CMakeFiles/picow_access_point_background.dir/C_/Users/Wasley/.pico-sdk/sdk/2.1.1/lib/lwip/src/core/udp.c.obj
                0x10009ae0                udp_connect
 .text.udp_recv
                0x10009b3c        0xc CMakeFiles/picow_access_point_background.dir/C_/Users/Wasley/.pico-sdk/sdk/2.1.1/lib/lwip/src/core/udp.c.obj
                0x10009b3c                udp_recv
 .text.udp_remove
                0x10009b48       0x3c CMakeFiles/picow_access_point_background.dir/C_/Users/Wasley/.pico-sdk/sdk/2.1.1/lib/lwip/src/core/udp.c.obj
                0x10009b48                udp_remove
 .text.udp_new  0x10009b84       0x1c CMakeFiles/picow_access_point_background.dir/C_/Users/Wasley/.pico-sdk/sdk/2.1.1/lib/lwip/src/core/udp.c.obj
                0x10009b84                udp_new
 .text.udp_netif_ip_addr_changed
                0x10009ba0       0x40 CMakeFiles/picow_access_point_background.dir/C_/Users/Wasley/.pico-sdk/sdk/2.1.1/lib/lwip/src/core/udp.c.obj
                0x10009ba0                udp_netif_ip_addr_changed
 .text.dhcp_create_msg
                0x10009be0      0x160 CMakeFiles/picow_access_point_background.dir/C_/Users/Wasley/.pico-sdk/sdk/2.1.1/lib/lwip/src/core/ipv4/dhcp.c.obj
 .text.dhcp_inc_pcb_refcount
                0x10009d40       0x6c CMakeFiles/picow_access_point_background.dir/C_/Users/Wasley/.pico-sdk/sdk/2.1.1/lib/lwip/src/core/ipv4/dhcp.c.obj
 .text.dhcp_bind
                0x10009dac      0x144 CMakeFiles/picow_access_point_background.dir/C_/Users/Wasley/.pico-sdk/sdk/2.1.1/lib/lwip/src/core/ipv4/dhcp.c.obj
 .text.dhcp_option_hostname.isra.0
                0x10009ef0       0x74 CMakeFiles/picow_access_point_background.dir/C_/Users/Wasley/.pico-sdk/sdk/2.1.1/lib/lwip/src/core/ipv4/dhcp.c.obj
 .text.dhcp_handle_ack.isra.0
                0x10009f64       0xcc CMakeFiles/picow_access_point_background.dir/C_/Users/Wasley/.pico-sdk/sdk/2.1.1/lib/lwip/src/core/ipv4/dhcp.c.obj
 .text.dhcp_reboot.isra.0
                0x1000a030      0x17c CMakeFiles/picow_access_point_background.dir/C_/Users/Wasley/.pico-sdk/sdk/2.1.1/lib/lwip/src/core/ipv4/dhcp.c.obj
 .text.dhcp_discover.isra.0
                0x1000a1ac      0x138 CMakeFiles/picow_access_point_background.dir/C_/Users/Wasley/.pico-sdk/sdk/2.1.1/lib/lwip/src/core/ipv4/dhcp.c.obj
 .text.dhcp_select.isra.0
                0x1000a2e4      0x1e0 CMakeFiles/picow_access_point_background.dir/C_/Users/Wasley/.pico-sdk/sdk/2.1.1/lib/lwip/src/core/ipv4/dhcp.c.obj
 .text.dhcp_recv
                0x1000a4c4      0x4a8 CMakeFiles/picow_access_point_background.dir/C_/Users/Wasley/.pico-sdk/sdk/2.1.1/lib/lwip/src/core/ipv4/dhcp.c.obj
 .text.dhcp_set_struct
                0x1000a96c       0x44 CMakeFiles/picow_access_point_background.dir/C_/Users/Wasley/.pico-sdk/sdk/2.1.1/lib/lwip/src/core/ipv4/dhcp.c.obj
                0x1000a96c                dhcp_set_struct
 .text.dhcp_start
                0x1000a9b0       0xa8 CMakeFiles/picow_access_point_background.dir/C_/Users/Wasley/.pico-sdk/sdk/2.1.1/lib/lwip/src/core/ipv4/dhcp.c.obj
                0x1000a9b0                dhcp_start
 .text.dhcp_network_changed_link_up
                0x1000aa58       0x40 CMakeFiles/picow_access_point_background.dir/C_/Users/Wasley/.pico-sdk/sdk/2.1.1/lib/lwip/src/core/ipv4/dhcp.c.obj
                0x1000aa58                dhcp_network_changed_link_up
 .text.dhcp_renew
                0x1000aa98      0x13c CMakeFiles/picow_access_point_background.dir/C_/Users/Wasley/.pico-sdk/sdk/2.1.1/lib/lwip/src/core/ipv4/dhcp.c.obj
                0x1000aa98                dhcp_renew
 .text.dhcp_release_and_stop
                0x1000abd4      0x158 CMakeFiles/picow_access_point_background.dir/C_/Users/Wasley/.pico-sdk/sdk/2.1.1/lib/lwip/src/core/ipv4/dhcp.c.obj
                0x1000abd4                dhcp_release_and_stop
 .text.dhcp_coarse_tmr
                0x1000ad2c      0x1e0 CMakeFiles/picow_access_point_background.dir/C_/Users/Wasley/.pico-sdk/sdk/2.1.1/lib/lwip/src/core/ipv4/dhcp.c.obj
                0x1000ad2c                dhcp_coarse_tmr
 .text.dhcp_fine_tmr
                0x1000af0c       0x78 CMakeFiles/picow_access_point_background.dir/C_/Users/Wasley/.pico-sdk/sdk/2.1.1/lib/lwip/src/core/ipv4/dhcp.c.obj
                0x1000af0c                dhcp_fine_tmr
 .text.dhcp_stop
                0x1000af84      0x158 CMakeFiles/picow_access_point_background.dir/C_/Users/Wasley/.pico-sdk/sdk/2.1.1/lib/lwip/src/core/ipv4/dhcp.c.obj
                0x1000af84                dhcp_stop
 .text.etharp_find_entry
                0x1000b0dc      0x3a0 CMakeFiles/picow_access_point_background.dir/C_/Users/Wasley/.pico-sdk/sdk/2.1.1/lib/lwip/src/core/ipv4/etharp.c.obj
 .text.etharp_raw
                0x1000b47c       0xec CMakeFiles/picow_access_point_background.dir/C_/Users/Wasley/.pico-sdk/sdk/2.1.1/lib/lwip/src/core/ipv4/etharp.c.obj
 .text.etharp_output_to_arp_index
                0x1000b568       0xd0 CMakeFiles/picow_access_point_background.dir/C_/Users/Wasley/.pico-sdk/sdk/2.1.1/lib/lwip/src/core/ipv4/etharp.c.obj
 .text.etharp_tmr
                0x1000b638       0x94 CMakeFiles/picow_access_point_background.dir/C_/Users/Wasley/.pico-sdk/sdk/2.1.1/lib/lwip/src/core/ipv4/etharp.c.obj
                0x1000b638                etharp_tmr
 .text.etharp_cleanup_netif
                0x1000b6cc      0x188 CMakeFiles/picow_access_point_background.dir/C_/Users/Wasley/.pico-sdk/sdk/2.1.1/lib/lwip/src/core/ipv4/etharp.c.obj
                0x1000b6cc                etharp_cleanup_netif
 .text.etharp_input
                0x1000b854      0x1b8 CMakeFiles/picow_access_point_background.dir/C_/Users/Wasley/.pico-sdk/sdk/2.1.1/lib/lwip/src/core/ipv4/etharp.c.obj
                0x1000b854                etharp_input
 .text.etharp_query
                0x1000ba0c      0x190 CMakeFiles/picow_access_point_background.dir/C_/Users/Wasley/.pico-sdk/sdk/2.1.1/lib/lwip/src/core/ipv4/etharp.c.obj
                0x1000ba0c                etharp_query
 .text.etharp_output
                0x1000bb9c      0x24c CMakeFiles/picow_access_point_background.dir/C_/Users/Wasley/.pico-sdk/sdk/2.1.1/lib/lwip/src/core/ipv4/etharp.c.obj
                0x1000bb9c                etharp_output
 .text.etharp_request
                0x1000bde8       0x2c CMakeFiles/picow_access_point_background.dir/C_/Users/Wasley/.pico-sdk/sdk/2.1.1/lib/lwip/src/core/ipv4/etharp.c.obj
                0x1000bde8                etharp_request
 .text.icmp_input
                0x1000be14      0x1ec CMakeFiles/picow_access_point_background.dir/C_/Users/Wasley/.pico-sdk/sdk/2.1.1/lib/lwip/src/core/ipv4/icmp.c.obj
                0x1000be14                icmp_input
 .text.icmp_dest_unreach
                0x1000c000       0xcc CMakeFiles/picow_access_point_background.dir/C_/Users/Wasley/.pico-sdk/sdk/2.1.1/lib/lwip/src/core/ipv4/icmp.c.obj
                0x1000c000                icmp_dest_unreach
 .text.icmp_time_exceeded
                0x1000c0cc       0xcc CMakeFiles/picow_access_point_background.dir/C_/Users/Wasley/.pico-sdk/sdk/2.1.1/lib/lwip/src/core/ipv4/icmp.c.obj
                0x1000c0cc                icmp_time_exceeded
 .text.ip_reass_free_complete_datagram
                0x1000c198      0x11c CMakeFiles/picow_access_point_background.dir/f28c238e21a8d7a415328780295072c0/lib/lwip/src/core/ipv4/ip4_frag.c.obj
 .text.ip_reass_remove_oldest_datagram
                0x1000c2b4      0x124 CMakeFiles/picow_access_point_background.dir/f28c238e21a8d7a415328780295072c0/lib/lwip/src/core/ipv4/ip4_frag.c.obj
 .text.ip_reass_tmr
                0x1000c3d8       0x30 CMakeFiles/picow_access_point_background.dir/f28c238e21a8d7a415328780295072c0/lib/lwip/src/core/ipv4/ip4_frag.c.obj
                0x1000c3d8                ip_reass_tmr
 .text.ip4_reass
                0x1000c408      0x544 CMakeFiles/picow_access_point_background.dir/f28c238e21a8d7a415328780295072c0/lib/lwip/src/core/ipv4/ip4_frag.c.obj
                0x1000c408                ip4_reass
 .text.ip4_frag
                0x1000c94c      0x254 CMakeFiles/picow_access_point_background.dir/f28c238e21a8d7a415328780295072c0/lib/lwip/src/core/ipv4/ip4_frag.c.obj
                0x1000c94c                ip4_frag
 .text.ip4_route
                0x1000cba0       0x7c CMakeFiles/picow_access_point_background.dir/C_/Users/Wasley/.pico-sdk/sdk/2.1.1/lib/lwip/src/core/ipv4/ip4.c.obj
                0x1000cba0                ip4_route
 .text.ip4_input
                0x1000cc1c      0x300 CMakeFiles/picow_access_point_background.dir/C_/Users/Wasley/.pico-sdk/sdk/2.1.1/lib/lwip/src/core/ipv4/ip4.c.obj
                0x1000cc1c                ip4_input
 .text.ip4_output_if
                0x1000cf1c      0x190 CMakeFiles/picow_access_point_background.dir/C_/Users/Wasley/.pico-sdk/sdk/2.1.1/lib/lwip/src/core/ipv4/ip4.c.obj
                0x1000cf1c                ip4_output_if
 .text.ip4_output_if_src
                0x1000d0ac      0x184 CMakeFiles/picow_access_point_background.dir/C_/Users/Wasley/.pico-sdk/sdk/2.1.1/lib/lwip/src/core/ipv4/ip4.c.obj
                0x1000d0ac                ip4_output_if_src
 .text.ip4_addr_isbroadcast_u32
                0x1000d230       0x3c CMakeFiles/picow_access_point_background.dir/f28c238e21a8d7a415328780295072c0/lib/lwip/src/core/ipv4/ip4_addr.c.obj
                0x1000d230                ip4_addr_isbroadcast_u32
 .text.ip4addr_ntoa
                0x1000d26c       0xec CMakeFiles/picow_access_point_background.dir/f28c238e21a8d7a415328780295072c0/lib/lwip/src/core/ipv4/ip4_addr.c.obj
                0x1000d26c                ip4addr_ntoa
 .text.ethernet_input
                0x1000d358       0xd0 CMakeFiles/picow_access_point_background.dir/C_/Users/Wasley/.pico-sdk/sdk/2.1.1/lib/lwip/src/netif/ethernet.c.obj
                0x1000d358                ethernet_input
 .text.ethernet_output
                0x1000d428       0x6c CMakeFiles/picow_access_point_background.dir/C_/Users/Wasley/.pico-sdk/sdk/2.1.1/lib/lwip/src/netif/ethernet.c.obj
                0x1000d428                ethernet_output
 .text.cyw43_arch_set_async_context
                0x1000d494        0xc CMakeFiles/picow_access_point_background.dir/c107034687c0993b5a865fece4371777/pico_cyw43_arch/cyw43_arch.c.obj
                0x1000d494                cyw43_arch_set_async_context
 .text.cyw43_arch_enable_ap_mode
                0x1000d4a0       0x7c CMakeFiles/picow_access_point_background.dir/c107034687c0993b5a865fece4371777/pico_cyw43_arch/cyw43_arch.c.obj
                0x1000d4a0                cyw43_arch_enable_ap_mode
 .text.cyw43_arch_disable_ap_mode
                0x1000d51c       0x28 CMakeFiles/picow_access_point_background.dir/c107034687c0993b5a865fece4371777/pico_cyw43_arch/cyw43_arch.c.obj
                0x1000d51c                cyw43_arch_disable_ap_mode
 .text.cyw43_arch_async_context
                0x1000d544        0xc CMakeFiles/picow_access_point_background.dir/c107034687c0993b5a865fece4371777/pico_cyw43_arch/cyw43_arch.c.obj
                0x1000d544                cyw43_arch_async_context
 .text.cyw43_arch_init
                0x1000d550       0x74 CMakeFiles/picow_access_point_background.dir/1b8b237fcce42e76d6232fa1f8148083/cyw43_arch_threadsafe_background.c.obj
                0x1000d550                cyw43_arch_init
 .text.cyw43_arch_deinit
                0x1000d5c4       0x30 CMakeFiles/picow_access_point_background.dir/1b8b237fcce42e76d6232fa1f8148083/cyw43_arch_threadsafe_background.c.obj
                0x1000d5c4                cyw43_arch_deinit
 .text.ns_delay.constprop.0
                0x1000d5f4       0x20 CMakeFiles/picow_access_point_background.dir/23c541754eddb0fcaefa38bde3d2750a/cyw43_bus_pio_spi.c.obj
 .text.cyw43_spi_deinit
                0x1000d614       0x6c CMakeFiles/picow_access_point_background.dir/23c541754eddb0fcaefa38bde3d2750a/cyw43_bus_pio_spi.c.obj
                0x1000d614                cyw43_spi_deinit
 .text.cyw43_spi_init
                0x1000d680      0x128 CMakeFiles/picow_access_point_background.dir/23c541754eddb0fcaefa38bde3d2750a/cyw43_bus_pio_spi.c.obj
                0x1000d680                cyw43_spi_init
 .text.cyw43_spi_transfer
                0x1000d7a8      0x448 CMakeFiles/picow_access_point_background.dir/23c541754eddb0fcaefa38bde3d2750a/cyw43_bus_pio_spi.c.obj
                0x1000d7a8                cyw43_spi_transfer
 .text.cyw43_spi_gpio_setup
                0x1000dbf0       0x3c CMakeFiles/picow_access_point_background.dir/23c541754eddb0fcaefa38bde3d2750a/cyw43_bus_pio_spi.c.obj
                0x1000dbf0                cyw43_spi_gpio_setup
 .text.cyw43_spi_reset
                0x1000dc2c       0x28 CMakeFiles/picow_access_point_background.dir/23c541754eddb0fcaefa38bde3d2750a/cyw43_bus_pio_spi.c.obj
                0x1000dc2c                cyw43_spi_reset
 .text.read_reg_u32_swap
                0x1000dc54       0x44 CMakeFiles/picow_access_point_background.dir/23c541754eddb0fcaefa38bde3d2750a/cyw43_bus_pio_spi.c.obj
                0x1000dc54                read_reg_u32_swap
 .text.cyw43_read_reg_u32
                0x1000dc98       0x58 CMakeFiles/picow_access_point_background.dir/23c541754eddb0fcaefa38bde3d2750a/cyw43_bus_pio_spi.c.obj
                0x1000dc98                cyw43_read_reg_u32
 .text.cyw43_read_reg_u16
                0x1000dcf0       0x58 CMakeFiles/picow_access_point_background.dir/23c541754eddb0fcaefa38bde3d2750a/cyw43_bus_pio_spi.c.obj
                0x1000dcf0                cyw43_read_reg_u16
 .text.cyw43_read_reg_u8
                0x1000dd48       0x58 CMakeFiles/picow_access_point_background.dir/23c541754eddb0fcaefa38bde3d2750a/cyw43_bus_pio_spi.c.obj
                0x1000dd48                cyw43_read_reg_u8
 .text.write_reg_u32_swap
                0x1000dda0      0x214 CMakeFiles/picow_access_point_background.dir/23c541754eddb0fcaefa38bde3d2750a/cyw43_bus_pio_spi.c.obj
                0x1000dda0                write_reg_u32_swap
 .text.cyw43_write_reg_u32
                0x1000dfb4      0x234 CMakeFiles/picow_access_point_background.dir/23c541754eddb0fcaefa38bde3d2750a/cyw43_bus_pio_spi.c.obj
                0x1000dfb4                cyw43_write_reg_u32
 .text.cyw43_write_reg_u16
                0x1000e1e8      0x234 CMakeFiles/picow_access_point_background.dir/23c541754eddb0fcaefa38bde3d2750a/cyw43_bus_pio_spi.c.obj
                0x1000e1e8                cyw43_write_reg_u16
 .text.cyw43_write_reg_u8
                0x1000e41c      0x234 CMakeFiles/picow_access_point_background.dir/23c541754eddb0fcaefa38bde3d2750a/cyw43_bus_pio_spi.c.obj
                0x1000e41c                cyw43_write_reg_u8
 .text.cyw43_read_bytes
                0x1000e650       0x78 CMakeFiles/picow_access_point_background.dir/23c541754eddb0fcaefa38bde3d2750a/cyw43_bus_pio_spi.c.obj
                0x1000e650                cyw43_read_bytes
 .text.cyw43_write_bytes
                0x1000e6c8       0xd4 CMakeFiles/picow_access_point_background.dir/23c541754eddb0fcaefa38bde3d2750a/cyw43_bus_pio_spi.c.obj
                0x1000e6c8                cyw43_write_bytes
 .text.cyw43_set_backplane_window
                0x1000e79c       0x68 CMakeFiles/picow_access_point_background.dir/C_/Users/Wasley/.pico-sdk/sdk/2.1.1/lib/cyw43-driver/src/cyw43_ll.c.obj
 .text.cyw43_ll_parse_async_event
                0x1000e804      0x138 CMakeFiles/picow_access_point_background.dir/C_/Users/Wasley/.pico-sdk/sdk/2.1.1/lib/cyw43-driver/src/cyw43_ll.c.obj
 .text.cyw43_kso_set
                0x1000e93c       0x80 CMakeFiles/picow_access_point_background.dir/C_/Users/Wasley/.pico-sdk/sdk/2.1.1/lib/cyw43-driver/src/cyw43_ll.c.obj
 .text.cyw43_ll_sdpcm_poll_device
                0x1000e9bc      0x238 CMakeFiles/picow_access_point_background.dir/C_/Users/Wasley/.pico-sdk/sdk/2.1.1/lib/cyw43-driver/src/cyw43_ll.c.obj
 .text.cyw43_sdpcm_send_common
                0x1000ebf4       0xfc CMakeFiles/picow_access_point_background.dir/C_/Users/Wasley/.pico-sdk/sdk/2.1.1/lib/cyw43-driver/src/cyw43_ll.c.obj
 .text.cyw43_do_ioctl.part.0
                0x1000ecf0       0xc4 CMakeFiles/picow_access_point_background.dir/C_/Users/Wasley/.pico-sdk/sdk/2.1.1/lib/cyw43-driver/src/cyw43_ll.c.obj
 .text.cyw43_write_iovar_u32.constprop.0
                0x1000edb4       0x98 CMakeFiles/picow_access_point_background.dir/C_/Users/Wasley/.pico-sdk/sdk/2.1.1/lib/cyw43-driver/src/cyw43_ll.c.obj
 .text.cyw43_write_iovar_n
                0x1000ee4c       0x8c CMakeFiles/picow_access_point_background.dir/C_/Users/Wasley/.pico-sdk/sdk/2.1.1/lib/cyw43-driver/src/cyw43_ll.c.obj
 .text.cyw43_write_iovar_u32_u32.constprop.0
                0x1000eed8       0xac CMakeFiles/picow_access_point_background.dir/C_/Users/Wasley/.pico-sdk/sdk/2.1.1/lib/cyw43-driver/src/cyw43_ll.c.obj
 .text.cyw43_read_backplane.constprop.0
                0x1000ef84       0xe4 CMakeFiles/picow_access_point_background.dir/C_/Users/Wasley/.pico-sdk/sdk/2.1.1/lib/cyw43-driver/src/cyw43_ll.c.obj
 .text.cyw43_write_backplane
                0x1000f068      0x10c CMakeFiles/picow_access_point_background.dir/C_/Users/Wasley/.pico-sdk/sdk/2.1.1/lib/cyw43-driver/src/cyw43_ll.c.obj
 .text.reset_device_core.constprop.0
                0x1000f174      0x410 CMakeFiles/picow_access_point_background.dir/C_/Users/Wasley/.pico-sdk/sdk/2.1.1/lib/cyw43-driver/src/cyw43_ll.c.obj
 .text.cyw43_ll_init
                0x1000f584       0x1c CMakeFiles/picow_access_point_background.dir/C_/Users/Wasley/.pico-sdk/sdk/2.1.1/lib/cyw43-driver/src/cyw43_ll.c.obj
                0x1000f584                cyw43_ll_init
 .text.cyw43_ll_deinit
                0x1000f5a0        0x8 CMakeFiles/picow_access_point_background.dir/C_/Users/Wasley/.pico-sdk/sdk/2.1.1/lib/cyw43-driver/src/cyw43_ll.c.obj
                0x1000f5a0                cyw43_ll_deinit
 .text.cyw43_ll_send_ethernet
                0x1000f5a8       0x60 CMakeFiles/picow_access_point_background.dir/C_/Users/Wasley/.pico-sdk/sdk/2.1.1/lib/cyw43-driver/src/cyw43_ll.c.obj
                0x1000f5a8                cyw43_ll_send_ethernet
 .text.cyw43_ll_process_packets
                0x1000f608       0x54 CMakeFiles/picow_access_point_background.dir/C_/Users/Wasley/.pico-sdk/sdk/2.1.1/lib/cyw43-driver/src/cyw43_ll.c.obj
                0x1000f608                cyw43_ll_process_packets
 .text.cyw43_ll_ioctl
                0x1000f65c       0x80 CMakeFiles/picow_access_point_background.dir/C_/Users/Wasley/.pico-sdk/sdk/2.1.1/lib/cyw43-driver/src/cyw43_ll.c.obj
                0x1000f65c                cyw43_ll_ioctl
 .text.cyw43_ll_bus_sleep
                0x1000f6dc       0x34 CMakeFiles/picow_access_point_background.dir/C_/Users/Wasley/.pico-sdk/sdk/2.1.1/lib/cyw43-driver/src/cyw43_ll.c.obj
                0x1000f6dc                cyw43_ll_bus_sleep
 .text.cyw43_ll_wifi_on
                0x1000f710      0x1f8 CMakeFiles/picow_access_point_background.dir/C_/Users/Wasley/.pico-sdk/sdk/2.1.1/lib/cyw43-driver/src/cyw43_ll.c.obj
                0x1000f710                cyw43_ll_wifi_on
 .text.cyw43_ll_wifi_get_mac
                0x1000f908       0x78 CMakeFiles/picow_access_point_background.dir/C_/Users/Wasley/.pico-sdk/sdk/2.1.1/lib/cyw43-driver/src/cyw43_ll.c.obj
                0x1000f908                cyw43_ll_wifi_get_mac
 .text.cyw43_ll_bus_init
                0x1000f980      0x8d8 CMakeFiles/picow_access_point_background.dir/C_/Users/Wasley/.pico-sdk/sdk/2.1.1/lib/cyw43-driver/src/cyw43_ll.c.obj
                0x1000f980                cyw43_ll_bus_init
 .text.cyw43_ll_wifi_pm
                0x10010258      0x11c CMakeFiles/picow_access_point_background.dir/C_/Users/Wasley/.pico-sdk/sdk/2.1.1/lib/cyw43-driver/src/cyw43_ll.c.obj
                0x10010258                cyw43_ll_wifi_pm
 .text.cyw43_ll_wifi_set_wpa_auth
                0x10010374       0x4c CMakeFiles/picow_access_point_background.dir/C_/Users/Wasley/.pico-sdk/sdk/2.1.1/lib/cyw43-driver/src/cyw43_ll.c.obj
                0x10010374                cyw43_ll_wifi_set_wpa_auth
 .text.cyw43_ll_wifi_rejoin
                0x100103c0       0x58 CMakeFiles/picow_access_point_background.dir/C_/Users/Wasley/.pico-sdk/sdk/2.1.1/lib/cyw43-driver/src/cyw43_ll.c.obj
                0x100103c0                cyw43_ll_wifi_rejoin
 .text.cyw43_ll_wifi_ap_init
                0x10010418      0x4dc CMakeFiles/picow_access_point_background.dir/C_/Users/Wasley/.pico-sdk/sdk/2.1.1/lib/cyw43-driver/src/cyw43_ll.c.obj
                0x10010418                cyw43_ll_wifi_ap_init
 .text.cyw43_ll_wifi_ap_set_up
                0x100108f4       0x74 CMakeFiles/picow_access_point_background.dir/C_/Users/Wasley/.pico-sdk/sdk/2.1.1/lib/cyw43-driver/src/cyw43_ll.c.obj
                0x100108f4                cyw43_ll_wifi_ap_set_up
 .text.cyw43_ll_has_work
                0x10010968       0x14 CMakeFiles/picow_access_point_background.dir/C_/Users/Wasley/.pico-sdk/sdk/2.1.1/lib/cyw43-driver/src/cyw43_ll.c.obj
                0x10010968                cyw43_ll_has_work
 .text.cyw43_netif_init
                0x1001097c       0x3c CMakeFiles/picow_access_point_background.dir/f28c238e21a8d7a415328780295072c0/lib/cyw43-driver/src/cyw43_lwip.c.obj
 .text.cyw43_netif_output
                0x100109b8       0x34 CMakeFiles/picow_access_point_background.dir/f28c238e21a8d7a415328780295072c0/lib/cyw43-driver/src/cyw43_lwip.c.obj
 .text.cyw43_cb_tcpip_init
                0x100109ec       0xf0 CMakeFiles/picow_access_point_background.dir/f28c238e21a8d7a415328780295072c0/lib/cyw43-driver/src/cyw43_lwip.c.obj
                0x100109ec                cyw43_cb_tcpip_init
 .text.cyw43_cb_tcpip_deinit
                0x10010adc       0x4c CMakeFiles/picow_access_point_background.dir/f28c238e21a8d7a415328780295072c0/lib/cyw43-driver/src/cyw43_lwip.c.obj
                0x10010adc                cyw43_cb_tcpip_deinit
 .text.cyw43_cb_process_ethernet
                0x10010b28       0x6c CMakeFiles/picow_access_point_background.dir/f28c238e21a8d7a415328780295072c0/lib/cyw43-driver/src/cyw43_lwip.c.obj
                0x10010b28                cyw43_cb_process_ethernet
 .text.cyw43_cb_tcpip_set_link_up
                0x10010b94       0x18 CMakeFiles/picow_access_point_background.dir/f28c238e21a8d7a415328780295072c0/lib/cyw43-driver/src/cyw43_lwip.c.obj
                0x10010b94                cyw43_cb_tcpip_set_link_up
 .text.cyw43_cb_tcpip_set_link_down
                0x10010bac       0x18 CMakeFiles/picow_access_point_background.dir/f28c238e21a8d7a415328780295072c0/lib/cyw43-driver/src/cyw43_lwip.c.obj
                0x10010bac                cyw43_cb_tcpip_set_link_down
 .text.cyw43_poll_func
                0x10010bc4       0xc0 CMakeFiles/picow_access_point_background.dir/f28c238e21a8d7a415328780295072c0/lib/cyw43-driver/src/cyw43_ctrl.c.obj
 .text.cyw43_init
                0x10010c84       0x6c CMakeFiles/picow_access_point_background.dir/f28c238e21a8d7a415328780295072c0/lib/cyw43-driver/src/cyw43_ctrl.c.obj
                0x10010c84                cyw43_init
 .text.cyw43_deinit
                0x10010cf0       0x90 CMakeFiles/picow_access_point_background.dir/f28c238e21a8d7a415328780295072c0/lib/cyw43-driver/src/cyw43_ctrl.c.obj
                0x10010cf0                cyw43_deinit
 .text.cyw43_cb_read_host_interrupt_pin
                0x10010d80        0xc CMakeFiles/picow_access_point_background.dir/f28c238e21a8d7a415328780295072c0/lib/cyw43-driver/src/cyw43_ctrl.c.obj
                0x10010d80                cyw43_cb_read_host_interrupt_pin
 .text.cyw43_cb_ensure_awake
                0x10010d8c        0xc CMakeFiles/picow_access_point_background.dir/f28c238e21a8d7a415328780295072c0/lib/cyw43-driver/src/cyw43_ctrl.c.obj
                0x10010d8c                cyw43_cb_ensure_awake
 .text.cyw43_cb_process_async_event
                0x10010d98      0x210 CMakeFiles/picow_access_point_background.dir/f28c238e21a8d7a415328780295072c0/lib/cyw43-driver/src/cyw43_ctrl.c.obj
                0x10010d98                cyw43_cb_process_async_event
 .text.cyw43_send_ethernet
                0x10010fa8       0xc0 CMakeFiles/picow_access_point_background.dir/f28c238e21a8d7a415328780295072c0/lib/cyw43-driver/src/cyw43_ctrl.c.obj
                0x10010fa8                cyw43_send_ethernet
 .text.cyw43_wifi_get_mac
                0x10011068       0x10 CMakeFiles/picow_access_point_background.dir/f28c238e21a8d7a415328780295072c0/lib/cyw43-driver/src/cyw43_ctrl.c.obj
                0x10011068                cyw43_wifi_get_mac
 .text.cyw43_wifi_set_up
                0x10011078      0x348 CMakeFiles/picow_access_point_background.dir/f28c238e21a8d7a415328780295072c0/lib/cyw43-driver/src/cyw43_ctrl.c.obj
                0x10011078                cyw43_wifi_set_up
 .text.pio_sm_set_pindirs_with_mask64
                0x100113c0       0xac CMakeFiles/picow_access_point_background.dir/f28c238e21a8d7a415328780295072c0/src/rp2_common/hardware_pio/pio.c.obj
                0x100113c0                pio_sm_set_pindirs_with_mask64
 .text.pio_sm_set_consecutive_pindirs
                0x1001146c       0xb4 CMakeFiles/picow_access_point_background.dir/f28c238e21a8d7a415328780295072c0/src/rp2_common/hardware_pio/pio.c.obj
                0x1001146c                pio_sm_set_consecutive_pindirs
 .text.pio_claim_free_sm_and_add_program_for_gpio_range
                0x10011520      0x184 CMakeFiles/picow_access_point_background.dir/f28c238e21a8d7a415328780295072c0/src/rp2_common/hardware_pio/pio.c.obj
                0x10011520                pio_claim_free_sm_and_add_program_for_gpio_range
 .text.pio_remove_program_and_unclaim_sm
                0x100116a4       0x40 CMakeFiles/picow_access_point_background.dir/f28c238e21a8d7a415328780295072c0/src/rp2_common/hardware_pio/pio.c.obj
                0x100116a4                pio_remove_program_and_unclaim_sm
 .text.dma_channel_unclaim
                0x100116e4       0x14 CMakeFiles/picow_access_point_background.dir/f28c238e21a8d7a415328780295072c0/src/rp2_common/hardware_dma/dma.c.obj
                0x100116e4                dma_channel_unclaim
 .text.dma_claim_unused_channel
                0x100116f8       0x24 CMakeFiles/picow_access_point_background.dir/f28c238e21a8d7a415328780295072c0/src/rp2_common/hardware_dma/dma.c.obj
                0x100116f8                dma_claim_unused_channel
 .text.dma_channel_cleanup
                0x1001171c       0x64 CMakeFiles/picow_access_point_background.dir/f28c238e21a8d7a415328780295072c0/src/rp2_common/hardware_dma/dma.c.obj
                0x1001171c                dma_channel_cleanup
 .text.cyw43_sleep_timeout_reached
                0x10011780       0x10 CMakeFiles/picow_access_point_background.dir/c107034687c0993b5a865fece4371777/pico_cyw43_driver/cyw43_driver.c.obj
 .text.cyw43_irq_init
                0x10011790       0x28 CMakeFiles/picow_access_point_background.dir/c107034687c0993b5a865fece4371777/pico_cyw43_driver/cyw43_driver.c.obj
                0x10011790                cyw43_irq_init
 .text.cyw43_irq_deinit
                0x100117b8       0x20 CMakeFiles/picow_access_point_background.dir/c107034687c0993b5a865fece4371777/pico_cyw43_driver/cyw43_driver.c.obj
                0x100117b8                cyw43_irq_deinit
 .text.cyw43_gpio_irq_handler
                0x100117d8       0x44 CMakeFiles/picow_access_point_background.dir/c107034687c0993b5a865fece4371777/pico_cyw43_driver/cyw43_driver.c.obj
 .text.cyw43_do_poll
                0x1001181c       0x6c CMakeFiles/picow_access_point_background.dir/c107034687c0993b5a865fece4371777/pico_cyw43_driver/cyw43_driver.c.obj
 .text.cyw43_post_poll_hook
                0x10011888       0x10 CMakeFiles/picow_access_point_background.dir/c107034687c0993b5a865fece4371777/pico_cyw43_driver/cyw43_driver.c.obj
                0x10011888                cyw43_post_poll_hook
 .text.cyw43_schedule_internal_poll_dispatch
                0x10011898       0x18 CMakeFiles/picow_access_point_background.dir/c107034687c0993b5a865fece4371777/pico_cyw43_driver/cyw43_driver.c.obj
                0x10011898                cyw43_schedule_internal_poll_dispatch
 .text.cyw43_driver_init
                0x100118b0       0x38 CMakeFiles/picow_access_point_background.dir/c107034687c0993b5a865fece4371777/pico_cyw43_driver/cyw43_driver.c.obj
                0x100118b0                cyw43_driver_init
 .text.cyw43_driver_deinit
                0x100118e8       0x44 CMakeFiles/picow_access_point_background.dir/c107034687c0993b5a865fece4371777/pico_cyw43_driver/cyw43_driver.c.obj
                0x100118e8                cyw43_driver_deinit
 .text.cyw43_hal_generate_laa_mac
                0x1001192c       0x28 CMakeFiles/picow_access_point_background.dir/c107034687c0993b5a865fece4371777/pico_cyw43_driver/cyw43_driver.c.obj
                0x1001192c                cyw43_hal_generate_laa_mac
 .text.cyw43_hal_get_mac
                0x10011954       0x14 CMakeFiles/picow_access_point_background.dir/c107034687c0993b5a865fece4371777/pico_cyw43_driver/cyw43_driver.c.obj
                0x10011954                cyw43_hal_get_mac
 .text.cyw43_thread_enter
                0x10011968       0x14 CMakeFiles/picow_access_point_background.dir/c107034687c0993b5a865fece4371777/pico_cyw43_driver/cyw43_driver.c.obj
                0x10011968                cyw43_thread_enter
 .text.cyw43_thread_exit
                0x1001197c       0x14 CMakeFiles/picow_access_point_background.dir/c107034687c0993b5a865fece4371777/pico_cyw43_driver/cyw43_driver.c.obj
                0x1001197c                cyw43_thread_exit
 .text.cyw43_await_background_or_timeout_us
                0x10011990       0x5c CMakeFiles/picow_access_point_background.dir/c107034687c0993b5a865fece4371777/pico_cyw43_driver/cyw43_driver.c.obj
                0x10011990                cyw43_await_background_or_timeout_us
 .text.cyw43_delay_ms
                0x100119ec       0x44 CMakeFiles/picow_access_point_background.dir/c107034687c0993b5a865fece4371777/pico_cyw43_driver/cyw43_driver.c.obj
                0x100119ec                cyw43_delay_ms
 .text.cyw43_delay_us
                0x10011a30       0x30 CMakeFiles/picow_access_point_background.dir/c107034687c0993b5a865fece4371777/pico_cyw43_driver/cyw43_driver.c.obj
                0x10011a30                cyw43_delay_us
 .text.async_context_threadsafe_background_acquire_lock_blocking
                0x10011a60        0xc CMakeFiles/picow_access_point_background.dir/cd1ecb54730339c38b535292f6d159b3/async_context_threadsafe_background.c.obj
 .text.alarm_handler
                0x10011a6c       0x20 CMakeFiles/picow_access_point_background.dir/cd1ecb54730339c38b535292f6d159b3/async_context_threadsafe_background.c.obj
 .text.async_context_threadsafe_background_set_work_pending
                0x10011a8c       0x1c CMakeFiles/picow_access_point_background.dir/cd1ecb54730339c38b535292f6d159b3/async_context_threadsafe_background.c.obj
 .text.process_under_lock
                0x10011aa8       0xcc CMakeFiles/picow_access_point_background.dir/cd1ecb54730339c38b535292f6d159b3/async_context_threadsafe_background.c.obj
 .text.async_context_threadsafe_background_execute_sync
                0x10011b74       0x30 CMakeFiles/picow_access_point_background.dir/cd1ecb54730339c38b535292f6d159b3/async_context_threadsafe_background.c.obj
                0x10011b74                async_context_threadsafe_background_execute_sync
 .text.async_context_threadsafe_background_deinit
                0x10011ba4       0x54 CMakeFiles/picow_access_point_background.dir/cd1ecb54730339c38b535292f6d159b3/async_context_threadsafe_background.c.obj
 .text.low_priority_irq_handler
                0x10011bf8       0x3c CMakeFiles/picow_access_point_background.dir/cd1ecb54730339c38b535292f6d159b3/async_context_threadsafe_background.c.obj
 .text.async_context_threadsafe_background_wait_for_work_until
                0x10011c34        0xc CMakeFiles/picow_access_point_background.dir/cd1ecb54730339c38b535292f6d159b3/async_context_threadsafe_background.c.obj
 .text.async_context_threadsafe_background_wait_until
                0x10011c40       0x1c CMakeFiles/picow_access_point_background.dir/cd1ecb54730339c38b535292f6d159b3/async_context_threadsafe_background.c.obj
 .text.async_context_threadsafe_background_lock_check
                0x10011c5c       0x28 CMakeFiles/picow_access_point_background.dir/cd1ecb54730339c38b535292f6d159b3/async_context_threadsafe_background.c.obj
 .text.async_context_threadsafe_background_release_lock
                0x10011c84       0x1c CMakeFiles/picow_access_point_background.dir/cd1ecb54730339c38b535292f6d159b3/async_context_threadsafe_background.c.obj
 .text.async_context_threadsafe_background_when_pending_worker
                0x10011ca0       0x34 CMakeFiles/picow_access_point_background.dir/cd1ecb54730339c38b535292f6d159b3/async_context_threadsafe_background.c.obj
 .text.async_context_threadsafe_background_add_when_pending_worker
                0x10011cd4       0x34 CMakeFiles/picow_access_point_background.dir/cd1ecb54730339c38b535292f6d159b3/async_context_threadsafe_background.c.obj
 .text.async_context_threadsafe_background_remove_at_time_worker
                0x10011d08       0x34 CMakeFiles/picow_access_point_background.dir/cd1ecb54730339c38b535292f6d159b3/async_context_threadsafe_background.c.obj
 .text.async_context_threadsafe_background_add_at_time_worker
                0x10011d3c       0x34 CMakeFiles/picow_access_point_background.dir/cd1ecb54730339c38b535292f6d159b3/async_context_threadsafe_background.c.obj
 .text.async_context_threadsafe_background_default_config
                0x10011d70        0xc CMakeFiles/picow_access_point_background.dir/cd1ecb54730339c38b535292f6d159b3/async_context_threadsafe_background.c.obj
                0x10011d70                async_context_threadsafe_background_default_config
 .text.async_context_threadsafe_background_init
                0x10011d7c       0x8c CMakeFiles/picow_access_point_background.dir/cd1ecb54730339c38b535292f6d159b3/async_context_threadsafe_background.c.obj
                0x10011d7c                async_context_threadsafe_background_init
 .text.uart_init
                0x10011e08      0x120 CMakeFiles/picow_access_point_background.dir/f28c238e21a8d7a415328780295072c0/src/rp2_common/hardware_uart/uart.c.obj
                0x10011e08                uart_init
 .text.first_per_core_initializer
                0x10011f28        0x4 CMakeFiles/picow_access_point_background.dir/68facaa553a6734d13687344bae9af44/rp2_common/pico_runtime/runtime.c.obj
 .text.hard_assertion_failure
                0x10011f2c        0xc CMakeFiles/picow_access_point_background.dir/68facaa553a6734d13687344bae9af44/rp2_common/pico_runtime/runtime.c.obj
                0x10011f2c                hard_assertion_failure
 .text.runtime_run_initializers
                0x10011f38       0x28 CMakeFiles/picow_access_point_background.dir/68facaa553a6734d13687344bae9af44/rp2_common/pico_runtime/runtime.c.obj
                0x10011f38                runtime_run_initializers
 .text.runtime_init_early_resets
                0x10011f60       0x2c CMakeFiles/picow_access_point_background.dir/c107034687c0993b5a865fece4371777/pico_runtime_init/runtime_init.c.obj
                0x10011f60                runtime_init_early_resets
 .text.runtime_init_usb_power_down
                0x10011f8c       0x1c CMakeFiles/picow_access_point_background.dir/c107034687c0993b5a865fece4371777/pico_runtime_init/runtime_init.c.obj
                0x10011f8c                runtime_init_usb_power_down
 .text.runtime_init_post_clock_resets
                0x10011fa8       0x20 CMakeFiles/picow_access_point_background.dir/c107034687c0993b5a865fece4371777/pico_runtime_init/runtime_init.c.obj
                0x10011fa8                runtime_init_post_clock_resets
 .text.runtime_init_rp2040_gpio_ie_disable
                0x10011fc8       0x14 CMakeFiles/picow_access_point_background.dir/c107034687c0993b5a865fece4371777/pico_runtime_init/runtime_init.c.obj
                0x10011fc8                runtime_init_rp2040_gpio_ie_disable
 .text.runtime_init_spin_locks_reset
                0x10011fdc        0x8 CMakeFiles/picow_access_point_background.dir/c107034687c0993b5a865fece4371777/pico_runtime_init/runtime_init.c.obj
                0x10011fdc                runtime_init_spin_locks_reset
 .text.runtime_init_install_ram_vector_table
                0x10011fe4       0x1c CMakeFiles/picow_access_point_background.dir/c107034687c0993b5a865fece4371777/pico_runtime_init/runtime_init.c.obj
                0x10011fe4                runtime_init_install_ram_vector_table
 .text.runtime_init_clocks
                0x10012000       0xd8 CMakeFiles/picow_access_point_background.dir/e252db77ab38118290f2437bfecf6f74/runtime_init_clocks.c.obj
                0x10012000                runtime_init_clocks
 .text          0x100120d8       0x10 CMakeFiles/picow_access_point_background.dir/c107034687c0993b5a865fece4371777/pico_bit_ops/bit_ops_aeabi.S.obj
 .text.ctzsi    0x100120e8        0xc CMakeFiles/picow_access_point_background.dir/c107034687c0993b5a865fece4371777/pico_bit_ops/bit_ops_aeabi.S.obj
                0x100120e8                __wrap___ctzsi2
 .text.__wrap___aeabi_idiv
                0x100120f4       0x50 CMakeFiles/picow_access_point_background.dir/c107034687c0993b5a865fece4371777/pico_divider/divider_hardware.S.obj
                0x100120f4                __wrap___aeabi_idivmod
                0x100120f4                divmod_s32s32
                0x100120f4                div_s32s32
                0x100120f4                __wrap___aeabi_idiv
                0x100120fc                divmod_s32s32_unsafe
                0x10012128                divmod_s32s32_savestate
 .text.__wrap___aeabi_uidiv
                0x10012144       0x4c CMakeFiles/picow_access_point_background.dir/c107034687c0993b5a865fece4371777/pico_divider/divider_hardware.S.obj
                0x10012144                __wrap___aeabi_uidiv
                0x10012144                __wrap___aeabi_uidivmod
                0x10012144                div_u32u32
                0x10012144                divmod_u32u32
                0x1001214c                divmod_u32u32_unsafe
                0x10012174                divmod_u32u32_savestate
 .text.__wrap___aeabi_ldiv
                0x10012190      0x424 CMakeFiles/picow_access_point_background.dir/c107034687c0993b5a865fece4371777/pico_divider/divider_hardware.S.obj
                0x10012190                div_s64s64
                0x10012190                divmod_s64s64
                0x10012190                __wrap___aeabi_ldivmod
                0x100121c0                divmod_u64u64
                0x100121c0                div_u64u64
                0x100121c0                __wrap___aeabi_uldivmod
                0x100121d0                divmod_u64u64_savestate
                0x100121f0                divmod_s64s64_unsafe
                0x10012278                divmod_u64u64_unsafe
 .text.__wrap___aeabi_darithmetic
                0x100125b4       0x60 CMakeFiles/picow_access_point_background.dir/c107034687c0993b5a865fece4371777/pico_double/double_aeabi_rp2040.S.obj
                0x100125b4                __wrap___aeabi_drsub
                0x100125ba                __wrap___aeabi_dsub
                0x100125c4                __wrap___aeabi_dadd
                0x100125ce                __wrap___aeabi_ddiv
                0x10012602                __wrap___aeabi_dmul
 .text.__wrap___aeabi_cdcmple
                0x10012614       0x6c CMakeFiles/picow_access_point_background.dir/c107034687c0993b5a865fece4371777/pico_double/double_aeabi_rp2040.S.obj
                0x10012614                __wrap___aeabi_cdrcmple
                0x10012624                __wrap___aeabi_cdcmpeq
                0x10012624                __wrap___aeabi_cdcmple
 .text.__wrap___aeabi_dcmpeq
                0x10012680       0x10 CMakeFiles/picow_access_point_background.dir/c107034687c0993b5a865fece4371777/pico_double/double_aeabi_rp2040.S.obj
                0x10012680                __wrap___aeabi_dcmpeq
 .text.__wrap___aeabi_dcmplt
                0x10012690        0xc CMakeFiles/picow_access_point_background.dir/c107034687c0993b5a865fece4371777/pico_double/double_aeabi_rp2040.S.obj
                0x10012690                __wrap___aeabi_dcmplt
 .text.__wrap___aeabi_dcmple
                0x1001269c       0x10 CMakeFiles/picow_access_point_background.dir/c107034687c0993b5a865fece4371777/pico_double/double_aeabi_rp2040.S.obj
                0x1001269c                __wrap___aeabi_dcmple
 .text.__wrap___aeabi_dcmpge
                0x100126ac       0x10 CMakeFiles/picow_access_point_background.dir/c107034687c0993b5a865fece4371777/pico_double/double_aeabi_rp2040.S.obj
                0x100126ac                __wrap___aeabi_dcmpge
 .text.__wrap___aeabi_dcmpgt
                0x100126bc        0xa CMakeFiles/picow_access_point_background.dir/c107034687c0993b5a865fece4371777/pico_double/double_aeabi_rp2040.S.obj
                0x100126bc                __wrap___aeabi_dcmpgt
 .text.__wrap___aeabi_dcmpun
                0x100126c6       0x18 CMakeFiles/picow_access_point_background.dir/c107034687c0993b5a865fece4371777/pico_double/double_aeabi_rp2040.S.obj
                0x100126c6                __wrap___aeabi_dcmpun
 *fill*         0x100126de        0x2 
 .text.__wrap___aeabi_i2d
                0x100126e0       0x38 CMakeFiles/picow_access_point_background.dir/c107034687c0993b5a865fece4371777/pico_double/double_aeabi_rp2040.S.obj
                0x100126e0                uint2double
                0x100126e0                __wrap___aeabi_ui2d
                0x100126e8                int2double
                0x100126e8                __wrap___aeabi_i2d
 .text.__wrap___aeabi_d2iz
                0x10012718       0x48 CMakeFiles/picow_access_point_background.dir/c107034687c0993b5a865fece4371777/pico_double/double_aeabi_rp2040.S.obj
                0x10012718                double2int_z
                0x10012718                __wrap___aeabi_d2iz
 .text.__wrap___aeabi_d2uiz
                0x10012760       0x10 CMakeFiles/picow_access_point_background.dir/c107034687c0993b5a865fece4371777/pico_double/double_aeabi_rp2040.S.obj
                0x10012760                double2uint
                0x10012760                __wrap___aeabi_d2uiz
                0x10012760                double2uint_z
 .text.__wrap___aeabi_l2d
                0x10012770       0x10 CMakeFiles/picow_access_point_background.dir/c107034687c0993b5a865fece4371777/pico_double/double_aeabi_rp2040.S.obj
                0x10012770                int642double
                0x10012770                __wrap___aeabi_l2d
 .text.__wrap___aeabi_d2lz
                0x10012780       0x26 CMakeFiles/picow_access_point_background.dir/c107034687c0993b5a865fece4371777/pico_double/double_aeabi_rp2040.S.obj
                0x10012780                double2int64_z
                0x10012780                __wrap___aeabi_d2lz
 *fill*         0x100127a6        0x2 
 .text.double2int64