Archive member included to satisfy reference by file (symbol)

C:/Users/Wasley/.pico-sdk/toolchain/14_2_Rel1/bin/../lib/gcc/arm-none-eabi/14.2.1/thumb/v6-m/nofp\libgcc.a(_dvmd_tls.o)
                              CMakeFiles/picow_access_point_poll.dir/c107034687c0993b5a865fece4371777/pico_divider/divider_hardware.S.obj (__aeabi_idiv0)
C:/Users/Wasley/.pico-sdk/toolchain/14_2_Rel1/bin/../lib/gcc/arm-none-eabi/14.2.1/thumb/v6-m/nofp\libg.a(libc_a-atoi.o)
                              CMakeFiles/picow_access_point_poll.dir/C_/Users/Wasley/.pico-sdk/sdk/2.1.1/lib/lwip/src/core/netif.c.obj (atoi)
C:/Users/Wasley/.pico-sdk/toolchain/14_2_Rel1/bin/../lib/gcc/arm-none-eabi/14.2.1/thumb/v6-m/nofp\libg.a(libc_a-calloc.o)
                              CMakeFiles/picow_access_point_poll.dir/68facaa553a6734d13687344bae9af44/rp2_common/pico_malloc/malloc.c.obj (calloc)
C:/Users/Wasley/.pico-sdk/toolchain/14_2_Rel1/bin/../lib/gcc/arm-none-eabi/14.2.1/thumb/v6-m/nofp\libg.a(libc_a-callocr.o)
                              C:/Users/Wasley/.pico-sdk/toolchain/14_2_Rel1/bin/../lib/gcc/arm-none-eabi/14.2.1/thumb/v6-m/nofp\libg.a(libc_a-calloc.o) (_calloc_r)
C:/Users/Wasley/.pico-sdk/toolchain/14_2_Rel1/bin/../lib/gcc/arm-none-eabi/14.2.1/thumb/v6-m/nofp\libg.a(libc_a-malloc.o)
                              CMakeFiles/picow_access_point_poll.dir/68facaa553a6734d13687344bae9af44/rp2_common/pico_malloc/malloc.c.obj (malloc)
C:/Users/Wasley/.pico-sdk/toolchain/14_2_Rel1/bin/../lib/gcc/arm-none-eabi/14.2.1/thumb/v6-m/nofp\libg.a(libc_a-mallocr.o)
                              C:/Users/Wasley/.pico-sdk/toolchain/14_2_Rel1/bin/../lib/gcc/arm-none-eabi/14.2.1/thumb/v6-m/nofp\libg.a(libc_a-callocr.o) (_malloc_r)
C:/Users/Wasley/.pico-sdk/toolchain/14_2_Rel1/bin/../lib/gcc/arm-none-eabi/14.2.1/thumb/v6-m/nofp\libg.a(libc_a-mlock.o)
                              C:/Users/Wasley/.pico-sdk/toolchain/14_2_Rel1/bin/../lib/gcc/arm-none-eabi/14.2.1/thumb/v6-m/nofp\libg.a(libc_a-mallocr.o) (__malloc_lock)
C:/Users/Wasley/.pico-sdk/toolchain/14_2_Rel1/bin/../lib/gcc/arm-none-eabi/14.2.1/thumb/v6-m/nofp\libg.a(libc_a-realloc.o)
                              CMakeFiles/picow_access_point_poll.dir/68facaa553a6734d13687344bae9af44/rp2_common/pico_malloc/malloc.c.obj (realloc)
C:/Users/Wasley/.pico-sdk/toolchain/14_2_Rel1/bin/../lib/gcc/arm-none-eabi/14.2.1/thumb/v6-m/nofp\libg.a(libc_a-reallocr.o)
                              C:/Users/Wasley/.pico-sdk/toolchain/14_2_Rel1/bin/../lib/gcc/arm-none-eabi/14.2.1/thumb/v6-m/nofp\libg.a(libc_a-realloc.o) (_realloc_r)
C:/Users/Wasley/.pico-sdk/toolchain/14_2_Rel1/bin/../lib/gcc/arm-none-eabi/14.2.1/thumb/v6-m/nofp\libg.a(libc_a-strtol.o)
                              C:/Users/Wasley/.pico-sdk/toolchain/14_2_Rel1/bin/../lib/gcc/arm-none-eabi/14.2.1/thumb/v6-m/nofp\libg.a(libc_a-atoi.o) (_strtol_r)
C:/Users/Wasley/.pico-sdk/toolchain/14_2_Rel1/bin/../lib/gcc/arm-none-eabi/14.2.1/thumb/v6-m/nofp\libg.a(libc_a-ctype_.o)
                              CMakeFiles/picow_access_point_poll.dir/ssd1306_i2c.c.obj (_ctype_)
C:/Users/Wasley/.pico-sdk/toolchain/14_2_Rel1/bin/../lib/gcc/arm-none-eabi/14.2.1/thumb/v6-m/nofp\libg.a(libc_a-sscanf.o)
                              CMakeFiles/picow_access_point_poll.dir/picow_access_point.c.obj (sscanf)
C:/Users/Wasley/.pico-sdk/toolchain/14_2_Rel1/bin/../lib/gcc/arm-none-eabi/14.2.1/thumb/v6-m/nofp\libg.a(libc_a-stdio.o)
                              C:/Users/Wasley/.pico-sdk/toolchain/14_2_Rel1/bin/../lib/gcc/arm-none-eabi/14.2.1/thumb/v6-m/nofp\libg.a(libc_a-sscanf.o) (__seofread)
C:/Users/Wasley/.pico-sdk/toolchain/14_2_Rel1/bin/../lib/gcc/arm-none-eabi/14.2.1/thumb/v6-m/nofp\libg.a(libc_a-memcmp.o)
                              CMakeFiles/picow_access_point_poll.dir/dhcpserver/dhcpserver.c.obj (memcmp)
C:/Users/Wasley/.pico-sdk/toolchain/14_2_Rel1/bin/../lib/gcc/arm-none-eabi/14.2.1/thumb/v6-m/nofp\libg.a(libc_a-memmove.o)
                              CMakeFiles/picow_access_point_poll.dir/C_/Users/Wasley/.pico-sdk/sdk/2.1.1/lib/lwip/src/core/def.c.obj (memmove)
C:/Users/Wasley/.pico-sdk/toolchain/14_2_Rel1/bin/../lib/gcc/arm-none-eabi/14.2.1/thumb/v6-m/nofp\libg.a(libc_a-strchr.o)
                              CMakeFiles/picow_access_point_poll.dir/picow_access_point.c.obj (strchr)
C:/Users/Wasley/.pico-sdk/toolchain/14_2_Rel1/bin/../lib/gcc/arm-none-eabi/14.2.1/thumb/v6-m/nofp\libg.a(libc_a-strncmp.o)
                              CMakeFiles/picow_access_point_poll.dir/picow_access_point.c.obj (strncmp)
C:/Users/Wasley/.pico-sdk/toolchain/14_2_Rel1/bin/../lib/gcc/arm-none-eabi/14.2.1/thumb/v6-m/nofp\libg.a(libc_a-strtok.o)
                              CMakeFiles/picow_access_point_poll.dir/picow_access_point.c.obj (strtok)
C:/Users/Wasley/.pico-sdk/toolchain/14_2_Rel1/bin/../lib/gcc/arm-none-eabi/14.2.1/thumb/v6-m/nofp\libg.a(libc_a-strtok_r.o)
[...]
Memory Configuration

Name             Origin             Length             Attributes
FLASH            0x10000000         0x00200000         xr
RAM              0x20000000         0x00040000         xrw
SCRATCH_X        0x20040000         0x00001000         xrw
SCRATCH_Y        0x20041000         0x00001000         xrw
*default*        0x00000000         0xffffffff

Linker script and memory map

LOAD C:/Users/Wasley/.pico-sdk/toolchain/14_2_Rel1/bin/../lib/gcc/arm-none-eabi/14.2.1/thumb/v6-m/nofp/crti.o
LOAD C:/Users/Wasley/.pico-sdk/toolchain/14_2_Rel1/bin/../lib/gcc/arm-none-eabi/14.2.1/thumb/v6-m/nofp/crtbegin.o
LOAD C:/Users/Wasley/.pico-sdk/toolchain/14_2_Rel1/bin/../lib/gcc/arm-none-eabi/14.2.1/thumb/v6-m/nofp/crt0.o

.flash_begin    0x10000000        0x0
                0x10000000                        __flash_binary_start = .

.boot2          0x10000000      0x100
                0x10000000                        __boot2_start__ = .
 *(.boot2)
 .boot2         0x10000000      0x100 pico-sdk/src/rp2040/boot_stage2/CMakeFiles/bs2_default_library.dir/./bs2_default_padded_checksummed.S.obj
                0x10000100                        __boot2_end__ = .
                0x00000001                        ASSERT (((__boot2_end__ - __boot2_start__) == 0x100), ERROR: Pico second stage bootloader must be 256 bytes in size)

.text           0x10000100    0x1a2c4
                0x10000100                        __logical_binary_start = .
 *(.vectors)
 .vectors       0x10000100       0xd4 CMakeFiles/picow_access_point_poll.dir/f28c238e21a8d7a415328780295072c0/src/rp2_common/pico_crt0/crt0.S.obj
                0x10000100                __VECTOR_TABLE
                0x10000100                __vectors
                0x100001c0                isr_invalid
                0x100001c0                __default_isrs_start
                0x100001c2                isr_nmi
                0x100001c4                isr_hardfault
                0x100001c6                isr_svcall
                0x100001c8                isr_pendsv
                0x100001ca                isr_systick
                0x100001cc                isr_irq23
                0x100001cc                isr_irq18
                0x100001cc                isr_irq11
                0x100001cc                isr_irq28
                0x100001cc                isr_irq19
                0x100001cc                isr_irq0
                0x100001cc                isr_irq6
                0x100001cc                isr_irq5
                0x100001cc                isr_irq12
                0x100001cc                isr_irq22
                0x100001cc                isr_irq31
                0x100001cc                isr_irq17
                0x100001cc                isr_irq27
                0x100001cc                isr_irq30
                0x100001cc                isr_irq2
                0x100001cc                isr_irq10
                0x100001cc                isr_irq8
                0x100001cc                isr_irq24
                0x100001cc                isr_irq1
                0x100001cc                isr_irq7
                0x100001cc                isr_irq21
                0x100001cc                isr_irq20
                0x100001cc                isr_irq15
                0x100001cc                isr_irq25
                0x100001cc                isr_irq13
                0x100001cc                __unhandled_user_irq
                0x100001cc                isr_irq4
                0x100001cc                isr_irq16
                0x100001cc                isr_irq29
                0x100001cc                isr_irq26
                0x100001cc                __default_isrs_end
                0x100001cc                isr_irq3
                0x100001cc                isr_irq14
                0x100001cc                isr_irq9
                0x100001d2                unhandled_user_irq_num_in_r0
 *(.binary_info_header)
 .binary_info_header
                0x100001d4       0x14 CMakeFiles/picow_access_point_poll.dir/f28c238e21a8d7a415328780295072c0/src/rp2_common/pico_crt0/crt0.S.obj
                0x100001e8                        __binary_info_header_end = .
 *(.embedded_block)
                0x100001e8                        __embedded_block_end = .
 *(.reset)
 .reset         0x100001e8       0x9c CMakeFiles/picow_access_point_poll.dir/f28c238e21a8d7a415328780295072c0/src/rp2_common/pico_crt0/crt0.S.obj
                0x100001e8                _entry_point
 *(.init)
 .init          0x10000284        0x4 C:/Users/Wasley/.pico-sdk/toolchain/14_2_Rel1/bin/../lib/gcc/arm-none-eabi/14.2.1/thumb/v6-m/nofp/crti.o
                0x10000284                _init
 *(EXCLUDE_FILE(*libm.a: *libc.a:*lib_a-mem*.o *libgcc.a:) .text*)
 .text.register_tm_clones
                0x10000288       0x28 C:/Users/Wasley/.pico-sdk/toolchain/14_2_Rel1/bin/../lib/gcc/arm-none-eabi/14.2.1/thumb/v6-m/nofp/crtbegin.o
 .text.frame_dummy
                0x100002b0       0x24 C:/Users/Wasley/.pico-sdk/toolchain/14_2_Rel1/bin/../lib/gcc/arm-none-eabi/14.2.1/thumb/v6-m/nofp/crtbegin.o
 .text.tcp_server_accept
                0x100002d4       0x34 CMakeFiles/picow_access_point_poll.dir/picow_access_point.c.obj
 .text.key_pressed_func
                0x10000308       0x24 CMakeFiles/picow_access_point_poll.dir/picow_access_point.c.obj
                0x10000308                key_pressed_func
 .text.atualizar_display
                0x1000032c      0x140 CMakeFiles/picow_access_point_poll.dir/picow_access_point.c.obj
                0x1000032c                atualizar_display
 .text.init_leds
                0x1000046c       0x40 CMakeFiles/picow_access_point_poll.dir/picow_access_point.c.obj
                0x1000046c                init_leds
 .text.parse_params
                0x100004ac      0x144 CMakeFiles/picow_access_point_poll.dir/picow_access_point.c.obj
                0x100004ac                parse_params
 .text.tcp_server_recv
                0x100005f0      0x1fc CMakeFiles/picow_access_point_poll.dir/picow_access_point.c.obj
                0x100005f0                tcp_server_recv
 .text.startup.main
                0x100007ec      0x124 CMakeFiles/picow_access_point_poll.dir/picow_access_point.c.obj
                0x100007ec                main
 .text.dhcp_server_process
                0x10000910      0x654 CMakeFiles/picow_access_point_poll.dir/dhcpserver/dhcpserver.c.obj
 .text.dhcp_server_init
                0x10000f64       0x3c CMakeFiles/picow_access_point_poll.dir/dhcpserver/dhcpserver.c.obj
                0x10000f64                dhcp_server_init
 .text.dns_server_process
                0x10000fa0      0x144 CMakeFiles/picow_access_point_poll.dir/dnsserver/dnsserver.c.obj
 .text.dns_server_init
                0x100010e4       0x48 CMakeFiles/picow_access_point_poll.dir/dnsserver/dnsserver.c.obj
                0x100010e4                dns_server_init
 .text.calculate_render_area_buffer_length
                0x1000112c       0x18 CMakeFiles/picow_access_point_poll.dir/ssd1306_i2c.c.obj
                0x1000112c                calculate_render_area_buffer_length
 .text.ssd1306_init
                0x10001144       0x58 CMakeFiles/picow_access_point_poll.dir/ssd1306_i2c.c.obj
                0x10001144                ssd1306_init
 .text.render_on_display
                0x1000119c       0x98 CMakeFiles/picow_access_point_poll.dir/ssd1306_i2c.c.obj
                0x1000119c                render_on_display
 .text.ssd1306_draw_char
                0x10001234       0x70 CMakeFiles/picow_access_point_poll.dir/ssd1306_i2c.c.obj
                0x10001234                ssd1306_draw_char
 .text.lwip_timeout_reached
                0x100012a4        0x8 CMakeFiles/picow_access_point_poll.dir/68facaa553a6734d13687344bae9af44/rp2_common/pico_lwip/lwip_nosys.c.obj
 .text.update_next_timeout
                0x100012ac       0x5c CMakeFiles/picow_access_point_poll.dir/68facaa553a6734d13687344bae9af44/rp2_common/pico_lwip/lwip_nosys.c.obj
 .text.lwip_nosys_init
                0x10001308       0x30 CMakeFiles/picow_access_point_poll.dir/68facaa553a6734d13687344bae9af44/rp2_common/pico_lwip/lwip_nosys.c.obj
                0x10001308                lwip_nosys_init
 .text.lwip_nosys_deinit
                0x10001338       0x20 CMakeFiles/picow_access_point_poll.dir/68facaa553a6734d13687344bae9af44/rp2_common/pico_lwip/lwip_nosys.c.obj
                0x10001338                lwip_nosys_deinit
 .text.sys_arch_protect
                0x10001358        0x4 CMakeFiles/picow_access_point_poll.dir/68facaa553a6734d13687344bae9af44/rp2_common/pico_lwip/lwip_nosys.c.obj
                0x10001358                sys_arch_protect
 .text.sys_arch_unprotect
                0x1000135c        0x4 CMakeFiles/picow_access_point_poll.dir/68facaa553a6734d13687344bae9af44/rp2_common/pico_lwip/lwip_nosys.c.obj
                0x1000135c                sys_arch_unprotect
 .text.sys_now  0x10001360       0x20 CMakeFiles/picow_access_point_poll.dir/68facaa553a6734d13687344bae9af44/rp2_common/pico_lwip/lwip_nosys.c.obj
                0x10001360                sys_now
 .text.async_context_base_add_at_time_worker
                0x10001380       0x28 CMakeFiles/picow_access_point_poll.dir/cd1ecb54730339c38b535292f6d159b3/async_context_base.c.obj
                0x10001380                async_context_base_add_at_time_worker
 .text.async_context_base_remove_at_time_worker
                0x100013a8       0x24 CMakeFiles/picow_access_point_poll.dir/cd1ecb54730339c38b535292f6d159b3/async_context_base.c.obj
                0x100013a8                async_context_base_remove_at_time_worker
 .text.async_context_base_add_when_pending_worker
                0x100013cc       0x24 CMakeFiles/picow_access_point_poll.dir/cd1ecb54730339c38b535292f6d159b3/async_context_base.c.obj
                0x100013cc                async_context_base_add_when_pending_worker
 .text.async_context_base_remove_when_pending_worker
                0x100013f0       0x24 CMakeFiles/picow_access_point_poll.dir/cd1ecb54730339c38b535292f6d159b3/async_context_base.c.obj
                0x100013f0                async_context_base_remove_when_pending_worker
 .text.async_context_base_execute_once
                0x10001414      0x108 CMakeFiles/picow_access_point_poll.dir/cd1ecb54730339c38b535292f6d159b3/async_context_base.c.obj
                0x10001414                async_context_base_execute_once
 .text.panic    0x1000151c       0x30 CMakeFiles/picow_access_point_poll.dir/c107034687c0993b5a865fece4371777/pico_platform_panic/panic.c.obj
                0x1000151c                panic
 .text.splitmix64
                0x1000154c       0x58 CMakeFiles/picow_access_point_poll.dir/f28c238e21a8d7a415328780295072c0/src/rp2_common/pico_rand/rand.c.obj
 .text.xoroshiro128ss
                0x100015a4       0x90 CMakeFiles/picow_access_point_poll.dir/f28c238e21a8d7a415328780295072c0/src/rp2_common/pico_rand/rand.c.obj
 .text.get_rand_64
                0x10001634      0x47c CMakeFiles/picow_access_point_poll.dir/f28c238e21a8d7a415328780295072c0/src/rp2_common/pico_rand/rand.c.obj
                0x10001634                get_rand_64
 .text.get_rand_32
                0x10001ab0        0x8 CMakeFiles/picow_access_point_poll.dir/f28c238e21a8d7a415328780295072c0/src/rp2_common/pico_rand/rand.c.obj
                0x10001ab0                get_rand_32
 .text.startup._retrieve_unique_id_on_boot
                0x10001ab8       0x10 CMakeFiles/picow_access_point_poll.dir/c107034687c0993b5a865fece4371777/pico_unique_id/unique_id.c.obj
 .text.pico_get_unique_board_id
                0x10001ac8       0x10 CMakeFiles/picow_access_point_poll.dir/c107034687c0993b5a865fece4371777/pico_unique_id/unique_id.c.obj
                0x10001ac8                pico_get_unique_board_id
 .text.flash_get_unique_id
                0x10001ad8       0x3c CMakeFiles/picow_access_point_poll.dir/68facaa553a6734d13687344bae9af44/rp2_common/hardware_flash/flash.c.obj
                0x10001ad8                flash_get_unique_id
 .text.hw_claim_lock
                0x10001b14       0x18 CMakeFiles/picow_access_point_poll.dir/f28c238e21a8d7a415328780295072c0/src/common/hardware_claim/claim.c.obj
                0x10001b14                hw_claim_lock
 .text.hw_claim_unlock
                0x10001b2c       0x14 CMakeFiles/picow_access_point_poll.dir/f28c238e21a8d7a415328780295072c0/src/common/hardware_claim/claim.c.obj
                0x10001b2c                hw_claim_unlock
 .text.hw_claim_or_assert
                0x10001b40       0x44 CMakeFiles/picow_access_point_poll.dir/f28c238e21a8d7a415328780295072c0/src/common/hardware_claim/claim.c.obj
                0x10001b40                hw_claim_or_assert
 .text.hw_claim_unused_from_range
                0x10001b84       0x88 CMakeFiles/picow_access_point_poll.dir/f28c238e21a8d7a415328780295072c0/src/common/hardware_claim/claim.c.obj
                0x10001b84                hw_claim_unused_from_range
 .text.hw_claim_clear
                0x10001c0c       0x38 CMakeFiles/picow_access_point_poll.dir/f28c238e21a8d7a415328780295072c0/src/common/hardware_claim/claim.c.obj
                0x10001c0c                hw_claim_clear
 .text.next_striped_spin_lock_num
                0x10001c44       0x18 CMakeFiles/picow_access_point_poll.dir/68facaa553a6734d13687344bae9af44/rp2_common/hardware_sync/sync.c.obj
                0x10001c44                next_striped_spin_lock_num
 .text.spin_locks_reset
                0x10001c5c       0x1c CMakeFiles/picow_access_point_poll.dir/a596ae8d4c9b1df600aa95f0ecb43f47/sync_spin_lock.c.obj
                0x10001c5c                spin_locks_reset
 .text.rom_func_lookup
                0x10001c78       0x10 CMakeFiles/picow_access_point_poll.dir/68facaa553a6734d13687344bae9af44/rp2_common/pico_bootrom/bootrom.c.obj
                0x10001c78                rom_func_lookup
 .text.rom_data_lookup
                0x10001c88       0x10 CMakeFiles/picow_access_point_poll.dir/68facaa553a6734d13687344bae9af44/rp2_common/pico_bootrom/bootrom.c.obj
                0x10001c88                rom_data_lookup
 .text.rom_funcs_lookup
                0x10001c98       0x44 CMakeFiles/picow_access_point_poll.dir/68facaa553a6734d13687344bae9af44/rp2_common/pico_bootrom/bootrom.c.obj
                0x10001c98                rom_funcs_lookup
 .text.sleep_until_callback
                0x10001cdc       0x30 CMakeFiles/picow_access_point_poll.dir/C_/Users/Wasley/.pico-sdk/sdk/2.1.1/src/common/pico_time/time.c.obj
 .text.alarm_pool_irq_handler
                0x10001d0c      0x300 CMakeFiles/picow_access_point_poll.dir/C_/Users/Wasley/.pico-sdk/sdk/2.1.1/src/common/pico_time/time.c.obj
 .text.runtime_init_default_alarm_pool
                0x1000200c       0xdc CMakeFiles/picow_access_point_poll.dir/C_/Users/Wasley/.pico-sdk/sdk/2.1.1/src/common/pico_time/time.c.obj
                0x1000200c                runtime_init_default_alarm_pool
 .text.alarm_pool_add_alarm_at_force_in_context
                0x100020e8       0xb0 CMakeFiles/picow_access_point_poll.dir/C_/Users/Wasley/.pico-sdk/sdk/2.1.1/src/common/pico_time/time.c.obj
                0x100020e8                alarm_pool_add_alarm_at_force_in_context
 .text.alarm_pool_cancel_alarm
                0x10002198       0x74 CMakeFiles/picow_access_point_poll.dir/C_/Users/Wasley/.pico-sdk/sdk/2.1.1/src/common/pico_time/time.c.obj
                0x10002198                alarm_pool_cancel_alarm
 .text.sleep_until
                0x1000220c       0xd0 CMakeFiles/picow_access_point_poll.dir/C_/Users/Wasley/.pico-sdk/sdk/2.1.1/src/common/pico_time/time.c.obj
                0x1000220c                sleep_until
 .text.sleep_ms
                0x100022dc       0xfc CMakeFiles/picow_access_point_poll.dir/C_/Users/Wasley/.pico-sdk/sdk/2.1.1/src/common/pico_time/time.c.obj
                0x100022dc                sleep_ms
 .text.best_effort_wfe_or_timeout
                0x100023d8      0x10c CMakeFiles/picow_access_point_poll.dir/C_/Users/Wasley/.pico-sdk/sdk/2.1.1/src/common/pico_time/time.c.obj
                0x100023d8                best_effort_wfe_or_timeout
 .text.timer_hardware_alarm_claim
                0x100024e4       0x14 CMakeFiles/picow_access_point_poll.dir/68facaa553a6734d13687344bae9af44/rp2_common/hardware_timer/timer.c.obj
                0x100024e4                timer_hardware_alarm_claim
 .text.timer_time_us_64
                0x100024f8       0x10 CMakeFiles/picow_access_point_poll.dir/68facaa553a6734d13687344bae9af44/rp2_common/hardware_timer/timer.c.obj
                0x100024f8                timer_time_us_64
 .text.time_us_64
                0x10002508       0x14 CMakeFiles/picow_access_point_poll.dir/68facaa553a6734d13687344bae9af44/rp2_common/hardware_timer/timer.c.obj
                0x10002508                time_us_64
 .text.busy_wait_us
                0x1000251c       0x68 CMakeFiles/picow_access_point_poll.dir/68facaa553a6734d13687344bae9af44/rp2_common/hardware_timer/timer.c.obj
                0x1000251c                busy_wait_us
 .text.busy_wait_until
                0x10002584       0x20 CMakeFiles/picow_access_point_poll.dir/68facaa553a6734d13687344bae9af44/rp2_common/hardware_timer/timer.c.obj
                0x10002584                busy_wait_until
 .text.runtime_init_per_core_irq_priorities
                0x100025a4       0x24 CMakeFiles/picow_access_point_poll.dir/f28c238e21a8d7a415328780295072c0/src/rp2_common/hardware_irq/irq.c.obj
                0x100025a4                runtime_init_per_core_irq_priorities
 .text.irq_set_enabled
                0x100025c8       0x24 CMakeFiles/picow_access_point_poll.dir/f28c238e21a8d7a415328780295072c0/src/rp2_common/hardware_irq/irq.c.obj
                0x100025c8                irq_set_enabled
 .text.irq_set_exclusive_handler
                0x100025ec       0x54 CMakeFiles/picow_access_point_poll.dir/f28c238e21a8d7a415328780295072c0/src/rp2_common/hardware_irq/irq.c.obj
                0x100025ec                irq_set_exclusive_handler
 .text.irq_add_shared_handler
                0x10002640      0x1f4 CMakeFiles/picow_access_point_poll.dir/f28c238e21a8d7a415328780295072c0/src/rp2_common/hardware_irq/irq.c.obj
                0x10002640                irq_add_shared_handler
 .text.irq_remove_handler
                0x10002834      0x1d4 CMakeFiles/picow_access_point_poll.dir/f28c238e21a8d7a415328780295072c0/src/rp2_common/hardware_irq/irq.c.obj
                0x10002834                irq_remove_handler
 .text.irq_add_tail_to_free_list
                0x10002a08       0xb4 CMakeFiles/picow_access_point_poll.dir/f28c238e21a8d7a415328780295072c0/src/rp2_common/hardware_irq/irq.c.obj
                0x10002a08                irq_add_tail_to_free_list
 .text.sem_init
                0x10002abc       0x20 CMakeFiles/picow_access_point_poll.dir/C_/Users/Wasley/.pico-sdk/sdk/2.1.1/src/common/pico_sync/sem.c.obj
                0x10002abc                sem_init
 .text.lock_init
                0x10002adc       0x10 CMakeFiles/picow_access_point_poll.dir/f28c238e21a8d7a415328780295072c0/src/common/pico_sync/lock_core.c.obj
                0x10002adc                lock_init
 .text.runtime_init_mutex
                0x10002aec       0x50 CMakeFiles/picow_access_point_poll.dir/C_/Users/Wasley/.pico-sdk/sdk/2.1.1/src/common/pico_sync/mutex.c.obj
                0x10002aec                runtime_init_mutex
 .text.clock_configure_int_divider
                0x10002b3c       0xf4 CMakeFiles/picow_access_point_poll.dir/c107034687c0993b5a865fece4371777/hardware_clocks/clocks.c.obj
                0x10002b3c                clock_configure_int_divider
 .text.clock_configure_undivided
                0x10002c30       0xe8 CMakeFiles/picow_access_point_poll.dir/c107034687c0993b5a865fece4371777/hardware_clocks/clocks.c.obj
                0x10002c30                clock_configure_undivided
 .text.clock_get_hz
                0x10002d18        0xc CMakeFiles/picow_access_point_poll.dir/c107034687c0993b5a865fece4371777/hardware_clocks/clocks.c.obj
                0x10002d18                clock_get_hz
 .text.gpio_set_function
                0x10002d24       0x34 CMakeFiles/picow_access_point_poll.dir/68facaa553a6734d13687344bae9af44/rp2_common/hardware_gpio/gpio.c.obj
                0x10002d24                gpio_set_function
 .text.gpio_set_pulls
                0x10002d58       0x28 CMakeFiles/picow_access_point_poll.dir/68facaa553a6734d13687344bae9af44/rp2_common/hardware_gpio/gpio.c.obj
                0x10002d58                gpio_set_pulls
 .text.gpio_set_input_hysteresis_enabled
                0x10002d80       0x28 CMakeFiles/picow_access_point_poll.dir/68facaa553a6734d13687344bae9af44/rp2_common/hardware_gpio/gpio.c.obj
                0x10002d80                gpio_set_input_hysteresis_enabled
 .text.gpio_set_irq_enabled
                0x10002da8       0x58 CMakeFiles/picow_access_point_poll.dir/68facaa553a6734d13687344bae9af44/rp2_common/hardware_gpio/gpio.c.obj
                0x10002da8                gpio_set_irq_enabled
 .text.gpio_add_raw_irq_handler_with_order_priority_masked
                0x10002e00       0x44 CMakeFiles/picow_access_point_poll.dir/68facaa553a6734d13687344bae9af44/rp2_common/hardware_gpio/gpio.c.obj
                0x10002e00                gpio_add_raw_irq_handler_with_order_priority_masked
 .text.gpio_remove_raw_irq_handler_masked
                0x10002e44       0x20 CMakeFiles/picow_access_point_poll.dir/68facaa553a6734d13687344bae9af44/rp2_common/hardware_gpio/gpio.c.obj
                0x10002e44                gpio_remove_raw_irq_handler_masked
 .text.gpio_init
                0x10002e64       0x40 CMakeFiles/picow_access_point_poll.dir/68facaa553a6734d13687344bae9af44/rp2_common/hardware_gpio/gpio.c.obj
                0x10002e64                gpio_init
 .text.pll_init
                0x10002ea4       0xa4 CMakeFiles/picow_access_point_poll.dir/f28c238e21a8d7a415328780295072c0/src/rp2_common/hardware_pll/pll.c.obj
                0x10002ea4                pll_init
 .text.tick_start
                0x10002f48       0x10 CMakeFiles/picow_access_point_poll.dir/68facaa553a6734d13687344bae9af44/rp2_common/hardware_ticks/ticks.c.obj
                0x10002f48                tick_start
 .text.xosc_init
                0x10002f58       0x28 CMakeFiles/picow_access_point_poll.dir/68facaa553a6734d13687344bae9af44/rp2_common/hardware_xosc/xosc.c.obj
                0x10002f58                xosc_init
 .text.lwip_init
                0x10002f80       0x24 CMakeFiles/picow_access_point_poll.dir/C_/Users/Wasley/.pico-sdk/sdk/2.1.1/lib/lwip/src/core/init.c.obj
                0x10002f80                lwip_init
 .text.lwip_htons
                0x10002fa4        0x8 CMakeFiles/picow_access_point_poll.dir/C_/Users/Wasley/.pico-sdk/sdk/2.1.1/lib/lwip/src/core/def.c.obj
                0x10002fa4                lwip_htons
 .text.lwip_htonl
                0x10002fac        0x4 CMakeFiles/picow_access_point_poll.dir/C_/Users/Wasley/.pico-sdk/sdk/2.1.1/lib/lwip/src/core/def.c.obj
                0x10002fac                lwip_htonl
 .text.dns_call_found
                0x10002fb0      0x184 CMakeFiles/picow_access_point_poll.dir/C_/Users/Wasley/.pico-sdk/sdk/2.1.1/lib/lwip/src/core/dns.c.obj
 .text.dns_send.isra.0
                0x10003134      0x174 CMakeFiles/picow_access_point_poll.dir/C_/Users/Wasley/.pico-sdk/sdk/2.1.1/lib/lwip/src/core/dns.c.obj
 .text.dns_init
                0x100032a8        0x4 CMakeFiles/picow_access_point_poll.dir/C_/Users/Wasley/.pico-sdk/sdk/2.1.1/lib/lwip/src/core/dns.c.obj
                0x100032a8                dns_init
 .text.dns_setserver
                0x100032ac       0x24 CMakeFiles/picow_access_point_poll.dir/C_/Users/Wasley/.pico-sdk/sdk/2.1.1/lib/lwip/src/core/dns.c.obj
                0x100032ac                dns_setserver
 .text.dns_tmr  0x100032d0      0x130 CMakeFiles/picow_access_point_poll.dir/C_/Users/Wasley/.pico-sdk/sdk/2.1.1/lib/lwip/src/core/dns.c.obj
                0x100032d0                dns_tmr
 .text.lwip_standard_chksum
                0x10003400       0xf4 CMakeFiles/picow_access_point_poll.dir/f28c238e21a8d7a415328780295072c0/lib/lwip/src/core/inet_chksum.c.obj
                0x10003400                lwip_standard_chksum
 .text.inet_chksum_pseudo
                0x100034f4       0xbc CMakeFiles/picow_access_point_poll.dir/f28c238e21a8d7a415328780295072c0/lib/lwip/src/core/inet_chksum.c.obj
                0x100034f4                inet_chksum_pseudo
 .text.ip_chksum_pseudo
                0x100035b0       0x10 CMakeFiles/picow_access_point_poll.dir/f28c238e21a8d7a415328780295072c0/lib/lwip/src/core/inet_chksum.c.obj
                0x100035b0                ip_chksum_pseudo
 .text.inet_chksum
                0x100035c0        0xc CMakeFiles/picow_access_point_poll.dir/f28c238e21a8d7a415328780295072c0/lib/lwip/src/core/inet_chksum.c.obj
                0x100035c0                inet_chksum
 .text.inet_chksum_pbuf
                0x100035cc       0x78 CMakeFiles/picow_access_point_poll.dir/f28c238e21a8d7a415328780295072c0/lib/lwip/src/core/inet_chksum.c.obj
                0x100035cc                inet_chksum_pbuf
 .text.mem_init
                0x10003644        0x4 CMakeFiles/picow_access_point_poll.dir/C_/Users/Wasley/.pico-sdk/sdk/2.1.1/lib/lwip/src/core/mem.c.obj
                0x10003644                mem_init
 .text.mem_trim
                0x10003648        0x4 CMakeFiles/picow_access_point_poll.dir/C_/Users/Wasley/.pico-sdk/sdk/2.1.1/lib/lwip/src/core/mem.c.obj
                0x10003648                mem_trim
 .text.mem_malloc
                0x1000364c       0x2c CMakeFiles/picow_access_point_poll.dir/C_/Users/Wasley/.pico-sdk/sdk/2.1.1/lib/lwip/src/core/mem.c.obj
                0x1000364c                mem_malloc
 .text.mem_free
                0x10003678       0x2c CMakeFiles/picow_access_point_poll.dir/C_/Users/Wasley/.pico-sdk/sdk/2.1.1/lib/lwip/src/core/mem.c.obj
                0x10003678                mem_free
 .text.memp_init
                0x100036a4       0x6c CMakeFiles/picow_access_point_poll.dir/C_/Users/Wasley/.pico-sdk/sdk/2.1.1/lib/lwip/src/core/memp.c.obj
                0x100036a4                memp_init
 .text.memp_malloc
                0x10003710       0x40 CMakeFiles/picow_access_point_poll.dir/C_/Users/Wasley/.pico-sdk/sdk/2.1.1/lib/lwip/src/core/memp.c.obj
                0x10003710                memp_malloc
 .text.memp_free
                0x10003750       0x38 CMakeFiles/picow_access_point_poll.dir/C_/Users/Wasley/.pico-sdk/sdk/2.1.1/lib/lwip/src/core/memp.c.obj
                0x10003750                memp_free
 .text.netif_null_output_ip4
                0x10003788        0x8 CMakeFiles/picow_access_point_poll.dir/C_/Users/Wasley/.pico-sdk/sdk/2.1.1/lib/lwip/src/core/netif.c.obj
 .text.netif_do_set_ipaddr.isra.0
                0x10003790       0x70 CMakeFiles/picow_access_point_poll.dir/C_/Users/Wasley/.pico-sdk/sdk/2.1.1/lib/lwip/src/core/netif.c.obj
 .text.netif_init
                0x10003800        0x4 CMakeFiles/picow_access_point_poll.dir/C_/Users/Wasley/.pico-sdk/sdk/2.1.1/lib/lwip/src/core/netif.c.obj
                0x10003800                netif_init
 .text.netif_add
                0x10003804      0x174 CMakeFiles/picow_access_point_poll.dir/C_/Users/Wasley/.pico-sdk/sdk/2.1.1/lib/lwip/src/core/netif.c.obj
                0x10003804                netif_add
 .text.netif_set_addr
                0x10003978       0xb8 CMakeFiles/picow_access_point_poll.dir/C_/Users/Wasley/.pico-sdk/sdk/2.1.1/lib/lwip/src/core/netif.c.obj
                0x10003978                netif_set_addr
 .text.netif_remove
                0x10003a30       0x94 CMakeFiles/picow_access_point_poll.dir/C_/Users/Wasley/.pico-sdk/sdk/2.1.1/lib/lwip/src/core/netif.c.obj
                0x10003a30                netif_remove
 .text.netif_set_default
                0x10003ac4        0xc CMakeFiles/picow_access_point_poll.dir/C_/Users/Wasley/.pico-sdk/sdk/2.1.1/lib/lwip/src/core/netif.c.obj
                0x10003ac4                netif_set_default
 .text.netif_set_up
                0x10003ad0       0x40 CMakeFiles/picow_access_point_poll.dir/C_/Users/Wasley/.pico-sdk/sdk/2.1.1/lib/lwip/src/core/netif.c.obj
                0x10003ad0                netif_set_up
 .text.netif_set_link_up
                0x10003b10       0x44 CMakeFiles/picow_access_point_poll.dir/C_/Users/Wasley/.pico-sdk/sdk/2.1.1/lib/lwip/src/core/netif.c.obj
                0x10003b10                netif_set_link_up
 .text.netif_set_link_down
                0x10003b54       0x20 CMakeFiles/picow_access_point_poll.dir/C_/Users/Wasley/.pico-sdk/sdk/2.1.1/lib/lwip/src/core/netif.c.obj
                0x10003b54                netif_set_link_down
 .text.netif_get_by_index
                0x10003b74       0x2c CMakeFiles/picow_access_point_poll.dir/C_/Users/Wasley/.pico-sdk/sdk/2.1.1/lib/lwip/src/core/netif.c.obj
                0x10003b74                netif_get_by_index
 .text.pbuf_free.part.0
                0x10003ba0       0x7c CMakeFiles/picow_access_point_poll.dir/C_/Users/Wasley/.pico-sdk/sdk/2.1.1/lib/lwip/src/core/pbuf.c.obj
 .text.pbuf_free_ooseq
                0x10003c1c       0x34 CMakeFiles/picow_access_point_poll.dir/C_/Users/Wasley/.pico-sdk/sdk/2.1.1/lib/lwip/src/core/pbuf.c.obj
                0x10003c1c                pbuf_free_ooseq
 .text.pbuf_alloc
                0x10003c50      0x12c CMakeFiles/picow_access_point_poll.dir/C_/Users/Wasley/.pico-sdk/sdk/2.1.1/lib/lwip/src/core/pbuf.c.obj
                0x10003c50                pbuf_alloc
 .text.pbuf_realloc
                0x10003d7c       0x84 CMakeFiles/picow_access_point_poll.dir/C_/Users/Wasley/.pico-sdk/sdk/2.1.1/lib/lwip/src/core/pbuf.c.obj
                0x10003d7c                pbuf_realloc
 .text.pbuf_add_header
                0x10003e00       0x54 CMakeFiles/picow_access_point_poll.dir/C_/Users/Wasley/.pico-sdk/sdk/2.1.1/lib/lwip/src/core/pbuf.c.obj
                0x10003e00                pbuf_add_header
 .text.pbuf_remove_header
                0x10003e54       0x3c CMakeFiles/picow_access_point_poll.dir/C_/Users/Wasley/.pico-sdk/sdk/2.1.1/lib/lwip/src/core/pbuf.c.obj
                0x10003e54                pbuf_remove_header
 .text.pbuf_header_force
                0x10003e90       0x68 CMakeFiles/picow_access_point_poll.dir/C_/Users/Wasley/.pico-sdk/sdk/2.1.1/lib/lwip/src/core/pbuf.c.obj
                0x10003e90                pbuf_header_force
 .text.pbuf_free
                0x10003ef8       0x18 CMakeFiles/picow_access_point_poll.dir/C_/Users/Wasley/.pico-sdk/sdk/2.1.1/lib/lwip/src/core/pbuf.c.obj
                0x10003ef8                pbuf_free
 .text.pbuf_clen
                0x10003f10       0x14 CMakeFiles/picow_access_point_poll.dir/C_/Users/Wasley/.pico-sdk/sdk/2.1.1/lib/lwip/src/core/pbuf.c.obj
                0x10003f10                pbuf_clen
 .text.pbuf_ref
                0x10003f24       0x28 CMakeFiles/picow_access_point_poll.dir/C_/Users/Wasley/.pico-sdk/sdk/2.1.1/lib/lwip/src/core/pbuf.c.obj
                0x10003f24                pbuf_ref
 .text.pbuf_cat
                0x10003f4c       0x44 CMakeFiles/picow_access_point_poll.dir/C_/Users/Wasley/.pico-sdk/sdk/2.1.1/lib/lwip/src/core/pbuf.c.obj
                0x10003f4c                pbuf_cat
 .text.pbuf_chain
                0x10003f90       0x64 CMakeFiles/picow_access_point_poll.dir/C_/Users/Wasley/.pico-sdk/sdk/2.1.1/lib/lwip/src/core/pbuf.c.obj
                0x10003f90                pbuf_chain
 .text.pbuf_copy_partial_pbuf
                0x10003ff4      0x158 CMakeFiles/picow_access_point_poll.dir/C_/Users/Wasley/.pico-sdk/sdk/2.1.1/lib/lwip/src/core/pbuf.c.obj
                0x10003ff4                pbuf_copy_partial_pbuf
 .text.pbuf_copy
                0x1000414c       0x18 CMakeFiles/picow_access_point_poll.dir/C_/Users/Wasley/.pico-sdk/sdk/2.1.1/lib/lwip/src/core/pbuf.c.obj
                0x1000414c                pbuf_copy
 .text.pbuf_copy_partial
                0x10004164       0x70 CMakeFiles/picow_access_point_poll.dir/C_/Users/Wasley/.pico-sdk/sdk/2.1.1/lib/lwip/src/core/pbuf.c.obj
                0x10004164                pbuf_copy_partial
 .text.pbuf_take
                0x100041d4       0x78 CMakeFiles/picow_access_point_poll.dir/C_/Users/Wasley/.pico-sdk/sdk/2.1.1/lib/lwip/src/core/pbuf.c.obj
                0x100041d4                pbuf_take
 .text.pbuf_take_at
                0x1000424c       0xc0 CMakeFiles/picow_access_point_poll.dir/C_/Users/Wasley/.pico-sdk/sdk/2.1.1/lib/lwip/src/core/pbuf.c.obj
                0x1000424c                pbuf_take_at
 .text.pbuf_clone
                0x1000430c       0x30 CMakeFiles/picow_access_point_poll.dir/C_/Users/Wasley/.pico-sdk/sdk/2.1.1/lib/lwip/src/core/pbuf.c.obj
                0x1000430c                pbuf_clone
 .text.pbuf_put_at
                0x1000433c       0x1c CMakeFiles/picow_access_point_poll.dir/C_/Users/Wasley/.pico-sdk/sdk/2.1.1/lib/lwip/src/core/pbuf.c.obj
                0x1000433c                pbuf_put_at
 .text.raw_input
                0x10004358      0x164 CMakeFiles/picow_access_point_poll.dir/C_/Users/Wasley/.pico-sdk/sdk/2.1.1/lib/lwip/src/core/raw.c.obj
                0x10004358                raw_input
 .text.raw_netif_ip_addr_changed
                0x100044bc       0x40 CMakeFiles/picow_access_point_poll.dir/C_/Users/Wasley/.pico-sdk/sdk/2.1.1/lib/lwip/src/core/raw.c.obj
                0x100044bc                raw_netif_ip_addr_changed
 .text.stats_init
                0x100044fc        0x4 CMakeFiles/picow_access_point_poll.dir/C_/Users/Wasley/.pico-sdk/sdk/2.1.1/lib/lwip/src/core/stats.c.obj
                0x100044fc                stats_init
 .text.tcp_close_shutdown_fin
                0x10004500       0x54 CMakeFiles/picow_access_point_poll.dir/C_/Users/Wasley/.pico-sdk/sdk/2.1.1/lib/lwip/src/core/tcp.c.obj
 .text.tcp_pcb_purge.part.0
                0x10004554       0xc4 CMakeFiles/picow_access_point_poll.dir/C_/Users/Wasley/.pico-sdk/sdk/2.1.1/lib/lwip/src/core/tcp.c.obj
 .text.tcp_init
                0x10004618       0x20 CMakeFiles/picow_access_point_poll.dir/C_/Users/Wasley/.pico-sdk/sdk/2.1.1/lib/lwip/src/core/tcp.c.obj
                0x10004618                tcp_init
 .text.tcp_free
                0x10004638       0x1c CMakeFiles/picow_access_point_poll.dir/C_/Users/Wasley/.pico-sdk/sdk/2.1.1/lib/lwip/src/core/tcp.c.obj
                0x10004638                tcp_free
 .text.tcp_bind
                0x10004654       0xf4 CMakeFiles/picow_access_point_poll.dir/C_/Users/Wasley/.pico-sdk/sdk/2.1.1/lib/lwip/src/core/tcp.c.obj
                0x10004654                tcp_bind
 .text.tcp_listen_with_backlog
                0x10004748       0x98 CMakeFiles/picow_access_point_poll.dir/C_/Users/Wasley/.pico-sdk/sdk/2.1.1/lib/lwip/src/core/tcp.c.obj
                0x10004748                tcp_listen_with_backlog
 .text.tcp_update_rcv_ann_wnd
                0x100047e0       0x58 CMakeFiles/picow_access_point_poll.dir/C_/Users/Wasley/.pico-sdk/sdk/2.1.1/lib/lwip/src/core/tcp.c.obj
                0x100047e0                tcp_update_rcv_ann_wnd
 .text.tcp_recved
                0x10004838       0x98 CMakeFiles/picow_access_point_poll.dir/C_/Users/Wasley/.pico-sdk/sdk/2.1.1/lib/lwip/src/core/tcp.c.obj
                0x10004838                tcp_recved
 .text.tcp_slowtmr
                0x100048d0      0x514 CMakeFiles/picow_access_point_poll.dir/C_/Users/Wasley/.pico-sdk/sdk/2.1.1/lib/lwip/src/core/tcp.c.obj
                0x100048d0                tcp_slowtmr
 .text.tcp_segs_free
                0x10004de4       0x38 CMakeFiles/picow_access_point_poll.dir/C_/Users/Wasley/.pico-sdk/sdk/2.1.1/lib/lwip/src/core/tcp.c.obj
                0x10004de4                tcp_segs_free
 .text.tcp_seg_free
                0x10004e1c       0x1c CMakeFiles/picow_access_point_poll.dir/C_/Users/Wasley/.pico-sdk/sdk/2.1.1/lib/lwip/src/core/tcp.c.obj
                0x10004e1c                tcp_seg_free
 .text.tcp_seg_copy
                0x10004e38       0x2c CMakeFiles/picow_access_point_poll.dir/C_/Users/Wasley/.pico-sdk/sdk/2.1.1/lib/lwip/src/core/tcp.c.obj
                0x10004e38                tcp_seg_copy
 .text.tcp_arg  0x10004e64        0x8 CMakeFiles/picow_access_point_poll.dir/C_/Users/Wasley/.pico-sdk/sdk/2.1.1/lib/lwip/src/core/tcp.c.obj
                0x10004e64                tcp_arg
 .text.tcp_recv
                0x10004e6c       0x1c CMakeFiles/picow_access_point_poll.dir/C_/Users/Wasley/.pico-sdk/sdk/2.1.1/lib/lwip/src/core/tcp.c.obj
                0x10004e6c                tcp_recv
 .text.tcp_accept
                0x10004e88       0x10 CMakeFiles/picow_access_point_poll.dir/C_/Users/Wasley/.pico-sdk/sdk/2.1.1/lib/lwip/src/core/tcp.c.obj
                0x10004e88                tcp_accept
 .text.tcp_pcb_purge
                0x10004e98       0x18 CMakeFiles/picow_access_point_poll.dir/C_/Users/Wasley/.pico-sdk/sdk/2.1.1/lib/lwip/src/core/tcp.c.obj
                0x10004e98                tcp_pcb_purge
 .text.tcp_pcb_remove
                0x10004eb0       0xc8 CMakeFiles/picow_access_point_poll.dir/C_/Users/Wasley/.pico-sdk/sdk/2.1.1/lib/lwip/src/core/tcp.c.obj
                0x10004eb0                tcp_pcb_remove
 .text.tcp_abandon
                0x10004f78      0x1a0 CMakeFiles/picow_access_point_poll.dir/C_/Users/Wasley/.pico-sdk/sdk/2.1.1/lib/lwip/src/core/tcp.c.obj
                0x10004f78                tcp_abandon
 .text.tcp_abort
                0x10005118        0xc CMakeFiles/picow_access_point_poll.dir/C_/Users/Wasley/.pico-sdk/sdk/2.1.1/lib/lwip/src/core/tcp.c.obj
                0x10005118                tcp_abort
 .text.tcp_accept_null
                0x10005124       0x20 CMakeFiles/picow_access_point_poll.dir/C_/Users/Wasley/.pico-sdk/sdk/2.1.1/lib/lwip/src/core/tcp.c.obj
 .text.tcp_alloc
                0x10005144      0x1d4 CMakeFiles/picow_access_point_poll.dir/C_/Users/Wasley/.pico-sdk/sdk/2.1.1/lib/lwip/src/core/tcp.c.obj
                0x10005144                tcp_alloc
 .text.tcp_new_ip_type
                0x10005318        0xc CMakeFiles/picow_access_point_poll.dir/C_/Users/Wasley/.pico-sdk/sdk/2.1.1/lib/lwip/src/core/tcp.c.obj
                0x10005318                tcp_new_ip_type
 .text.tcp_close_shutdown
                0x10005324      0x188 CMakeFiles/picow_access_point_poll.dir/C_/Users/Wasley/.pico-sdk/sdk/2.1.1/lib/lwip/src/core/tcp.c.obj
 .text.tcp_recv_null
                0x100054ac       0xcc CMakeFiles/picow_access_point_poll.dir/C_/Users/Wasley/.pico-sdk/sdk/2.1.1/lib/lwip/src/core/tcp.c.obj
                0x100054ac                tcp_recv_null
 .text.tcp_process_refused_data
                0x10005578       0x78 CMakeFiles/picow_access_point_poll.dir/C_/Users/Wasley/.pico-sdk/sdk/2.1.1/lib/lwip/src/core/tcp.c.obj
                0x10005578                tcp_process_refused_data
 .text.tcp_fasttmr
                0x100055f0       0x98 CMakeFiles/picow_access_point_poll.dir/C_/Users/Wasley/.pico-sdk/sdk/2.1.1/lib/lwip/src/core/tcp.c.obj
                0x100055f0                tcp_fasttmr
 .text.tcp_tmr  0x10005688       0x20 CMakeFiles/picow_access_point_poll.dir/C_/Users/Wasley/.pico-sdk/sdk/2.1.1/lib/lwip/src/core/tcp.c.obj
                0x10005688                tcp_tmr
 .text.tcp_close
                0x100056a8      0x170 CMakeFiles/picow_access_point_poll.dir/C_/Users/Wasley/.pico-sdk/sdk/2.1.1/lib/lwip/src/core/tcp.c.obj
                0x100056a8                tcp_close
 .text.tcp_next_iss
                0x10005818       0x28 CMakeFiles/picow_access_point_poll.dir/C_/Users/Wasley/.pico-sdk/sdk/2.1.1/lib/lwip/src/core/tcp.c.obj
                0x10005818                tcp_next_iss
 .text.tcp_eff_send_mss_netif
                0x10005840       0x34 CMakeFiles/picow_access_point_poll.dir/C_/Users/Wasley/.pico-sdk/sdk/2.1.1/lib/lwip/src/core/tcp.c.obj
                0x10005840                tcp_eff_send_mss_netif
 .text.tcp_netif_ip_addr_changed
                0x10005874       0x94 CMakeFiles/picow_access_point_poll.dir/C_/Users/Wasley/.pico-sdk/sdk/2.1.1/lib/lwip/src/core/tcp.c.obj
                0x10005874                tcp_netif_ip_addr_changed
 .text.tcp_free_ooseq
                0x10005908       0x40 CMakeFiles/picow_access_point_poll.dir/C_/Users/Wasley/.pico-sdk/sdk/2.1.1/lib/lwip/src/core/tcp.c.obj
                0x10005908                tcp_free_ooseq
 .text.tcp_parseopt
                0x10005948      0x1b0 CMakeFiles/picow_access_point_poll.dir/C_/Users/Wasley/.pico-sdk/sdk/2.1.1/lib/lwip/src/core/tcp_in.c.obj
 .text.tcp_oos_insert_segment
                0x10005af8       0xcc CMakeFiles/picow_access_point_poll.dir/C_/Users/Wasley/.pico-sdk/sdk/2.1.1/lib/lwip/src/core/tcp_in.c.obj
 .text.tcp_free_acked_segments.isra.0
                0x10005bc4       0xdc CMakeFiles/picow_access_point_poll.dir/C_/Users/Wasley/.pico-sdk/sdk/2.1.1/lib/lwip/src/core/tcp_in.c.obj
 .text.tcp_receive
                0x10005ca0      0xa2c CMakeFiles/picow_access_point_poll.dir/C_/Users/Wasley/.pico-sdk/sdk/2.1.1/lib/lwip/src/core/tcp_in.c.obj
 .text.tcp_input
                0x100066cc      0xe3c CMakeFiles/picow_access_point_poll.dir/C_/Users/Wasley/.pico-sdk/sdk/2.1.1/lib/lwip/src/core/tcp_in.c.obj
                0x100066cc                tcp_input
 .text.tcp_trigger_input_pcb_close
                0x10007508       0x10 CMakeFiles/picow_access_point_poll.dir/C_/Users/Wasley/.pico-sdk/sdk/2.1.1/lib/lwip/src/core/tcp_in.c.obj
                0x10007508                tcp_trigger_input_pcb_close
 .text.tcp_create_segment
                0x10007518       0xe8 CMakeFiles/picow_access_point_poll.dir/C_/Users/Wasley/.pico-sdk/sdk/2.1.1/lib/lwip/src/core/tcp_out.c.obj
 .text.tcp_output_control_segment
                0x10007600       0xb4 CMakeFiles/picow_access_point_poll.dir/C_/Users/Wasley/.pico-sdk/sdk/2.1.1/lib/lwip/src/core/tcp_out.c.obj
 .text.tcp_write
                0x100076b4      0x470 CMakeFiles/picow_access_point_poll.dir/C_/Users/Wasley/.pico-sdk/sdk/2.1.1/lib/lwip/src/core/tcp_out.c.obj
                0x100076b4                tcp_write
 .text.tcp_split_unsent_seg
                0x10007b24      0x1b4 CMakeFiles/picow_access_point_poll.dir/C_/Users/Wasley/.pico-sdk/sdk/2.1.1/lib/lwip/src/core/tcp_out.c.obj
                0x10007b24                tcp_split_unsent_seg
 .text.tcp_send_fin
                0x10007cd8      0x118 CMakeFiles/picow_access_point_poll.dir/C_/Users/Wasley/.pico-sdk/sdk/2.1.1/lib/lwip/src/core/tcp_out.c.obj
                0x10007cd8                tcp_send_fin
 .text.tcp_enqueue_flags
                0x10007df0      0x12c CMakeFiles/picow_access_point_poll.dir/C_/Users/Wasley/.pico-sdk/sdk/2.1.1/lib/lwip/src/core/tcp_out.c.obj
                0x10007df0                tcp_enqueue_flags
 .text.tcp_rexmit_rto_prepare
                0x10007f1c       0x9c CMakeFiles/picow_access_point_poll.dir/C_/Users/Wasley/.pico-sdk/sdk/2.1.1/lib/lwip/src/core/tcp_out.c.obj
                0x10007f1c                tcp_rexmit_rto_prepare
 .text.tcp_rexmit
                0x10007fb8       0x9c CMakeFiles/picow_access_point_poll.dir/C_/Users/Wasley/.pico-sdk/sdk/2.1.1/lib/lwip/src/core/tcp_out.c.obj
                0x10007fb8                tcp_rexmit
 .text.tcp_rexmit_fast
                0x10008054       0x64 CMakeFiles/picow_access_point_poll.dir/C_/Users/Wasley/.pico-sdk/sdk/2.1.1/lib/lwip/src/core/tcp_out.c.obj
                0x10008054                tcp_rexmit_fast
 .text.tcp_rst  0x100080b8       0xe8 CMakeFiles/picow_access_point_poll.dir/C_/Users/Wasley/.pico-sdk/sdk/2.1.1/lib/lwip/src/core/tcp_out.c.obj
                0x100080b8                tcp_rst
 .text.tcp_rst_netif
                0x100081a0      0x130 CMakeFiles/picow_access_point_poll.dir/C_/Users/Wasley/.pico-sdk/sdk/2.1.1/lib/lwip/src/core/tcp_out.c.obj
                0x100081a0                tcp_rst_netif
 .text.tcp_send_empty_ack
                0x100082d0       0xf0 CMakeFiles/picow_access_point_poll.dir/C_/Users/Wasley/.pico-sdk/sdk/2.1.1/lib/lwip/src/core/tcp_out.c.obj
                0x100082d0                tcp_send_empty_ack
 .text.tcp_output
                0x100083c0      0x44c CMakeFiles/picow_access_point_poll.dir/C_/Users/Wasley/.pico-sdk/sdk/2.1.1/lib/lwip/src/core/tcp_out.c.obj
                0x100083c0                tcp_output
 .text.tcp_rexmit_rto_commit
                0x1000880c       0x24 CMakeFiles/picow_access_point_poll.dir/C_/Users/Wasley/.pico-sdk/sdk/2.1.1/lib/lwip/src/core/tcp_out.c.obj
                0x1000880c                tcp_rexmit_rto_commit
 .text.tcp_rexmit_rto
                0x10008830       0xa4 CMakeFiles/picow_access_point_poll.dir/C_/Users/Wasley/.pico-sdk/sdk/2.1.1/lib/lwip/src/core/tcp_out.c.obj
                0x10008830                tcp_rexmit_rto
 .text.tcp_keepalive
                0x100088d4       0xdc CMakeFiles/picow_access_point_poll.dir/C_/Users/Wasley/.pico-sdk/sdk/2.1.1/lib/lwip/src/core/tcp_out.c.obj
                0x100088d4                tcp_keepalive
 .text.tcp_zero_window_probe
                0x100089b0      0x1a8 CMakeFiles/picow_access_point_poll.dir/C_/Users/Wasley/.pico-sdk/sdk/2.1.1/lib/lwip/src/core/tcp_out.c.obj
                0x100089b0                tcp_zero_window_probe
 .text.tcpip_tcp_timer
                0x10008b58       0x78 CMakeFiles/picow_access_point_poll.dir/C_/Users/Wasley/.pico-sdk/sdk/2.1.1/lib/lwip/src/core/timeouts.c.obj
 .text.lwip_cyclic_timer
                0x10008bd0       0x98 CMakeFiles/picow_access_point_poll.dir/C_/Users/Wasley/.pico-sdk/sdk/2.1.1/lib/lwip/src/core/timeouts.c.obj
 .text.tcp_timer_needed
                0x10008c68       0x7c CMakeFiles/picow_access_point_poll.dir/C_/Users/Wasley/.pico-sdk/sdk/2.1.1/lib/lwip/src/core/timeouts.c.obj
                0x10008c68                tcp_timer_needed
 .text.sys_timeouts_init
                0x10008ce4       0x8c CMakeFiles/picow_access_point_poll.dir/C_/Users/Wasley/.pico-sdk/sdk/2.1.1/lib/lwip/src/core/timeouts.c.obj
                0x10008ce4                sys_timeouts_init
 .text.sys_check_timeouts
                0x10008d70       0x68 CMakeFiles/picow_access_point_poll.dir/C_/Users/Wasley/.pico-sdk/sdk/2.1.1/lib/lwip/src/core/timeouts.c.obj
                0x10008d70                sys_check_timeouts
 .text.sys_timeouts_sleeptime
                0x10008dd8       0x28 CMakeFiles/picow_access_point_poll.dir/C_/Users/Wasley/.pico-sdk/sdk/2.1.1/lib/lwip/src/core/timeouts.c.obj
                0x10008dd8                sys_timeouts_sleeptime
 .text.udp_init
                0x10008e00       0x20 CMakeFiles/picow_access_point_poll.dir/C_/Users/Wasley/.pico-sdk/sdk/2.1.1/lib/lwip/src/core/udp.c.obj
                0x10008e00                udp_init
 .text.udp_input
                0x10008e20      0x350 CMakeFiles/picow_access_point_poll.dir/C_/Users/Wasley/.pico-sdk/sdk/2.1.1/lib/lwip/src/core/udp.c.obj
                0x10008e20                udp_input
 .text.udp_bind
                0x10009170      0x10c CMakeFiles/picow_access_point_poll.dir/C_/Users/Wasley/.pico-sdk/sdk/2.1.1/lib/lwip/src/core/udp.c.obj
                0x10009170                udp_bind
 .text.udp_sendto_if_src
                0x1000927c      0x130 CMakeFiles/picow_access_point_poll.dir/C_/Users/Wasley/.pico-sdk/sdk/2.1.1/lib/lwip/src/core/udp.c.obj
                0x1000927c                udp_sendto_if_src
 .text.udp_sendto_if
                0x100093ac       0x48 CMakeFiles/picow_access_point_poll.dir/C_/Users/Wasley/.pico-sdk/sdk/2.1.1/lib/lwip/src/core/udp.c.obj
                0x100093ac                udp_sendto_if
 .text.udp_sendto
                0x100093f4       0x78 CMakeFiles/picow_access_point_poll.dir/C_/Users/Wasley/.pico-sdk/sdk/2.1.1/lib/lwip/src/core/udp.c.obj
                0x100093f4                udp_sendto
 .text.udp_connect
                0x1000946c       0x5c CMakeFiles/picow_access_point_poll.dir/C_/Users/Wasley/.pico-sdk/sdk/2.1.1/lib/lwip/src/core/udp.c.obj
                0x1000946c                udp_connect
 .text.udp_recv
                0x100094c8        0xc CMakeFiles/picow_access_point_poll.dir/C_/Users/Wasley/.pico-sdk/sdk/2.1.1/lib/lwip/src/core/udp.c.obj
                0x100094c8                udp_recv
 .text.udp_remove
                0x100094d4       0x3c CMakeFiles/picow_access_point_poll.dir/C_/Users/Wasley/.pico-sdk/sdk/2.1.1/lib/lwip/src/core/udp.c.obj
                0x100094d4                udp_remove
 .text.udp_new  0x10009510       0x1c CMakeFiles/picow_access_point_poll.dir/C_/Users/Wasley/.pico-sdk/sdk/2.1.1/lib/lwip/src/core/udp.c.obj
                0x10009510                udp_new
 .text.udp_netif_ip_addr_changed
                0x1000952c       0x40 CMakeFiles/picow_access_point_poll.dir/C_/Users/Wasley/.pico-sdk/sdk/2.1.1/lib/lwip/src/core/udp.c.obj
                0x1000952c                udp_netif_ip_addr_changed
 .text.dhcp_create_msg
                0x1000956c      0x160 CMakeFiles/picow_access_point_poll.dir/C_/Users/Wasley/.pico-sdk/sdk/2.1.1/lib/lwip/src/core/ipv4/dhcp.c.obj
 .text.dhcp_inc_pcb_refcount
                0x100096cc       0x6c CMakeFiles/picow_access_point_poll.dir/C_/Users/Wasley/.pico-sdk/sdk/2.1.1/lib/lwip/src/core/ipv4/dhcp.c.obj
 .text.dhcp_bind
                0x10009738      0x144 CMakeFiles/picow_access_point_poll.dir/C_/Users/Wasley/.pico-sdk/sdk/2.1.1/lib/lwip/src/core/ipv4/dhcp.c.obj
 .text.dhcp_option_hostname.isra.0
                0x1000987c       0x74 CMakeFiles/picow_access_point_poll.dir/C_/Users/Wasley/.pico-sdk/sdk/2.1.1/lib/lwip/src/core/ipv4/dhcp.c.obj
 .text.dhcp_handle_ack.isra.0
                0x100098f0       0xcc CMakeFiles/picow_access_point_poll.dir/C_/Users/Wasley/.pico-sdk/sdk/2.1.1/lib/lwip/src/core/ipv4/dhcp.c.obj
 .text.dhcp_reboot.isra.0
                0x100099bc      0x17c CMakeFiles/picow_access_point_poll.dir/C_/Users/Wasley/.pico-sdk/sdk/2.1.1/lib/lwip/src/core/ipv4/dhcp.c.obj
 .text.dhcp_discover.isra.0
                0x10009b38      0x138 CMakeFiles/picow_access_point_poll.dir/C_/Users/Wasley/.pico-sdk/sdk/2.1.1/lib/lwip/src/core/ipv4/dhcp.c.obj
 .text.dhcp_select.isra.0
                0x10009c70      0x1e0 CMakeFiles/picow_access_point_poll.dir/C_/Users/Wasley/.pico-sdk/sdk/2.1.1/lib/lwip/src/core/ipv4/dhcp.c.obj
 .text.dhcp_recv
                0x10009e50      0x4a8 CMakeFiles/picow_access_point_poll.dir/C_/Users/Wasley/.pico-sdk/sdk/2.1.1/lib/lwip/src/core/ipv4/dhcp.c.obj
 .text.dhcp_set_struct
                0x1000a2f8       0x44 CMakeFiles/picow_access_point_poll.dir/C_/Users/Wasley/.pico-sdk/sdk/2.1.1/lib/lwip/src/core/ipv4/dhcp.c.obj
                0x1000a2f8                dhcp_set_struct
 .text.dhcp_start
                0x1000a33c       0xa8 CMakeFiles/picow_access_point_poll.dir/C_/Users/Wasley/.pico-sdk/sdk/2.1.1/lib/lwip/src/core/ipv4/dhcp.c.obj
                0x1000a33c                dhcp_start
 .text.dhcp_network_changed_link_up
                0x1000a3e4       0x40 CMakeFiles/picow_access_point_poll.dir/C_/Users/Wasley/.pico-sdk/sdk/2.1.1/lib/lwip/src/core/ipv4/dhcp.c.obj
                0x1000a3e4                dhcp_network_changed_link_up
 .text.dhcp_renew
                0x1000a424      0x13c CMakeFiles/picow_access_point_poll.dir/C_/Users/Wasley/.pico-sdk/sdk/2.1.1/lib/lwip/src/core/ipv4/dhcp.c.obj
                0x1000a424                dhcp_renew
 .text.dhcp_release_and_stop
                0x1000a560      0x158 CMakeFiles/picow_access_point_poll.dir/C_/Users/Wasley/.pico-sdk/sdk/2.1.1/lib/lwip/src/core/ipv4/dhcp.c.obj
                0x1000a560                dhcp_release_and_stop
 .text.dhcp_coarse_tmr
                0x1000a6b8      0x1e0 CMakeFiles/picow_access_point_poll.dir/C_/Users/Wasley/.pico-sdk/sdk/2.1.1/lib/lwip/src/core/ipv4/dhcp.c.obj
                0x1000a6b8                dhcp_coarse_tmr
 .text.dhcp_fine_tmr
                0x1000a898       0x78 CMakeFiles/picow_access_point_poll.dir/C_/Users/Wasley/.pico-sdk/sdk/2.1.1/lib/lwip/src/core/ipv4/dhcp.c.obj
                0x1000a898                dhcp_fine_tmr
 .text.dhcp_stop
                0x1000a910      0x158 CMakeFiles/picow_access_point_poll.dir/C_/Users/Wasley/.pico-sdk/sdk/2.1.1/lib/lwip/src/core/ipv4/dhcp.c.obj
                0x1000a910                dhcp_stop
 .text.etharp_find_entry
                0x1000aa68      0x3a0 CMakeFiles/picow_access_point_poll.dir/f28c238e21a8d7a415328780295072c0/lib/lwip/src/core/ipv4/etharp.c.obj
 .text.etharp_raw
                0x1000ae08       0xec CMakeFiles/picow_access_point_poll.dir/f28c238e21a8d7a415328780295072c0/lib/lwip/src/core/ipv4/etharp.c.obj
 .text.etharp_output_to_arp_index
                0x1000aef4       0xd0 CMakeFiles/picow_access_point_poll.dir/f28c238e21a8d7a415328780295072c0/lib/lwip/src/core/ipv4/etharp.c.obj
 .text.etharp_tmr
                0x1000afc4       0x94 CMakeFiles/picow_access_point_poll.dir/f28c238e21a8d7a415328780295072c0/lib/lwip/src/core/ipv4/etharp.c.obj
                0x1000afc4                etharp_tmr
 .text.etharp_cleanup_netif
                0x1000b058      0x188 CMakeFiles/picow_access_point_poll.dir/f28c238e21a8d7a415328780295072c0/lib/lwip/src/core/ipv4/etharp.c.obj
                0x1000b058                etharp_cleanup_netif
 .text.etharp_input
                0x1000b1e0      0x1b8 CMakeFiles/picow_access_point_poll.dir/f28c238e21a8d7a415328780295072c0/lib/lwip/src/core/ipv4/etharp.c.obj
                0x1000b1e0                etharp_input
 .text.etharp_query
                0x1000b398      0x190 CMakeFiles/picow_access_point_poll.dir/f28c238e21a8d7a415328780295072c0/lib/lwip/src/core/ipv4/etharp.c.obj
                0x1000b398                etharp_query
 .text.etharp_output
                0x1000b528      0x24c CMakeFiles/picow_access_point_poll.dir/f28c238e21a8d7a415328780295072c0/lib/lwip/src/core/ipv4/etharp.c.obj
                0x1000b528                etharp_output
 .text.etharp_request
                0x1000b774       0x2c CMakeFiles/picow_access_point_poll.dir/f28c238e21a8d7a415328780295072c0/lib/lwip/src/core/ipv4/etharp.c.obj
                0x1000b774                etharp_request
 .text.icmp_input
                0x1000b7a0      0x1ec CMakeFiles/picow_access_point_poll.dir/C_/Users/Wasley/.pico-sdk/sdk/2.1.1/lib/lwip/src/core/ipv4/icmp.c.obj
                0x1000b7a0                icmp_input
 .text.icmp_dest_unreach
                0x1000b98c       0xcc CMakeFiles/picow_access_point_poll.dir/C_/Users/Wasley/.pico-sdk/sdk/2.1.1/lib/lwip/src/core/ipv4/icmp.c.obj
                0x1000b98c                icmp_dest_unreach
 .text.icmp_time_exceeded
                0x1000ba58       0xcc CMakeFiles/picow_access_point_poll.dir/C_/Users/Wasley/.pico-sdk/sdk/2.1.1/lib/lwip/src/core/ipv4/icmp.c.obj
                0x1000ba58                icmp_time_exceeded
 .text.ip_reass_free_complete_datagram
                0x1000bb24      0x11c CMakeFiles/picow_access_point_poll.dir/f28c238e21a8d7a415328780295072c0/lib/lwip/src/core/ipv4/ip4_frag.c.obj
 .text.ip_reass_remove_oldest_datagram
                0x1000bc40      0x124 CMakeFiles/picow_access_point_poll.dir/f28c238e21a8d7a415328780295072c0/lib/lwip/src/core/ipv4/ip4_frag.c.obj
 .text.ip_reass_tmr
                0x1000bd64       0x30 CMakeFiles/picow_access_point_poll.dir/f28c238e21a8d7a415328780295072c0/lib/lwip/src/core/ipv4/ip4_frag.c.obj
                0x1000bd64                ip_reass_tmr
 .text.ip4_reass
                0x1000bd94      0x544 CMakeFiles/picow_access_point_poll.dir/f28c238e21a8d7a415328780295072c0/lib/lwip/src/core/ipv4/ip4_frag.c.obj
                0x1000bd94                ip4_reass
 .text.ip4_frag
                0x1000c2d8      0x254 CMakeFiles/picow_access_point_poll.dir/f28c238e21a8d7a415328780295072c0/lib/lwip/src/core/ipv4/ip4_frag.c.obj
                0x1000c2d8                ip4_frag
 .text.ip4_route
                0x1000c52c       0x7c CMakeFiles/picow_access_point_poll.dir/C_/Users/Wasley/.pico-sdk/sdk/2.1.1/lib/lwip/src/core/ipv4/ip4.c.obj
                0x1000c52c                ip4_route
 .text.ip4_input
                0x1000c5a8      0x300 CMakeFiles/picow_access_point_poll.dir/C_/Users/Wasley/.pico-sdk/sdk/2.1.1/lib/lwip/src/core/ipv4/ip4.c.obj
                0x1000c5a8                ip4_input
 .text.ip4_output_if
                0x1000c8a8      0x190 CMakeFiles/picow_access_point_poll.dir/C_/Users/Wasley/.pico-sdk/sdk/2.1.1/lib/lwip/src/core/ipv4/ip4.c.obj
                0x1000c8a8                ip4_output_if
 .text.ip4_output_if_src
                0x1000ca38      0x184 CMakeFiles/picow_access_point_poll.dir/C_/Users/Wasley/.pico-sdk/sdk/2.1.1/lib/lwip/src/core/ipv4/ip4.c.obj
                0x1000ca38                ip4_output_if_src
 .text.ip4_addr_isbroadcast_u32
                0x1000cbbc       0x3c CMakeFiles/picow_access_point_poll.dir/f28c238e21a8d7a415328780295072c0/lib/lwip/src/core/ipv4/ip4_addr.c.obj
                0x1000cbbc                ip4_addr_isbroadcast_u32
 .text.ip4addr_ntoa
                0x1000cbf8       0xec CMakeFiles/picow_access_point_poll.dir/f28c238e21a8d7a415328780295072c0/lib/lwip/src/core/ipv4/ip4_addr.c.obj
                0x1000cbf8                ip4addr_ntoa
 .text.ethernet_input
                0x1000cce4       0xd0 CMakeFiles/picow_access_point_poll.dir/C_/Users/Wasley/.pico-sdk/sdk/2.1.1/lib/lwip/src/netif/ethernet.c.obj
                0x1000cce4                ethernet_input
 .text.ethernet_output
                0x1000cdb4       0x6c CMakeFiles/picow_access_point_poll.dir/C_/Users/Wasley/.pico-sdk/sdk/2.1.1/lib/lwip/src/netif/ethernet.c.obj
                0x1000cdb4                ethernet_output
 .text.cyw43_arch_set_async_context
                0x1000ce20        0xc CMakeFiles/picow_access_point_poll.dir/c107034687c0993b5a865fece4371777/pico_cyw43_arch/cyw43_arch.c.obj
                0x1000ce20                cyw43_arch_set_async_context
 .text.cyw43_arch_enable_ap_mode
                0x1000ce2c       0x7c CMakeFiles/picow_access_point_poll.dir/c107034687c0993b5a865fece4371777/pico_cyw43_arch/cyw43_arch.c.obj
                0x1000ce2c                cyw43_arch_enable_ap_mode
 .text.cyw43_arch_disable_ap_mode
                0x1000cea8       0x28 CMakeFiles/picow_access_point_poll.dir/c107034687c0993b5a865fece4371777/pico_cyw43_arch/cyw43_arch.c.obj
                0x1000cea8                cyw43_arch_disable_ap_mode
 .text.cyw43_arch_async_context
                0x1000ced0        0xc CMakeFiles/picow_access_point_poll.dir/c107034687c0993b5a865fece4371777/pico_cyw43_arch/cyw43_arch.c.obj
                0x1000ced0                cyw43_arch_async_context
 .text.cyw43_arch_init
                0x1000cedc       0x68 CMakeFiles/picow_access_point_poll.dir/c107034687c0993b5a865fece4371777/pico_cyw43_arch/cyw43_arch_poll.c.obj
                0x1000cedc                cyw43_arch_init
 .text.cyw43_arch_deinit
                0x1000cf44       0x30 CMakeFiles/picow_access_point_poll.dir/c107034687c0993b5a865fece4371777/pico_cyw43_arch/cyw43_arch_poll.c.obj
                0x1000cf44                cyw43_arch_deinit
 .text.ns_delay.constprop.0
                0x1000cf74       0x20 CMakeFiles/picow_access_point_poll.dir/23c541754eddb0fcaefa38bde3d2750a/cyw43_bus_pio_spi.c.obj
 .text.cyw43_spi_deinit
                0x1000cf94       0x6c CMakeFiles/picow_access_point_poll.dir/23c541754eddb0fcaefa38bde3d2750a/cyw43_bus_pio_spi.c.obj
                0x1000cf94                cyw43_spi_deinit
 .text.cyw43_spi_init
                0x1000d000      0x128 CMakeFiles/picow_access_point_poll.dir/23c541754eddb0fcaefa38bde3d2750a/cyw43_bus_pio_spi.c.obj
                0x1000d000                cyw43_spi_init
 .text.cyw43_spi_transfer
                0x1000d128      0x448 CMakeFiles/picow_access_point_poll.dir/23c541754eddb0fcaefa38bde3d2750a/cyw43_bus_pio_spi.c.obj
                0x1000d128                cyw43_spi_transfer
 .text.cyw43_spi_gpio_setup
                0x1000d570       0x3c CMakeFiles/picow_access_point_poll.dir/23c541754eddb0fcaefa38bde3d2750a/cyw43_bus_pio_spi.c.obj
                0x1000d570                cyw43_spi_gpio_setup
 .text.cyw43_spi_reset
                0x1000d5ac       0x28 CMakeFiles/picow_access_point_poll.dir/23c541754eddb0fcaefa38bde3d2750a/cyw43_bus_pio_spi.c.obj
                0x1000d5ac                cyw43_spi_reset
 .text.read_reg_u32_swap
                0x1000d5d4       0x44 CMakeFiles/picow_access_point_poll.dir/23c541754eddb0fcaefa38bde3d2750a/cyw43_bus_pio_spi.c.obj
                0x1000d5d4                read_reg_u32_swap
 .text.cyw43_read_reg_u32
                0x1000d618       0x58 CMakeFiles/picow_access_point_poll.dir/23c541754eddb0fcaefa38bde3d2750a/cyw43_bus_pio_spi.c.obj
                0x1000d618                cyw43_read_reg_u32
 .text.cyw43_read_reg_u16
                0x1000d670       0x58 CMakeFiles/picow_access_point_poll.dir/23c541754eddb0fcaefa38bde3d2750a/cyw43_bus_pio_spi.c.obj
                0x1000d670                cyw43_read_reg_u16
 .text.cyw43_read_reg_u8
                0x1000d6c8       0x58 CMakeFiles/picow_access_point_poll.dir/23c541754eddb0fcaefa38bde3d2750a/cyw43_bus_pio_spi.c.obj
                0x1000d6c8                cyw43_read_reg_u8
 .text.write_reg_u32_swap
                0x1000d720      0x214 CMakeFiles/picow_access_point_poll.dir/23c541754eddb0fcaefa38bde3d2750a/cyw43_bus_pio_spi.c.obj
                0x1000d720                write_reg_u32_swap
 .text.cyw43_write_reg_u32
                0x1000d934      0x234 CMakeFiles/picow_access_point_poll.dir/23c541754eddb0fcaefa38bde3d2750a/cyw43_bus_pio_spi.c.obj
                0x1000d934                cyw43_write_reg_u32
 .text.cyw43_write_reg_u16
                0x1000db68      0x234 CMakeFiles/picow_access_point_poll.dir/23c541754eddb0fcaefa38bde3d2750a/cyw43_bus_pio_spi.c.obj
                0x1000db68                cyw43_write_reg_u16
 .text.cyw43_write_reg_u8
                0x1000dd9c      0x234 CMakeFiles/picow_access_point_poll.dir/23c541754eddb0fcaefa38bde3d2750a/cyw43_bus_pio_spi.c.obj
                0x1000dd9c                cyw43_write_reg_u8
 .text.cyw43_read_bytes
                0x1000dfd0       0x78 CMakeFiles/picow_access_point_poll.dir/23c541754eddb0fcaefa38bde3d2750a/cyw43_bus_pio_spi.c.obj
                0x1000dfd0                cyw43_read_bytes
 .text.cyw43_write_bytes
                0x1000e048       0xd4 CMakeFiles/picow_access_point_poll.dir/23c541754eddb0fcaefa38bde3d2750a/cyw43_bus_pio_spi.c.obj
                0x1000e048                cyw43_write_bytes
 .text.cyw43_set_backplane_window
                0x1000e11c       0x68 CMakeFiles/picow_access_point_poll.dir/f28c238e21a8d7a415328780295072c0/lib/cyw43-driver/src/cyw43_ll.c.obj
 .text.cyw43_ll_parse_async_event
                0x1000e184      0x138 CMakeFiles/picow_access_point_poll.dir/f28c238e21a8d7a415328780295072c0/lib/cyw43-driver/src/cyw43_ll.c.obj
 .text.cyw43_kso_set
                0x1000e2bc       0x80 CMakeFiles/picow_access_point_poll.dir/f28c238e21a8d7a415328780295072c0/lib/cyw43-driver/src/cyw43_ll.c.obj
 .text.cyw43_ll_sdpcm_poll_device
                0x1000e33c      0x238 CMakeFiles/picow_access_point_poll.dir/f28c238e21a8d7a415328780295072c0/lib/cyw43-driver/src/cyw43_ll.c.obj
 .text.cyw43_sdpcm_send_common
                0x1000e574       0xfc CMakeFiles/picow_access_point_poll.dir/f28c238e21a8d7a415328780295072c0/lib/cyw43-driver/src/cyw43_ll.c.obj
 .text.cyw43_do_ioctl.part.0
                0x1000e670       0xc4 CMakeFiles/picow_access_point_poll.dir/f28c238e21a8d7a415328780295072c0/lib/cyw43-driver/src/cyw43_ll.c.obj
 .text.cyw43_write_iovar_u32.constprop.0
                0x1000e734       0x98 CMakeFiles/picow_access_point_poll.dir/f28c238e21a8d7a415328780295072c0/lib/cyw43-driver/src/cyw43_ll.c.obj
 .text.cyw43_write_iovar_n
                0x1000e7cc       0x8c CMakeFiles/picow_access_point_poll.dir/f28c238e21a8d7a415328780295072c0/lib/cyw43-driver/src/cyw43_ll.c.obj
 .text.cyw43_write_iovar_u32_u32.constprop.0
                0x1000e858       0xac CMakeFiles/picow_access_point_poll.dir/f28c238e21a8d7a415328780295072c0/lib/cyw43-driver/src/cyw43_ll.c.obj
 .text.cyw43_read_backplane.constprop.0
                0x1000e904       0xe4 CMakeFiles/picow_access_point_poll.dir/f28c238e21a8d7a415328780295072c0/lib/cyw43-driver/src/cyw43_ll.c.obj
 .text.cyw43_write_backplane
                0x1000e9e8      0x10c CMakeFiles/picow_access_point_poll.dir/f28c238e21a8d7a415328780295072c0/lib/cyw43-driver/src/cyw43_ll.c.obj
 .text.reset_device_core.constprop.0
                0x1000eaf4      0x410 CMakeFiles/picow_access_point_poll.dir/f28c238e21a8d7a415328780295072c0/lib/cyw43-driver/src/cyw43_ll.c.obj
 .text.cyw43_ll_init
                0x1000ef04       0x1c CMakeFiles/picow_access_point_poll.dir/f28c238e21a8d7a415328780295072c0/lib/cyw43-driver/src/cyw43_ll.c.obj
                0x1000ef04                cyw43_ll_init
 .text.cyw43_ll_deinit
                0x1000ef20        0x8 CMakeFiles/picow_access_point_poll.dir/f28c238e21a8d7a415328780295072c0/lib/cyw43-driver/src/cyw43_ll.c.obj
                0x1000ef20                cyw43_ll_deinit
 .text.cyw43_ll_send_ethernet
                0x1000ef28       0x60 CMakeFiles/picow_access_point_poll.dir/f28c238e21a8d7a415328780295072c0/lib/cyw43-driver/src/cyw43_ll.c.obj
                0x1000ef28                cyw43_ll_send_ethernet
 .text.cyw43_ll_process_packets
                0x1000ef88       0x54 CMakeFiles/picow_access_point_poll.dir/f28c238e21a8d7a415328780295072c0/lib/cyw43-driver/src/cyw43_ll.c.obj
                0x1000ef88                cyw43_ll_process_packets
 .text.cyw43_ll_ioctl
                0x1000efdc       0x80 CMakeFiles/picow_access_point_poll.dir/f28c238e21a8d7a415328780295072c0/lib/cyw43-driver/src/cyw43_ll.c.obj
                0x1000efdc                cyw43_ll_ioctl
 .text.cyw43_ll_bus_sleep
                0x1000f05c       0x34 CMakeFiles/picow_access_point_poll.dir/f28c238e21a8d7a415328780295072c0/lib/cyw43-driver/src/cyw43_ll.c.obj
                0x1000f05c                cyw43_ll_bus_sleep
 .text.cyw43_ll_wifi_on
                0x1000f090      0x1f8 CMakeFiles/picow_access_point_poll.dir/f28c238e21a8d7a415328780295072c0/lib/cyw43-driver/src/cyw43_ll.c.obj
                0x1000f090                cyw43_ll_wifi_on
 .text.cyw43_ll_wifi_get_mac
                0x1000f288       0x78 CMakeFiles/picow_access_point_poll.dir/f28c238e21a8d7a415328780295072c0/lib/cyw43-driver/src/cyw43_ll.c.obj
                0x1000f288                cyw43_ll_wifi_get_mac
 .text.cyw43_ll_bus_init
                0x1000f300      0x8d8 CMakeFiles/picow_access_point_poll.dir/f28c238e21a8d7a415328780295072c0/lib/cyw43-driver/src/cyw43_ll.c.obj
                0x1000f300                cyw43_ll_bus_init
 .text.cyw43_ll_wifi_pm
                0x1000fbd8      0x11c CMakeFiles/picow_access_point_poll.dir/f28c238e21a8d7a415328780295072c0/lib/cyw43-driver/src/cyw43_ll.c.obj
                0x1000fbd8                cyw43_ll_wifi_pm
 .text.cyw43_ll_wifi_set_wpa_auth
                0x1000fcf4       0x4c CMakeFiles/picow_access_point_poll.dir/f28c238e21a8d7a415328780295072c0/lib/cyw43-driver/src/cyw43_ll.c.obj
                0x1000fcf4                cyw43_ll_wifi_set_wpa_auth
 .text.cyw43_ll_wifi_rejoin
                0x1000fd40       0x58 CMakeFiles/picow_access_point_poll.dir/f28c238e21a8d7a415328780295072c0/lib/cyw43-driver/src/cyw43_ll.c.obj
                0x1000fd40                cyw43_ll_wifi_rejoin
 .text.cyw43_ll_wifi_ap_init
                0x1000fd98      0x4dc CMakeFiles/picow_access_point_poll.dir/f28c238e21a8d7a415328780295072c0/lib/cyw43-driver/src/cyw43_ll.c.obj
                0x1000fd98                cyw43_ll_wifi_ap_init
 .text.cyw43_ll_wifi_ap_set_up
                0x10010274       0x74 CMakeFiles/picow_access_point_poll.dir/f28c238e21a8d7a415328780295072c0/lib/cyw43-driver/src/cyw43_ll.c.obj
                0x10010274                cyw43_ll_wifi_ap_set_up
 .text.cyw43_ll_has_work
                0x100102e8       0x14 CMakeFiles/picow_access_point_poll.dir/f28c238e21a8d7a415328780295072c0/lib/cyw43-driver/src/cyw43_ll.c.obj
                0x100102e8                cyw43_ll_has_work
 .text.cyw43_netif_init
                0x100102fc       0x3c CMakeFiles/picow_access_point_poll.dir/f28c238e21a8d7a415328780295072c0/lib/cyw43-driver/src/cyw43_lwip.c.obj
 .text.cyw43_netif_output
                0x10010338       0x34 CMakeFiles/picow_access_point_poll.dir/f28c238e21a8d7a415328780295072c0/lib/cyw43-driver/src/cyw43_lwip.c.obj
 .text.cyw43_cb_tcpip_init
                0x1001036c       0xf0 CMakeFiles/picow_access_point_poll.dir/f28c238e21a8d7a415328780295072c0/lib/cyw43-driver/src/cyw43_lwip.c.obj
                0x1001036c                cyw43_cb_tcpip_init
 .text.cyw43_cb_tcpip_deinit
                0x1001045c       0x4c CMakeFiles/picow_access_point_poll.dir/f28c238e21a8d7a415328780295072c0/lib/cyw43-driver/src/cyw43_lwip.c.obj
                0x1001045c                cyw43_cb_tcpip_deinit
 .text.cyw43_cb_process_ethernet
                0x100104a8       0x6c CMakeFiles/picow_access_point_poll.dir/f28c238e21a8d7a415328780295072c0/lib/cyw43-driver/src/cyw43_lwip.c.obj
                0x100104a8                cyw43_cb_process_ethernet
 .text.cyw43_cb_tcpip_set_link_up
                0x10010514       0x18 CMakeFiles/picow_access_point_poll.dir/f28c238e21a8d7a415328780295072c0/lib/cyw43-driver/src/cyw43_lwip.c.obj
                0x10010514                cyw43_cb_tcpip_set_link_up
 .text.cyw43_cb_tcpip_set_link_down
                0x1001052c       0x18 CMakeFiles/picow_access_point_poll.dir/f28c238e21a8d7a415328780295072c0/lib/cyw43-driver/src/cyw43_lwip.c.obj
                0x1001052c                cyw43_cb_tcpip_set_link_down
 .text.cyw43_poll_func
                0x10010544       0xc0 CMakeFiles/picow_access_point_poll.dir/f28c238e21a8d7a415328780295072c0/lib/cyw43-driver/src/cyw43_ctrl.c.obj
 .text.cyw43_init
                0x10010604       0x6c CMakeFiles/picow_access_point_poll.dir/f28c238e21a8d7a415328780295072c0/lib/cyw43-driver/src/cyw43_ctrl.c.obj
                0x10010604                cyw43_init
 .text.cyw43_deinit
                0x10010670       0x90 CMakeFiles/picow_access_point_poll.dir/f28c238e21a8d7a415328780295072c0/lib/cyw43-driver/src/cyw43_ctrl.c.obj
                0x10010670                cyw43_deinit
 .text.cyw43_cb_read_host_interrupt_pin
                0x10010700        0xc CMakeFiles/picow_access_point_poll.dir/f28c238e21a8d7a415328780295072c0/lib/cyw43-driver/src/cyw43_ctrl.c.obj
                0x10010700                cyw43_cb_read_host_interrupt_pin
 .text.cyw43_cb_ensure_awake
                0x1001070c        0xc CMakeFiles/picow_access_point_poll.dir/f28c238e21a8d7a415328780295072c0/lib/cyw43-driver/src/cyw43_ctrl.c.obj
                0x1001070c                cyw43_cb_ensure_awake
 .text.cyw43_cb_process_async_event
                0x10010718      0x210 CMakeFiles/picow_access_point_poll.dir/f28c238e21a8d7a415328780295072c0/lib/cyw43-driver/src/cyw43_ctrl.c.obj
                0x10010718                cyw43_cb_process_async_event
 .text.cyw43_send_ethernet
                0x10010928       0xc0 CMakeFiles/picow_access_point_poll.dir/f28c238e21a8d7a415328780295072c0/lib/cyw43-driver/src/cyw43_ctrl.c.obj
                0x10010928                cyw43_send_ethernet
 .text.cyw43_wifi_get_mac
                0x100109e8       0x10 CMakeFiles/picow_access_point_poll.dir/f28c238e21a8d7a415328780295072c0/lib/cyw43-driver/src/cyw43_ctrl.c.obj
                0x100109e8                cyw43_wifi_get_mac
 .text.cyw43_wifi_set_up
                0x100109f8      0x348 CMakeFiles/picow_access_point_poll.dir/f28c238e21a8d7a415328780295072c0/lib/cyw43-driver/src/cyw43_ctrl.c.obj
                0x100109f8                cyw43_wifi_set_up
 .text.pio_sm_set_pindirs_with_mask64
                0x10010d40       0xac CMakeFiles/picow_access_point_poll.dir/f28c238e21a8d7a415328780295072c0/src/rp2_common/hardware_pio/pio.c.obj
                0x10010d40                pio_sm_set_pindirs_with_mask64
 .text.pio_sm_set_consecutive_pindirs
                0x10010dec       0xb4 CMakeFiles/picow_access_point_poll.dir/f28c238e21a8d7a415328780295072c0/src/rp2_common/hardware_pio/pio.c.obj
                0x10010dec                pio_sm_set_consecutive_pindirs
 .text.pio_claim_free_sm_and_add_program_for_gpio_range
                0x10010ea0      0x184 CMakeFiles/picow_access_point_poll.dir/f28c238e21a8d7a415328780295072c0/src/rp2_common/hardware_pio/pio.c.obj
                0x10010ea0                pio_claim_free_sm_and_add_program_for_gpio_range
 .text.pio_remove_program_and_unclaim_sm
                0x10011024       0x40 CMakeFiles/picow_access_point_poll.dir/f28c238e21a8d7a415328780295072c0/src/rp2_common/hardware_pio/pio.c.obj
                0x10011024                pio_remove_program_and_unclaim_sm
 .text.dma_channel_unclaim
                0x10011064       0x14 CMakeFiles/picow_access_point_poll.dir/f28c238e21a8d7a415328780295072c0/src/rp2_common/hardware_dma/dma.c.obj
                0x10011064                dma_channel_unclaim
 .text.dma_claim_unused_channel
                0x10011078       0x24 CMakeFiles/picow_access_point_poll.dir/f28c238e21a8d7a415328780295072c0/src/rp2_common/hardware_dma/dma.c.obj
                0x10011078                dma_claim_unused_channel
 .text.dma_channel_cleanup
                0x1001109c       0x64 CMakeFiles/picow_access_point_poll.dir/f28c238e21a8d7a415328780295072c0/src/rp2_common/hardware_dma/dma.c.obj
                0x1001109c                dma_channel_cleanup
 .text.cyw43_sleep_timeout_reached
                0x10011100       0x10 CMakeFiles/picow_access_point_poll.dir/c107034687c0993b5a865fece4371777/pico_cyw43_driver/cyw43_driver.c.obj
 .text.cyw43_irq_init
                0x10011110       0x28 CMakeFiles/picow_access_point_poll.dir/c107034687c0993b5a865fece4371777/pico_cyw43_driver/cyw43_driver.c.obj
                0x10011110                cyw43_irq_init
 .text.cyw43_irq_deinit
                0x10011138       0x20 CMakeFiles/picow_access_point_poll.dir/c107034687c0993b5a865fece4371777/pico_cyw43_driver/cyw43_driver.c.obj
                0x10011138                cyw43_irq_deinit
 .text.cyw43_gpio_irq_handler
                0x10011158       0x44 CMakeFiles/picow_access_point_poll.dir/c107034687c0993b5a865fece4371777/pico_cyw43_driver/cyw43_driver.c.obj
 .text.cyw43_do_poll
                0x1001119c       0x6c CMakeFiles/picow_access_point_poll.dir/c107034687c0993b5a865fece4371777/pico_cyw43_driver/cyw43_driver.c.obj
 .text.cyw43_post_poll_hook
                0x10011208       0x10 CMakeFiles/picow_access_point_poll.dir/c107034687c0993b5a865fece4371777/pico_cyw43_driver/cyw43_driver.c.obj
                0x10011208                cyw43_post_poll_hook
 .text.cyw43_schedule_internal_poll_dispatch
                0x10011218       0x18 CMakeFiles/picow_access_point_poll.dir/c107034687c0993b5a865fece4371777/pico_cyw43_driver/cyw43_driver.c.obj
                0x10011218                cyw43_schedule_internal_poll_dispatch
 .text.cyw43_driver_init
                0x10011230       0x38 CMakeFiles/picow_access_point_poll.dir/c107034687c0993b5a865fece4371777/pico_cyw43_driver/cyw43_driver.c.obj
                0x10011230                cyw43_driver_init
 .text.cyw43_driver_deinit
                0x10011268       0x44 CMakeFiles/picow_access_point_poll.dir/c107034687c0993b5a865fece4371777/pico_cyw43_driver/cyw43_driver.c.obj
                0x10011268                cyw43_driver_deinit
 .text.cyw43_hal_generate_laa_mac
                0x100112ac       0x28 CMakeFiles/picow_access_point_poll.dir/c107034687c0993b5a865fece4371777/pico_cyw43_driver/cyw43_driver.c.obj
                0x100112ac                cyw43_hal_generate_laa_mac
 .text.cyw43_hal_get_mac
                0x100112d4       0x14 CMakeFiles/picow_access_point_poll.dir/c107034687c0993b5a865fece4371777/pico_cyw43_driver/cyw43_driver.c.obj
                0x100112d4                cyw43_hal_get_mac
 .text.cyw43_thread_enter
                0x100112e8       0x14 CMakeFiles/picow_access_point_poll.dir/c107034687c0993b5a865fece4371777/pico_cyw43_driver/cyw43_driver.c.obj
                0x100112e8                cyw43_thread_enter
 .text.cyw43_thread_exit
                0x100112fc       0x14 CMakeFiles/picow_access_point_poll.dir/c107034687c0993b5a865fece4371777/pico_cyw43_driver/cyw43_driver.c.obj
                0x100112fc                cyw43_thread_exit
 .text.cyw43_await_background_or_timeout_us
                0x10011310       0x5c CMakeFiles/picow_access_point_poll.dir/c107034687c0993b5a865fece4371777/pico_cyw43_driver/cyw43_driver.c.obj
                0x10011310                cyw43_await_background_or_timeout_us
 .text.cyw43_delay_ms
                0x1001136c       0x44 CMakeFiles/picow_access_point_poll.dir/c107034687c0993b5a865fece4371777/pico_cyw43_driver/cyw43_driver.c.obj
                0x1001136c                cyw43_delay_ms
 .text.cyw43_delay_us
                0x100113b0       0x30 CMakeFiles/picow_access_point_poll.dir/c107034687c0993b5a865fece4371777/pico_cyw43_driver/cyw43_driver.c.obj
                0x100113b0                cyw43_delay_us
 .text.noop     0x100113e0        0x4 CMakeFiles/picow_access_point_poll.dir/c107034687c0993b5a865fece4371777/pico_async_context/async_context_poll.c.obj
 .text.async_context_poll_execute_sync
                0x100113e4        0x8 CMakeFiles/picow_access_point_poll.dir/c107034687c0993b5a865fece4371777/pico_async_context/async_context_poll.c.obj
                0x100113e4                async_context_poll_execute_sync
 .text.async_context_poll_wait_for_work_until
                0x100113ec       0x24 CMakeFiles/picow_access_point_poll.dir/c107034687c0993b5a865fece4371777/pico_async_context/async_context_poll.c.obj
 .text.async_context_poll_wait_until
                0x10011410        0xc CMakeFiles/picow_access_point_poll.dir/c107034687c0993b5a865fece4371777/pico_async_context/async_context_poll.c.obj
 .text.async_context_poll_poll
                0x1001141c        0x8 CMakeFiles/picow_access_point_poll.dir/c107034687c0993b5a865fece4371777/pico_async_context/async_context_poll.c.obj
 .text.async_context_poll_requires_update
                0x10011424       0x10 CMakeFiles/picow_access_point_poll.dir/c107034687c0993b5a865fece4371777/pico_async_context/async_context_poll.c.obj
 .text.async_context_poll_lock_check
                0x10011434       0x24 CMakeFiles/picow_access_point_poll.dir/c107034687c0993b5a865fece4371777/pico_async_context/async_context_poll.c.obj
 .text.async_context_poll_init_with_defaults
                0x10011458       0x30 CMakeFiles/picow_access_point_poll.dir/c107034687c0993b5a865fece4371777/pico_async_context/async_context_poll.c.obj
                0x10011458                async_context_poll_init_with_defaults
 .text.uart_init
                0x10011488      0x120 CMakeFiles/picow_access_point_poll.dir/68facaa553a6734d13687344bae9af44/rp2_common/hardware_uart/uart.c.obj
                0x10011488                uart_init
 .text.first_per_core_initializer
                0x100115a8        0x4 CMakeFiles/picow_access_point_poll.dir/68facaa553a6734d13687344bae9af44/rp2_common/pico_runtime/runtime.c.obj
 .text.hard_assertion_failure
                0x100115ac        0xc CMakeFiles/picow_access_point_poll.dir/68facaa553a6734d13687344bae9af44/rp2_common/pico_runtime/runtime.c.obj
                0x100115ac                hard_assertion_failure
 .text.runtime_run_initializers
                0x100115b8       0x28 CMakeFiles/picow_access_point_poll.dir/68facaa553a6734d13687344bae9af44/rp2_common/pico_runtime/runtime.c.obj
                0x100115b8                runtime_run_initializers
 .text.runtime_init_early_resets
                0x100115e0       0x2c CMakeFiles/picow_access_point_poll.dir/c107034687c0993b5a865fece4371777/pico_runtime_init/runtime_init.c.obj
                0x100115e0                runtime_init_early_resets
 .text.runtime_init_usb_power_down
                0x1001160c       0x1c CMakeFiles/picow_access_point_poll.dir/c107034687c0993b5a865fece4371777/pico_runtime_init/runtime_init.c.obj
                0x1001160c                runtime_init_usb_power_down
 .text.runtime_init_post_clock_resets
                0x10011628       0x20 CMakeFiles/picow_access_point_poll.dir/c107034687c0993b5a865fece4371777/pico_runtime_init/runtime_init.c.obj
                0x10011628                runtime_init_post_clock_resets
 .text.runtime_init_rp2040_gpio_ie_disable
                0x10011648       0x14 CMakeFiles/picow_access_point_poll.dir/c107034687c0993b5a865fece4371777/pico_runtime_init/runtime_init.c.obj
                0x10011648                runtime_init_rp2040_gpio_ie_disable
 .text.runtime_init_spin_locks_reset
                0x1001165c        0x8 CMakeFiles/picow_access_point_poll.dir/c107034687c0993b5a865fece4371777/pico_runtime_init/runtime_init.c.obj
                0x1001165c                runtime_init_spin_locks_reset
 .text.runtime_init_install_ram_vector_table
                0x10011664       0x1c CMakeFiles/picow_access_point_poll.dir/c107034687c0993b5a865fece4371777/pico_runtime_init/runtime_init.c.obj
                0x10011664                runtime_init_install_ram_vector_table
 .text.runtime_init_clocks
                0x10011680       0xd8 CMakeFiles/picow_access_point_poll.dir/e252db77ab38118290f2437bfecf6f74/runtime_init_clocks.c.obj
                0x10011680                runtime_init_clocks
 .text          0x10011758       0x10 CMakeFiles/picow_access_point_poll.dir/c107034687c0993b5a865fece4371777/pico_bit_ops/bit_ops_aeabi.S.obj
 .text.ctzsi    0x10011768        0xc CMakeFiles/picow_access_point_poll.dir/c107034687c0993b5a865fece4371777/pico_bit_ops/bit_ops_aeabi.S.obj
                0x10011768                __wrap___ctzsi2
 .text.__wrap___aeabi_idiv
                0x10011774       0x50 CMakeFiles/picow_access_point_poll.dir/c107034687c0993b5a865fece4371777/pico_divider/divider_hardware.S.obj
                0x10011774                __wrap___aeabi_idivmod
                0x10011774                divmod_s32s32
                0x10011774                div_s32s32
                0x10011774                __wrap___aeabi_idiv
                0x1001177c                divmod_s32s32_unsafe
                0x100117a8                divmod_s32s32_savestate
 .text.__wrap___aeabi_uidiv
                0x100117c4       0x4c CMakeFiles/picow_access_point_poll.dir/c107034687c0993b5a865fece4371777/pico_divider/divider_hardware.S.obj
                0x100117c4                __wrap___aeabi_uidiv
                0x100117c4                __wrap___aeabi_uidivmod
                0x100117c4                div_u32u32
                0x100117c4                divmod_u32u32
                0x100117cc                divmod_u32u32_unsafe
                0x100117f4                divmod_u32u32_savestate
 .text.__wrap___aeabi_ldiv
                0x10011810      0x424 CMakeFiles/picow_access_point_poll.dir/c107034687c0993b5a865fece4371777/pico_divider/divider_hardware.S.obj
                0x10011810                div_s64s64
                0x10011810                divmod_s64s64
                0x10011810                __wrap___aeabi_ldivmod
                0x10011840                divmod_u64u64
                0x10011840                div_u64u64
                0x10011840                __wrap___aeabi_uldivmod
                0x10011850                divmod_u64u64_savestate
                0x10011870                divmod_s64s64_unsafe
                0x100118f8                divmod_u64u64_unsafe
 .text.__wrap___aeabi_darithmetic
                0x10011c34       0x60 CMakeFiles/picow_access_point_poll.dir/c107034687c0993b5a865fece4371777/pico_double/double_aeabi_rp2040.S.obj
                0x10011c34                __wrap___aeabi_drsub
                0x10011c3a                __wrap___aeabi_dsub
                0x10011c44                __wrap___aeabi_dadd
                0x10011c4e                __wrap___aeabi_ddiv
                0x10011c82                __wrap___aeabi_dmul
 .text.__wrap___aeabi_cdcmple
                0x10011c94       0x6c CMakeFiles/picow_access_point_poll.dir/c107034687c0993b5a865fece4371777/pico_double/double_aeabi_rp2040.S.obj
                0x10011c94                __wrap___aeabi_cdrcmple
                0x10011ca4                __wrap___aeabi_cdcmpeq
                0x10011ca4                __wrap___aeabi_cdcmple
 .text.__wrap___aeabi_dcmpeq
                0x10011d00       0x10 CMakeFiles/picow_access_point_poll.dir/c107034687c0993b5a865fece4371777/pico_double/double_aeabi_rp2040.S.obj
                0x10011d00                __wrap___aeabi_dcmpeq
 .text.__wrap___aeabi_dcmplt
                0x10011d10        0xc CMakeFiles/picow_access_point_poll.dir/c107034687c0993b5a865fece4371777/pico_double/double_aeabi_rp2040.S.obj
                0x10011d10                __wrap___aeabi_dcmplt
 .text.__wrap___aeabi_dcmple
                0x10011d1c       0x10 CMakeFiles/picow_access_point_poll.dir/c107034687c0993b5a865fece4371777/pico_double/double_aeabi_rp2040.S.obj
                0x10011d1c                __wrap___aeabi_dcmple
 .text.__wrap___aeabi_dcmpge
                0x10011d2c       0x10 CMakeFiles/picow_access_point_poll.dir/c107034687c0993b5a865fece4371777/pico_double/double_aeabi_rp2040.S.obj
                0x10011d2c                __wrap___aeabi_dcmpge
 .text.__wrap___aeabi_dcmpgt
                0x10011d3c        0xa CMakeFiles/picow_access_point_poll.dir/c107034687c0993b5a865fece4371777/pico_double/double_aeabi_rp2040.S.obj
                0x10011d3c                __wrap___aeabi_dcmpgt
 .text.__wrap___aeabi_dcmpun
                0x10011d46       0x18 CMakeFiles/picow_access_point_poll.dir/c107034687c0993b5a865fece4371777/pico_double/double_aeabi_rp2040.S.obj
                0x10011d46                __wrap___aeabi_dcmpun
 *fill*         0x10011d5e        0x2 
 .text.__wrap___aeabi_i2d
                0x10011d60       0x38 CMakeFiles/picow_access_point_poll.dir/c107034687c0993b5a865fece4371777/pico_double/double_aeabi_rp2040.S.obj
                0x10011d60                uint2double
                0x10011d60                __wrap___aeabi_ui2d
                0x10011d68                int2double
                0x10011d68                __wrap___aeabi_i2d
 .text.__wrap___aeabi_d2iz
                0x10011d98       0x48 CMakeFiles/picow_access_point_poll.dir/c107034687c0993b5a865fece4371777/pico_double/double_aeabi_rp2040.S.obj
                0x10011d98                double2int_z
                0x10011d98                __wrap___aeabi_d2iz
 .text.__wrap___aeabi_d2uiz
                0x10011de0       0x10 CMakeFiles/picow_access_point_poll.dir/c107034687c0993b5a865fece4371777/pico_double/double_aeabi_rp2040.S.obj
                0x10011de0                double2uint
                0x10011de0                __wrap___aeabi_d2uiz
                0x10011de0                double2uint_z
 .text.__wrap___aeabi_l2d
                0x10011df0       0x10 CMakeFiles/picow_access_point_poll.dir/c107034687c0993b5a865fece4371777/pico_double/double_aeabi_rp2040.S.obj
                0x10011df0                int642double
                0x10011df0                __wrap___aeabi_l2d
 .text.__wrap___aeabi_d2lz
                0x10011e00       0x26 CMakeFiles/picow_access_point_poll.dir/c107034687c0993b5a865fece4371777/pico_double/double_aeabi_rp2040.S.obj
                0x10011e00                double2int64_z
                0x10011e00                __wrap___aeabi_d2lz
 *fill*         0x10011e26        0x2 
 .text.double2int64
                0x10011e28       0x10 CMakeFiles/picow_access_point_poll.dir/c107034687c0993b5a865fece4371777/pico_double/double_aeabi_rp2040.S.obj
                0x10011e28                double2int64
 .text.double2ufix64
                0x10011e38       0x10 CMakeFiles/picow_access_point_poll.dir/c107034687c0993b5a865fece4371777/pico_double/double_aeabi_rp2040.S.obj
                0x10011e38                double2ufix64_z
                0x10011e38                double2ufix64
 .text.__wrap___aeabi_d2f
                0x10011e48       0x10 CMakeFiles/picow_access_point_poll.dir/c107034687c0993b5a865fece4371777/pico_double/double_aeabi_rp2040.S.obj
                0x10011e48                __wrap___aeabi_d2f
 .text.missing_double_func_shim
                0x10011e58        0xc CMakeFiles/picow_access_point_poll.dir/fdfd8b12d158018f9ed7de8c6f0e037f/double_init_rom_rp2040.c.obj
 .text.__aeabi_double_init
                0x10011e64       0xa0 CMakeFiles/picow_access_point_poll.dir/fdfd8b12d158018f9ed7de8c6f0e037f/double_init_rom_rp2040.c.obj
                0x10011e64                __aeabi_double_init
 .text.double_table_shim_on_use_helper
                0x10011f04       0x2c CMakeFiles/picow_access_point_poll.dir/fdfd8b12d158018f9ed7de8c6f0e037f/double_v1_rom_shim_rp2040.S.obj
                0x10011f04                double_table_shim_on_use_helper
 .text.__aeabi_lmul
                0x10011f30       0x32 CMakeFiles/picow_access_point_poll.dir/7fa503a6fb483deea2e42a0e15a7838f/pico_int64_ops_aeabi.S.obj
                0x10011f30                __wrap___aeabi_lmul
 *fill*         0x10011f62        0x2 
 .text.missing_float_func_shim
                0x10011f64        0xc CMakeFiles/picow_access_point_poll.dir/be899572fcf3ac9c0977d7a1cee7e57c/float_init_rom_rp2040.c.obj
 .text.__aeabi_float_init
                0x10011f70       0x5c CMakeFiles/picow_access_point_poll.dir/be899572fcf3ac9c0977d7a1cee7e57c/float_init_rom_rp2040.c.obj
                0x10011f70                __aeabi_float_init
 .text.__wrap_malloc
                0x10011fcc       0x24 CMakeFiles/picow_access_point_poll.dir/68facaa553a6734d13687344bae9af44/rp2_common/pico_malloc/malloc.c.obj
                0x10011fcc                __wrap_malloc
 .text.__wrap_calloc
                0x10011ff0       0x28 CMakeFiles/picow_access_point_poll.dir/68facaa553a6734d13687344bae9af44/rp2_common/pico_malloc/malloc.c.obj
                0x10011ff0                __wrap_calloc
 .text.__wrap_realloc
                0x10012018       0x24 CMakeFiles/picow_access_point_poll.dir/68facaa553a6734d13687344bae9af44/rp2_common/pico_malloc/malloc.c.obj
                0x10012018                __wrap_realloc
 .text.__wrap_free
                0x1001203c        0x8 CMakeFiles/picow_access_point_poll.dir/68facaa553a6734d13687344bae9af44/rp2_common/pico_malloc/malloc.c.obj
                0x1001203c                __wrap_free
 .text          0x10012044       0x10 CMakeFiles/picow_access_point_poll.dir/c107034687c0993b5a865fece4371777/pico_mem_ops/mem_ops_aeabi.S.obj
                0x10012044                __aeabi_mem_init
 .text.memset   0x10012054        0xc CMakeFiles/picow_access_point_poll.dir/c107034687c0993b5a865fece4371777/pico_mem_ops/mem_ops_aeabi.S.obj
                0x10012054                __wrap_memset
 .text.memcpy   0x10012060        0xc CMakeFiles/picow_access_point_poll.dir/c107034687c0993b5a865fece4371777/pico_mem_ops/mem_ops_aeabi.S.obj
                0x10012060                __wrap_memcpy
                0x10012060                __wrap___aeabi_memcpy
 .text._out_buffer
                0x1001206c        0x8 CMakeFiles/picow_access_point_poll.dir/68facaa553a6734d13687344bae9af44/rp2_common/pico_printf/printf.c.obj
 .text._out_null
                0x10012074        0x4 CMakeFiles/picow_access_point_poll.dir/68facaa553a6734d13687344bae9af44/rp2_common/pico_printf/printf.c.obj
 .text._out_rev
                0x10012078       0xac CMakeFiles/picow_access_point_poll.dir/68facaa553a6734d13687344bae9af44/rp2_common/pico_printf/printf.c.obj
 .text._ntoa_format
                0x10012124      0x1cc CMakeFiles/picow_access_point_poll.dir/68facaa553a6734d13687344bae9af44/rp2_common/pico_printf/printf.c.obj
 .text._out_char
                0x100122f0       0x10 CMakeFiles/picow_access_point_poll.dir/68facaa553a6734d13687344bae9af44/rp2_common/pico_printf/printf.c.obj
 .text._out_fct
                0x10012300       0x10 CMakeFiles/picow_access_point_poll.dir/68facaa553a6734d13687344bae9af44/rp2_common/pico_printf/printf.c.obj
 .text._ftoa    0x10012310      0x4a8 CMakeFiles/picow_access_point_poll.dir/68facaa553a6734d13687344bae9af44/rp2_common/pico_printf/printf.c.obj
 .text._etoa    0x100127b8      0x57c CMakeFiles/picow_access_point_poll.dir/68facaa553a6734d13687344bae9af44/rp2_common/pico_printf/printf.c.obj
 .text._vsnprintf
                0x10012d34      0xbe0 CMakeFiles/picow_access_point_poll.dir/68facaa553a6734d13687344bae9af44/rp2_common/pico_printf/printf.c.obj
 .text.__wrap_sprintf
                0x10013914       0x2c CMakeFiles/picow_access_point_poll.dir/68facaa553a6734d13687344bae9af44/rp2_common/pico_printf/printf.c.obj
                0x10013914                __wrap_sprintf
 .text.__wrap_snprintf
                0x10013940       0x28 CMakeFiles/picow_access_point_poll.dir/68facaa553a6734d13687344bae9af44/rp2_common/pico_printf/printf.c.obj
                0x10013940                __wrap_snprintf
 .text.vfctprintf
                0x10013968       0x24 CMakeFiles/picow_access_point_poll.dir/68facaa553a6734d13687344bae9af44/rp2_common/pico_printf/printf.c.obj
                0x10013968                vfctprintf
 .text.weak_raw_printf
                0x1001398c       0x40 CMakeFiles/picow_access_point_poll.dir/68facaa553a6734d13687344bae9af44/rp2_common/pico_printf/printf.c.obj
                0x1001398c                weak_raw_printf
 .text.weak_raw_vprintf
                0x100139cc       0x30 CMakeFiles/picow_access_point_poll.dir/68facaa553a6734d13687344bae9af44/rp2_common/pico_printf/printf.c.obj
                0x100139cc                weak_raw_vprintf
 .text._exit    0x100139fc        0x4 CMakeFiles/picow_access_point_poll.dir/2f7f93335db3e130da8a45c859b992b4/newlib_interface.c.obj
                0x100139fc                _exit
 .text._sbrk    0x10013a00       0x34 CMakeFiles/picow_access_point_poll.dir/2f7f93335db3e130da8a45c859b992b4/newlib_interface.c.obj
                0x10013a00                _sbrk
 .text.exit     0x10013a34        0x8 CMakeFiles/picow_access_point_poll.dir/2f7f93335db3e130da8a45c859b992b4/newlib_interface.c.obj
                0x10013a34                exit
 .text.__assert_func
                0x10013a3c       0x38 CMakeFiles/picow_access_point_poll.dir/2f7f93335db3e130da8a45c859b992b4/newlib_interface.c.obj
                0x10013a3c                __assert_func